Component: ARM Compiler 5.06 update 4 (build 422) Tool: armlink [4d35d2]

==============================================================================

Section Cross References

    main.o(.text) refers to delay.o(.text) for delay_init
    main.o(.text) refers to sys.o(.text) for NVIC_Configuration
    main.o(.text) refers to usart.o(.text) for uart1_init
    main.o(.text) refers to timer.o(.text) for tim3_init
    main.o(.text) refers to malloc.o(.text) for mem_init
    main.o(.text) refers to hall.o(.text) for key_init
    main.o(.text) refers to beep.o(.text) for beep_init
    main.o(.text) refers to nv020c.o(.text) for nv020c_init
    main.o(.text) refers to icm42688.o(.text) for bsp_Icm42688Init
    main.o(.text) refers to ec01g.o(.text) for ec01g_init
    main.o(.text) refers to flag.o(.text) for flag_init
    main.o(.text) refers to oled.o(.text) for oled_init
    main.o(.text) refers to hcsr04.o(.text) for hcsr04_init
    main.o(.text) refers to gps.o(.text) for gps_handle
    main.o(.text) refers to oleddispaly.o(.text) for oled_handle
    main.o(.text) refers to timer.o(.data) for flag_1ms
    system_stm32f10x.o(.text) refers to system_stm32f10x.o(.data) for SystemCoreClock
    led.o(.text) refers to stm32f10x_rcc.o(.text) for RCC_APB2PeriphClockCmd
    led.o(.text) refers to stm32f10x_gpio.o(.text) for GPIO_PinRemapConfig
    led.o(.text) refers to flag.o(.text) for flag_get
    led.o(.text) refers to flag.o(.data) for sys_flag
    timer.o(.text) refers to stm32f10x_rcc.o(.text) for RCC_APB1PeriphClockCmd
    timer.o(.text) refers to stm32f10x_tim.o(.text) for TIM_TimeBaseInit
    timer.o(.text) refers to misc.o(.text) for NVIC_Init
    timer.o(.text) refers to timer.o(.data) for flag_1ms
    stmflash.o(.text) refers to stm32f10x_flash.o(.text) for FLASH_ProgramHalfWord
    stmflash.o(.text) refers to stmflash.o(.bss) for STMFLASH_BUF
    beep.o(.text) refers to stm32f10x_rcc.o(.text) for RCC_APB2PeriphClockCmd
    beep.o(.text) refers to stm32f10x_gpio.o(.text) for GPIO_PinRemapConfig
    adc.o(.text) refers to stm32f10x_rcc.o(.text) for RCC_APB2PeriphClockCmd
    adc.o(.text) refers to stm32f10x_gpio.o(.text) for GPIO_Init
    adc.o(.text) refers to stm32f10x_adc.o(.text) for ADC_DeInit
    adc.o(.text) refers to delay.o(.text) for delay_us
    adc.o(.text) refers to faddsub_clz.o(x$fpl$fadd) for __aeabi_fadd
    adc.o(.text) refers to fdiv.o(x$fpl$fdiv) for __aeabi_fdiv
    adc.o(.text) refers to faddsub_clz.o(x$fpl$fsub) for __aeabi_fsub
    adc.o(.text) refers to fflt_clz.o(x$fpl$fflt) for __aeabi_i2f
    adc.o(.text) refers to fmul.o(x$fpl$fmul) for __aeabi_fmul
    adc.o(.text) refers to flag.o(.text) for flag_set
    adc.o(.text) refers to adc.o(.data) for ldr_value
    adc.o(.text) refers to flag.o(.data) for sys_flag
    hcsr04.o(.text) refers to stm32f10x_rcc.o(.text) for RCC_APB2PeriphClockCmd
    hcsr04.o(.text) refers to stm32f10x_gpio.o(.text) for GPIO_PinRemapConfig
    hcsr04.o(.text) refers to stm32f10x_exti.o(.text) for EXTI_Init
    hcsr04.o(.text) refers to misc.o(.text) for NVIC_PriorityGroupConfig
    hcsr04.o(.text) refers to stm32f10x_tim.o(.text) for TIM_TimeBaseInit
    hcsr04.o(.text) refers to stm32f10x_usart.o(.text) for USART_ITConfig
    hcsr04.o(.text) refers to delay.o(.text) for delay_us
    hcsr04.o(.text) refers to dflt_clz.o(x$fpl$dfltu) for __aeabi_ui2d
    hcsr04.o(.text) refers to ddiv.o(x$fpl$ddiv) for __aeabi_ddiv
    hcsr04.o(.text) refers to daddsub_clz.o(x$fpl$dadd) for __aeabi_dadd
    hcsr04.o(.text) refers to dfixu.o(x$fpl$dfixu) for __aeabi_d2uiz
    hcsr04.o(.text) refers to hcsr04.o(.data) for number
    hall.o(.text) refers to stm32f10x_rcc.o(.text) for RCC_APB2PeriphClockCmd
    hall.o(.text) refers to stm32f10x_gpio.o(.text) for GPIO_PinRemapConfig
    hall.o(.text) refers to timer.o(.text) for get_tick_count
    hall.o(.text) refers to nv020c.o(.text) for nv020c_play_sound
    hall.o(.text) refers to hall.o(.data) for initialized
    hall.o(.text) refers to timer.o(.data) for flag_5s
    nv020c.o(.text) refers to stm32f10x_rcc.o(.text) for RCC_APB2PeriphClockCmd
    nv020c.o(.text) refers to stm32f10x_gpio.o(.text) for GPIO_PinRemapConfig
    nv020c.o(.text) refers to delay.o(.text) for delay_ms
    angle.o(.text) refers to fmul.o(x$fpl$fmul) for __aeabi_fmul
    angle.o(.text) refers to faddsub_clz.o(x$fpl$frsb) for __aeabi_frsub
    angle.o(.text) refers to faddsub_clz.o(x$fpl$fadd) for __aeabi_fadd
    angle.o(.text) refers to fdiv.o(x$fpl$fdiv) for __aeabi_fdiv
    angle.o(.text) refers to faddsub_clz.o(x$fpl$fsub) for __aeabi_fsub
    angle.o(.text) refers to feqf.o(x$fpl$feqf) for __aeabi_cfcmpeq
    angle.o(.text) refers to f2d.o(x$fpl$f2d) for __aeabi_f2d
    angle.o(.text) refers to sqrt.o(i.sqrt) for sqrt
    angle.o(.text) refers to d2f.o(x$fpl$d2f) for __aeabi_d2f
    angle.o(.text) refers to angle.o(.data) for q0
    angle.o(.text) refers to asin.o(i.asin) for asin
[...]
    usart_receive_string                     0x0800210d   Thumb Code    96  ec01g.o(.text)
    ec01g_handle                             0x0800216d   Thumb Code   226  ec01g.o(.text)
    USART2_IRQHandler                        0x0800224f   Thumb Code   212  ec01g.o(.text)
    nb_data_send                             0x08002323   Thumb Code   528  ec01g.o(.text)
    iic_start                                0x0800253d   Thumb Code    36  oled.o(.text)
    iic_stop                                 0x08002561   Thumb Code    28  oled.o(.text)
    iic_wait_ack                             0x0800257d   Thumb Code    20  oled.o(.text)
    iic_write_byte                           0x08002591   Thumb Code    80  oled.o(.text)
    iic_write_cmd                            0x080025e1   Thumb Code    44  oled.o(.text)
    iic_write_data                           0x0800260d   Thumb Code    44  oled.o(.text)
    oled_wr_byte                             0x08002639   Thumb Code    24  oled.o(.text)
    fill_picture                             0x08002651   Thumb Code    64  oled.o(.text)
    oled_set_pos                             0x08002691   Thumb Code    40  oled.o(.text)
    oled_display_on                          0x080026b9   Thumb Code    28  oled.o(.text)
    oled_display_off                         0x080026d5   Thumb Code    28  oled.o(.text)
    oled_clear                               0x080026f1   Thumb Code    62  oled.o(.text)
    oled_clear_blue                          0x0800272f   Thumb Code    62  oled.o(.text)
    oled_clear_line                          0x0800276d   Thumb Code    52  oled.o(.text)
    oled_on                                  0x080027a1   Thumb Code    62  oled.o(.text)
    oled_show_char                           0x080027df   Thumb Code   154  oled.o(.text)
    inverse_oled_show_char                   0x08002879   Thumb Code   160  oled.o(.text)
    oled_pow                                 0x08002919   Thumb Code    34  oled.o(.text)
    oled_show_num                            0x0800293b   Thumb Code   122  oled.o(.text)
    inverse_oled_show_num                    0x080029b5   Thumb Code   122  oled.o(.text)
    oled_show_string                         0x08002a2f   Thumb Code    58  oled.o(.text)
    inverse_oled_show_string                 0x08002a69   Thumb Code    58  oled.o(.text)
    oled_show_chinese                        0x08002aa3   Thumb Code    88  oled.o(.text)
    oled_show_chinese_7x7                    0x08002afb   Thumb Code    86  oled.o(.text)
    oled_show_chinese_string                 0x08002b51   Thumb Code    40  oled.o(.text)
    oled_draw_bmp                            0x08002b79   Thumb Code   118  oled.o(.text)
    oled_init                                0x08002bef   Thumb Code   326  oled.o(.text)
    display_distance                         0x08002d41   Thumb Code   196  oleddispaly.o(.text)
    display_angle                            0x08002e05   Thumb Code   182  oleddispaly.o(.text)
    oled_handle                              0x08002ebb   Thumb Code    66  oleddispaly.o(.text)
    my_memset                                0x08002f4d   Thumb Code    20  gps.o(.text)
    gps_send_char                            0x08002f61   Thumb Code    22  gps.o(.text)
    Int_To_Str                               0x08003255   Thumb Code    88  gps.o(.text)
    parse_gps_data                           0x080032ad   Thumb Code   490  gps.o(.text)
    gps_handle                               0x08003497   Thumb Code   200  gps.o(.text)
    delay_init                               0x080035d1   Thumb Code    50  delay.o(.text)
    delay_us                                 0x08003603   Thumb Code    72  delay.o(.text)
    delay_ms                                 0x0800364b   Thumb Code    72  delay.o(.text)
    NVIC_Configuration                       0x080036a5   Thumb Code    12  sys.o(.text)
    _sys_exit                                0x080036b1   Thumb Code     4  usart.o(.text)
    fputc                                    0x080036b5   Thumb Code    24  usart.o(.text)
    uart1_init                               0x080036cd   Thumb Code   136  usart.o(.text)
    UART_PutChar                             0x08003755   Thumb Code    30  usart.o(.text)
    UART_PutStr                              0x08003773   Thumb Code    26  usart.o(.text)
    UART_PutStrLen                           0x0800378d   Thumb Code    36  usart.o(.text)
    USART1_IRQHandler                        0x080037b1   Thumb Code    54  usart.o(.text)
    flag_init                                0x080037f9   Thumb Code    12  flag.o(.text)
    flag_set                                 0x08003805   Thumb Code     8  flag.o(.text)
    flag_clr                                 0x0800380d   Thumb Code     8  flag.o(.text)
    flag_get                                 0x08003815   Thumb Code    18  flag.o(.text)
    Reset_Handler                            0x08003831   Thumb Code     8  startup_stm32f10x_hd.o(.text)
    ADC1_2_IRQHandler                        0x0800384b   Thumb Code     0  startup_stm32f10x_hd.o(.text)
    ADC3_IRQHandler                          0x0800384b   Thumb Code     0  startup_stm32f10x_hd.o(.text)
    CAN1_RX1_IRQHandler                      0x0800384b   Thumb Code     0  startup_stm32f10x_hd.o(.text)
    CAN1_SCE_IRQHandler                      0x0800384b   Thumb Code     0  startup_stm32f10x_hd.o(.text)
    DMA1_Channel1_IRQHandler                 0x0800384b   Thumb Code     0  startup_stm32f10x_hd.o(.text)
    DMA1_Channel2_IRQHandler                 0x0800384b   Thumb Code     0  startup_stm32f10x_hd.o(.text)
    DMA1_Channel3_IRQHandler                 0x0800384b   Thumb Code     0  startup_stm32f10x_hd.o(.text)
    DMA1_Channel4_IRQHandler                 0x0800384b   Thumb Code     0  startup_stm32f10x_hd.o(.text)
    DMA1_Channel5_IRQHandler                 0x0800384b   Thumb Code     0  startup_stm32f10x_hd.o(.text)
    DMA1_Channel6_IRQHandler                 0x0800384b   Thumb Code     0  startup_stm32f10x_hd.o(.text)
    DMA1_Channel7_IRQHandler                 0x0800384b   Thumb Code     0  startup_stm32f10x_hd.o(.text)
    DMA2_Channel1_IRQHandler                 0x0800384b   Thumb Code     0  startup_stm32f10x_hd.o(.text)
    DMA2_Channel2_IRQHandler                 0x0800384b   Thumb Code     0  startup_stm32f10x_hd.o(.text)
    DMA2_Channel3_IRQHandler                 0x0800384b   Thumb Code     0  startup_stm32f10x_hd.o(.text)
    DMA2_Channel4_5_IRQHandler               0x0800384b   Thumb Code     0  startup_stm32f10x_hd.o(.text)
    EXTI0_IRQHandler                         0x0800384b   Thumb Code     0  startup_stm32f10x_hd.o(.text)
    EXTI15_10_IRQHandler                     0x0800384b   Thumb Code     0  startup_stm32f10x_hd.o(.text)
    EXTI1_IRQHandler                         0x0800384b   Thumb Code     0  startup_stm32f10x_hd.o(.text)
    EXTI2_IRQHandler                         0x0800384b   Thumb Code     0  startup_stm32f10x_hd.o(.text)
    EXTI3_IRQHandler                         0x0800384b   Thumb Code     0  startup_stm32f10x_hd.o(.text)
    EXTI9_5_IRQHandler                       0x0800384b   Thumb Code     0  startup_stm32f10x_hd.o(.text)
    FLASH_IRQHandler                         0x0800384b   Thumb Code     0  startup_stm32f10x_hd.o(.text)
    FSMC_IRQHandler                          0x0800384b   Thumb Code     0  startup_stm32f10x_hd.o(.text)
    I2C1_ER_IRQHandler                       0x0800384b   Thumb Code     0  startup_stm32f10x_hd.o(.text)
    I2C1_EV_IRQHandler                       0x0800384b   Thumb Code     0  startup_stm32f10x_hd.o(.text)
    I2C2_ER_IRQHandler                       0x0800384b   Thumb Code     0  startup_stm32f10x_hd.o(.text)
    I2C2_EV_IRQHandler                       0x0800384b   Thumb Code     0  startup_stm32f10x_hd.o(.text)
    PVD_IRQHandler                           0x0800384b   Thumb Code     0  startup_stm32f10x_hd.o(.text)
    RCC_IRQHandler                           0x0800384b   Thumb Code     0  startup_stm32f10x_hd.o(.text)
    RTCAlarm_IRQHandler                      0x0800384b   Thumb Code     0  startup_stm32f10x_hd.o(.text)
    RTC_IRQHandler                           0x0800384b   Thumb Code     0  startup_stm32f10x_hd.o(.text)
    SDIO_IRQHandler                          0x0800384b   Thumb Code     0  startup_stm32f10x_hd.o(.text)
    SPI1_IRQHandler                          0x0800384b   Thumb Code     0  startup_stm32f10x_hd.o(.text)
    SPI2_IRQHandler                          0x0800384b   Thumb Code     0  startup_stm32f10x_hd.o(.text)
    SPI3_IRQHandler                          0x0800384b   Thumb Code     0  startup_stm32f10x_hd.o(.text)
    TAMPER_IRQHandler                        0x0800384b   Thumb Code     0  startup_stm32f10x_hd.o(.text)
    TIM1_BRK_IRQHandler                      0x0800384b   Thumb Code     0  startup_stm32f10x_hd.o(.text)
    TIM1_CC_IRQHandler                       0x0800384b   Thumb Code     0  startup_stm32f10x_hd.o(.text)
    TIM1_TRG_COM_IRQHandler                  0x0800384b   Thumb Code     0  startup_stm32f10x_hd.o(.text)
    TIM1_UP_IRQHandler                       0x0800384b   Thumb Code     0  startup_stm32f10x_hd.o(.text)
    TIM4_IRQHandler                          0x0800384b   Thumb Code     0  startup_stm32f10x_hd.o(.text)
    TIM5_IRQHandler                          0x0800384b   Thumb Code     0  startup_stm32f10x_hd.o(.text)
    TIM6_IRQHandler                          0x0800384b   Thumb Code     0  startup_stm32f10x_hd.o(.text)
    TIM7_IRQHandler                          0x0800384b   Thumb Code     0  startup_stm32f10x_hd.o(.text)
    TIM8_BRK_IRQHandler                      0x0800384b   Thumb Code     0  startup_stm32f10x_hd.o(.text)
    TIM8_CC_IRQHandler                       0x0800384b   Thumb Code     0  startup_stm32f10x_hd.o(.text)
    TIM8_TRG_COM_IRQHandler                  0x0800384b   Thumb Code     0  startup_stm32f10x_hd.o(.text)
    TIM8_UP_IRQHandler                       0x0800384b   Thumb Code     0  startup_stm32f10x_hd.o(.text)
    UART4_IRQHandler                         0x0800384b   Thumb Code     0  startup_stm32f10x_hd.o(.text)
    UART5_IRQHandler                         0x0800384b   Thumb Code     0  startup_stm32f10x_hd.o(.text)
    USART3_IRQHandler                        0x0800384b   Thumb Code     0  startup_stm32f10x_hd.o(.text)
    USBWakeUp_IRQHandler                     0x0800384b   Thumb Code     0  startup_stm32f10x_hd.o(.text)
    USB_HP_CAN1_TX_IRQHandler                0x0800384b   Thumb Code     0  startup_stm32f10x_hd.o(.text)
    USB_LP_CAN1_RX0_IRQHandler               0x0800384b   Thumb Code     0  startup_stm32f10x_hd.o(.text)
    WWDG_IRQHandler                          0x0800384b   Thumb Code     0  startup_stm32f10x_hd.o(.text)
    __user_initial_stackheap                 0x0800384d   Thumb Code     0  startup_stm32f10x_hd.o(.text)
    NVIC_PriorityGroupConfig                 0x08003871   Thumb Code    10  misc.o(.text)
    NVIC_Init                                0x0800387b   Thumb Code   100  misc.o(.text)
    NVIC_SetVectorTable                      0x080038df   Thumb Code    14  misc.o(.text)
    NVIC_SystemLPConfig                      0x080038ed   Thumb Code    34  misc.o(.text)
    SysTick_CLKSourceConfig                  0x0800390f   Thumb Code    40  misc.o(.text)
    GPIO_DeInit                              0x0800394d   Thumb Code   172  stm32f10x_gpio.o(.text)
    GPIO_AFIODeInit                          0x080039f9   Thumb Code    20  stm32f10x_gpio.o(.text)
    GPIO_Init                                0x08003a0d   Thumb Code   278  stm32f10x_gpio.o(.text)
    GPIO_StructInit                          0x08003b23   Thumb Code    16  stm32f10x_gpio.o(.text)
    GPIO_ReadInputDataBit                    0x08003b33   Thumb Code    18  stm32f10x_gpio.o(.text)
    GPIO_ReadInputData                       0x08003b45   Thumb Code     8  stm32f10x_gpio.o(.text)
    GPIO_ReadOutputDataBit                   0x08003b4d   Thumb Code    18  stm32f10x_gpio.o(.text)
    GPIO_ReadOutputData                      0x08003b5f   Thumb Code     8  stm32f10x_gpio.o(.text)
    GPIO_SetBits                             0x08003b67   Thumb Code     4  stm32f10x_gpio.o(.text)
    GPIO_ResetBits                           0x08003b6b   Thumb Code     4  stm32f10x_gpio.o(.text)
    GPIO_WriteBit                            0x08003b6f   Thumb Code    10  stm32f10x_gpio.o(.text)
    GPIO_Write                               0x08003b79   Thumb Code     4  stm32f10x_gpio.o(.text)
    GPIO_PinLockConfig                       0x08003b7d   Thumb Code    18  stm32f10x_gpio.o(.text)
    GPIO_EventOutputConfig                   0x08003b8f   Thumb Code    26  stm32f10x_gpio.o(.text)
    GPIO_EventOutputCmd                      0x08003ba9   Thumb Code     6  stm32f10x_gpio.o(.text)
    GPIO_PinRemapConfig                      0x08003baf   Thumb Code   138  stm32f10x_gpio.o(.text)
    GPIO_EXTILineConfig                      0x08003c39   Thumb Code    66  stm32f10x_gpio.o(.text)
    GPIO_ETH_MediaInterfaceConfig            0x08003c7b   Thumb Code     8  stm32f10x_gpio.o(.text)
    RCC_DeInit                               0x08003ca9   Thumb Code    64  stm32f10x_rcc.o(.text)
    RCC_HSEConfig                            0x08003ce9   Thumb Code    70  stm32f10x_rcc.o(.text)
    RCC_GetFlagStatus                        0x08003d2f   Thumb Code    56  stm32f10x_rcc.o(.text)
    RCC_WaitForHSEStartUp                    0x08003d67   Thumb Code    56  stm32f10x_rcc.o(.text)
    RCC_AdjustHSICalibrationValue            0x08003d9f   Thumb Code    20  stm32f10x_rcc.o(.text)
    RCC_HSICmd                               0x08003db3   Thumb Code     6  stm32f10x_rcc.o(.text)
    RCC_PLLConfig                            0x08003db9   Thumb Code    24  stm32f10x_rcc.o(.text)
    RCC_PLLCmd                               0x08003dd1   Thumb Code     6  stm32f10x_rcc.o(.text)
    RCC_SYSCLKConfig                         0x08003dd7   Thumb Code    18  stm32f10x_rcc.o(.text)
    RCC_GetSYSCLKSource                      0x08003de9   Thumb Code    10  stm32f10x_rcc.o(.text)
    RCC_HCLKConfig                           0x08003df3   Thumb Code    18  stm32f10x_rcc.o(.text)
    RCC_PCLK1Config                          0x08003e05   Thumb Code    18  stm32f10x_rcc.o(.text)
    RCC_PCLK2Config                          0x08003e17   Thumb Code    20  stm32f10x_rcc.o(.text)
    RCC_ITConfig                             0x08003e2b   Thumb Code    26  stm32f10x_rcc.o(.text)
    RCC_USBCLKConfig                         0x08003e45   Thumb Code     8  stm32f10x_rcc.o(.text)
    RCC_ADCCLKConfig                         0x08003e4d   Thumb Code    18  stm32f10x_rcc.o(.text)
    RCC_LSEConfig                            0x08003e5f   Thumb Code    50  stm32f10x_rcc.o(.text)
    RCC_LSICmd                               0x08003e91   Thumb Code     6  stm32f10x_rcc.o(.text)
    RCC_RTCCLKConfig                         0x08003e97   Thumb Code    12  stm32f10x_rcc.o(.text)
    RCC_RTCCLKCmd                            0x08003ea3   Thumb Code     8  stm32f10x_rcc.o(.text)
    RCC_GetClocksFreq                        0x08003eab   Thumb Code   192  stm32f10x_rcc.o(.text)
    RCC_AHBPeriphClockCmd                    0x08003f6b   Thumb Code    26  stm32f10x_rcc.o(.text)
    RCC_APB2PeriphClockCmd                   0x08003f85   Thumb Code    26  stm32f10x_rcc.o(.text)
    RCC_APB1PeriphClockCmd                   0x08003f9f   Thumb Code    26  stm32f10x_rcc.o(.text)
    RCC_APB2PeriphResetCmd                   0x08003fb9   Thumb Code    26  stm32f10x_rcc.o(.text)
    RCC_APB1PeriphResetCmd                   0x08003fd3   Thumb Code    26  stm32f10x_rcc.o(.text)
    RCC_BackupResetCmd                       0x08003fed   Thumb Code     8  stm32f10x_rcc.o(.text)
    RCC_ClockSecuritySystemCmd               0x08003ff5   Thumb Code     6  stm32f10x_rcc.o(.text)
    RCC_MCOConfig                            0x08003ffb   Thumb Code     6  stm32f10x_rcc.o(.text)
    RCC_ClearFlag                            0x08004001   Thumb Code    14  stm32f10x_rcc.o(.text)
    RCC_GetITStatus                          0x0800400f   Thumb Code    20  stm32f10x_rcc.o(.text)
    RCC_ClearITPendingBit                    0x08004023   Thumb Code     6  stm32f10x_rcc.o(.text)
    USART_DeInit                             0x0800404d   Thumb Code   134  stm32f10x_usart.o(.text)
    USART_Init                               0x080040d3   Thumb Code   210  stm32f10x_usart.o(.text)
    USART_StructInit                         0x080041a5   Thumb Code    24  stm32f10x_usart.o(.text)
    USART_ClockInit                          0x080041bd   Thumb Code    34  stm32f10x_usart.o(.text)
    USART_ClockStructInit                    0x080041df   Thumb Code    12  stm32f10x_usart.o(.text)
    USART_Cmd                                0x080041eb   Thumb Code    24  stm32f10x_usart.o(.text)
    USART_ITConfig                           0x08004203   Thumb Code    74  stm32f10x_usart.o(.text)
    USART_DMACmd                             0x0800424d   Thumb Code    18  stm32f10x_usart.o(.text)
    USART_SetAddress                         0x0800425f   Thumb Code    18  stm32f10x_usart.o(.text)
    USART_WakeUpConfig                       0x08004271   Thumb Code    18  stm32f10x_usart.o(.text)
    USART_ReceiverWakeUpCmd                  0x08004283   Thumb Code    24  stm32f10x_usart.o(.text)
    USART_LINBreakDetectLengthConfig         0x0800429b   Thumb Code    18  stm32f10x_usart.o(.text)
    USART_LINCmd                             0x080042ad   Thumb Code    24  stm32f10x_usart.o(.text)
    USART_SendData                           0x080042c5   Thumb Code     8  stm32f10x_usart.o(.text)
    USART_ReceiveData                        0x080042cd   Thumb Code    10  stm32f10x_usart.o(.text)
    USART_SendBreak                          0x080042d7   Thumb Code    10  stm32f10x_usart.o(.text)
    USART_SetGuardTime                       0x080042e1   Thumb Code    16  stm32f10x_usart.o(.text)
    USART_SetPrescaler                       0x080042f1   Thumb Code    16  stm32f10x_usart.o(.text)
    USART_SmartCardCmd                       0x08004301   Thumb Code    24  stm32f10x_usart.o(.text)
    USART_SmartCardNACKCmd                   0x08004319   Thumb Code    24  stm32f10x_usart.o(.text)
    USART_HalfDuplexCmd                      0x08004331   Thumb Code    24  stm32f10x_usart.o(.text)
    USART_OverSampling8Cmd                   0x08004349   Thumb Code    22  stm32f10x_usart.o(.text)
    USART_OneBitMethodCmd                    0x0800435f   Thumb Code    24  stm32f10x_usart.o(.text)
    USART_IrDAConfig                         0x08004377   Thumb Code    18  stm32f10x_usart.o(.text)
    USART_IrDACmd                            0x08004389   Thumb Code    24  stm32f10x_usart.o(.text)
    USART_GetFlagStatus                      0x080043a1   Thumb Code    26  stm32f10x_usart.o(.text)
    USART_ClearFlag                          0x080043bb   Thumb Code    18  stm32f10x_usart.o(.text)
    USART_GetITStatus                        0x080043cd   Thumb Code    84  stm32f10x_usart.o(.text)
    USART_ClearITPendingBit                  0x08004421   Thumb Code    52  stm32f10x_usart.o(.text)
    TIM_DeInit                               0x08004455   Thumb Code   424  stm32f10x_tim.o(.text)
    TIM_TimeBaseInit                         0x080045fd   Thumb Code   122  stm32f10x_tim.o(.text)
    TIM_OC1Init                              0x08004677   Thumb Code   132  stm32f10x_tim.o(.text)
    TIM_OC2Init                              0x080046fb   Thumb Code   154  stm32f10x_tim.o(.text)
    TIM_OC3Init                              0x08004795   Thumb Code   150  stm32f10x_tim.o(.text)
    TIM_OC4Init                              0x0800482b   Thumb Code   182  stm32f10x_tim.o(.text)
    TIM_SetIC4Prescaler                      0x080048e1   Thumb Code    26  stm32f10x_tim.o(.text)
    TIM_SetIC3Prescaler                      0x0800497d   Thumb Code    18  stm32f10x_tim.o(.text)
    TIM_SetIC2Prescaler                      0x08004a09   Thumb Code    26  stm32f10x_tim.o(.text)
    TIM_SetIC1Prescaler                      0x08004aa5   Thumb Code    18  stm32f10x_tim.o(.text)
    TIM_ICInit                               0x08004b23   Thumb Code   150  stm32f10x_tim.o(.text)
    TIM_PWMIConfig                           0x08004bb9   Thumb Code   124  stm32f10x_tim.o(.text)
    TIM_BDTRConfig                           0x08004c35   Thumb Code    32  stm32f10x_tim.o(.text)
    TIM_TimeBaseStructInit                   0x08004c55   Thumb Code    18  stm32f10x_tim.o(.text)
    TIM_OCStructInit                         0x08004c67   Thumb Code    20  stm32f10x_tim.o(.text)
    TIM_ICStructInit                         0x08004c7b   Thumb Code    18  stm32f10x_tim.o(.text)
    TIM_BDTRStructInit                       0x08004c8d   Thumb Code    40  stm32f10x_tim.o(.text)
    TIM_Cmd                                  0x08004cb5   Thumb Code    24  stm32f10x_tim.o(.text)
    TIM_CtrlPWMOutputs                       0x08004ccd   Thumb Code    30  stm32f10x_tim.o(.text)
    TIM_ITConfig                             0x08004ceb   Thumb Code    18  stm32f10x_tim.o(.text)
    TIM_GenerateEvent                        0x08004cfd   Thumb Code     4  stm32f10x_tim.o(.text)
    TIM_DMAConfig                            0x08004d01   Thumb Code    10  stm32f10x_tim.o(.text)
    TIM_DMACmd                               0x08004d0b   Thumb Code    18  stm32f10x_tim.o(.text)
    TIM_InternalClockConfig                  0x08004d1d   Thumb Code    12  stm32f10x_tim.o(.text)
    TIM_SelectInputTrigger                   0x08004d29   Thumb Code    18  stm32f10x_tim.o(.text)
    TIM_ITRxExternalClockConfig              0x08004d3b   Thumb Code    24  stm32f10x_tim.o(.text)
    TIM_TIxExternalClockConfig               0x08004d53   Thumb Code    62  stm32f10x_tim.o(.text)
    TIM_ETRConfig                            0x08004d91   Thumb Code    28  stm32f10x_tim.o(.text)
    TIM_ETRClockMode1Config                  0x08004dad   Thumb Code    54  stm32f10x_tim.o(.text)
    TIM_ETRClockMode2Config                  0x08004de3   Thumb Code    32  stm32f10x_tim.o(.text)
    TIM_PrescalerConfig                      0x08004e03   Thumb Code     6  stm32f10x_tim.o(.text)
    TIM_CounterModeConfig                    0x08004e09   Thumb Code    18  stm32f10x_tim.o(.text)
    TIM_EncoderInterfaceConfig               0x08004e1b   Thumb Code    66  stm32f10x_tim.o(.text)
    TIM_ForcedOC1Config                      0x08004e5d   Thumb Code    18  stm32f10x_tim.o(.text)
    TIM_ForcedOC2Config                      0x08004e6f   Thumb Code    26  stm32f10x_tim.o(.text)
    TIM_ForcedOC3Config                      0x08004e89   Thumb Code    18  stm32f10x_tim.o(.text)
    TIM_ForcedOC4Config                      0x08004e9b   Thumb Code    26  stm32f10x_tim.o(.text)
    TIM_ARRPreloadConfig                     0x08004eb5   Thumb Code    24  stm32f10x_tim.o(.text)
    TIM_SelectCOM                            0x08004ecd   Thumb Code    24  stm32f10x_tim.o(.text)
    TIM_SelectCCDMA                          0x08004ee5   Thumb Code    24  stm32f10x_tim.o(.text)
    TIM_CCPreloadControl                     0x08004efd   Thumb Code    24  stm32f10x_tim.o(.text)
    TIM_OC1PreloadConfig                     0x08004f15   Thumb Code    18  stm32f10x_tim.o(.text)
    TIM_OC2PreloadConfig                     0x08004f27   Thumb Code    26  stm32f10x_tim.o(.text)
    TIM_OC3PreloadConfig                     0x08004f41   Thumb Code    18  stm32f10x_tim.o(.text)
    TIM_OC4PreloadConfig                     0x08004f53   Thumb Code    26  stm32f10x_tim.o(.text)
    TIM_OC1FastConfig                        0x08004f6d   Thumb Code    18  stm32f10x_tim.o(.text)
    TIM_OC2FastConfig                        0x08004f7f   Thumb Code    26  stm32f10x_tim.o(.text)
    TIM_OC3FastConfig                        0x08004f99   Thumb Code    18  stm32f10x_tim.o(.text)
    TIM_OC4FastConfig                        0x08004fab   Thumb Code    26  stm32f10x_tim.o(.text)
    TIM_ClearOC1Ref                          0x08004fc5   Thumb Code    18  stm32f10x_tim.o(.text)
    TIM_ClearOC2Ref                          0x08004fd7   Thumb Code    24  stm32f10x_tim.o(.text)
    TIM_ClearOC3Ref                          0x08004fef   Thumb Code    18  stm32f10x_tim.o(.text)
    TIM_ClearOC4Ref                          0x08005001   Thumb Code    24  stm32f10x_tim.o(.text)
    TIM_OC1PolarityConfig                    0x08005019   Thumb Code    18  stm32f10x_tim.o(.text)
    TIM_OC1NPolarityConfig                   0x0800502b   Thumb Code    18  stm32f10x_tim.o(.text)
    TIM_OC2PolarityConfig                    0x0800503d   Thumb Code    26  stm32f10x_tim.o(.text)
    TIM_OC2NPolarityConfig                   0x08005057   Thumb Code    26  stm32f10x_tim.o(.text)
    TIM_OC3PolarityConfig                    0x08005071   Thumb Code    26  stm32f10x_tim.o(.text)
    TIM_OC3NPolarityConfig                   0x0800508b   Thumb Code    26  stm32f10x_tim.o(.text)
    TIM_OC4PolarityConfig                    0x080050a5   Thumb Code    26  stm32f10x_tim.o(.text)
    TIM_CCxCmd                               0x080050bf   Thumb Code    30  stm32f10x_tim.o(.text)
    TIM_CCxNCmd                              0x080050dd   Thumb Code    30  stm32f10x_tim.o(.text)
    TIM_SelectOCxM                           0x080050fb   Thumb Code    82  stm32f10x_tim.o(.text)
    TIM_UpdateDisableConfig                  0x0800514d   Thumb Code    24  stm32f10x_tim.o(.text)
    TIM_UpdateRequestConfig                  0x08005165   Thumb Code    24  stm32f10x_tim.o(.text)
    TIM_SelectHallSensor                     0x0800517d   Thumb Code    24  stm32f10x_tim.o(.text)
    TIM_SelectOnePulseMode                   0x08005195   Thumb Code    18  stm32f10x_tim.o(.text)
    TIM_SelectOutputTrigger                  0x080051a7   Thumb Code    18  stm32f10x_tim.o(.text)
    TIM_SelectSlaveMode                      0x080051b9   Thumb Code    18  stm32f10x_tim.o(.text)
    TIM_SelectMasterSlaveMode                0x080051cb   Thumb Code    18  stm32f10x_tim.o(.text)
    TIM_SetCounter                           0x080051dd   Thumb Code     4  stm32f10x_tim.o(.text)
    TIM_SetAutoreload                        0x080051e1   Thumb Code     4  stm32f10x_tim.o(.text)
    TIM_SetCompare1                          0x080051e5   Thumb Code     4  stm32f10x_tim.o(.text)
    TIM_SetCompare2                          0x080051e9   Thumb Code     4  stm32f10x_tim.o(.text)
    TIM_SetCompare3                          0x080051ed   Thumb Code     4  stm32f10x_tim.o(.text)
    TIM_SetCompare4                          0x080051f1   Thumb Code     6  stm32f10x_tim.o(.text)
    TIM_SetClockDivision                     0x080051f7   Thumb Code    18  stm32f10x_tim.o(.text)
    TIM_GetCapture1                          0x08005209   Thumb Code     6  stm32f10x_tim.o(.text)
    TIM_GetCapture2                          0x0800520f   Thumb Code     6  stm32f10x_tim.o(.text)
    TIM_GetCapture3                          0x08005215   Thumb Code     6  stm32f10x_tim.o(.text)
    TIM_GetCapture4                          0x0800521b   Thumb Code     8  stm32f10x_tim.o(.text)
    TIM_GetCounter                           0x08005223   Thumb Code     6  stm32f10x_tim.o(.text)
    TIM_GetPrescaler                         0x08005229   Thumb Code     6  stm32f10x_tim.o(.text)
    TIM_GetFlagStatus                        0x0800522f   Thumb Code    18  stm32f10x_tim.o(.text)
    TIM_ClearFlag                            0x08005241   Thumb Code     6  stm32f10x_tim.o(.text)
    TIM_GetITStatus                          0x08005247   Thumb Code    34  stm32f10x_tim.o(.text)
    TIM_ClearITPendingBit                    0x08005269   Thumb Code     6  stm32f10x_tim.o(.text)
    EXTI_DeInit                              0x08005271   Thumb Code    28  stm32f10x_exti.o(.text)
    EXTI_Init                                0x0800528d   Thumb Code   142  stm32f10x_exti.o(.text)
    EXTI_StructInit                          0x0800531b   Thumb Code    16  stm32f10x_exti.o(.text)
    EXTI_GenerateSWInterrupt                 0x0800532b   Thumb Code    16  stm32f10x_exti.o(.text)
    EXTI_GetFlagStatus                       0x0800533b   Thumb Code    22  stm32f10x_exti.o(.text)
    EXTI_ClearFlag                           0x08005351   Thumb Code     8  stm32f10x_exti.o(.text)
    EXTI_GetITStatus                         0x08005359   Thumb Code    34  stm32f10x_exti.o(.text)
    EXTI_ClearITPendingBit                   0x0800537b   Thumb Code     8  stm32f10x_exti.o(.text)
    SPI_I2S_DeInit                           0x0800538d   Thumb Code    76  stm32f10x_spi.o(.text)
    SPI_Init                                 0x080053d9   Thumb Code    60  stm32f10x_spi.o(.text)
    I2S_Init                                 0x08005415   Thumb Code   226  stm32f10x_spi.o(.text)
    SPI_StructInit                           0x080054f7   Thumb Code    24  stm32f10x_spi.o(.text)
    I2S_StructInit                           0x0800550f   Thumb Code    20  stm32f10x_spi.o(.text)
    SPI_Cmd                                  0x08005523   Thumb Code    24  stm32f10x_spi.o(.text)
    I2S_Cmd                                  0x0800553b   Thumb Code    24  stm32f10x_spi.o(.text)
    SPI_I2S_ITConfig                         0x08005553   Thumb Code    32  stm32f10x_spi.o(.text)
    SPI_I2S_DMACmd                           0x08005573   Thumb Code    18  stm32f10x_spi.o(.text)
    SPI_I2S_SendData                         0x08005585   Thumb Code     4  stm32f10x_spi.o(.text)
    SPI_I2S_ReceiveData                      0x08005589   Thumb Code     6  stm32f10x_spi.o(.text)
    SPI_NSSInternalSoftwareConfig            0x0800558f   Thumb Code    30  stm32f10x_spi.o(.text)
    SPI_SSOutputCmd                          0x080055ad   Thumb Code    24  stm32f10x_spi.o(.text)
    SPI_DataSizeConfig                       0x080055c5   Thumb Code    18  stm32f10x_spi.o(.text)
    SPI_TransmitCRC                          0x080055d7   Thumb Code    10  stm32f10x_spi.o(.text)
    SPI_CalculateCRC                         0x080055e1   Thumb Code    24  stm32f10x_spi.o(.text)
    SPI_GetCRC                               0x080055f9   Thumb Code    16  stm32f10x_spi.o(.text)
    SPI_GetCRCPolynomial                     0x08005609   Thumb Code     6  stm32f10x_spi.o(.text)
    SPI_BiDirectionalLineConfig              0x0800560f   Thumb Code    28  stm32f10x_spi.o(.text)
    SPI_I2S_GetFlagStatus                    0x0800562b   Thumb Code    18  stm32f10x_spi.o(.text)
    SPI_I2S_ClearFlag                        0x0800563d   Thumb Code     6  stm32f10x_spi.o(.text)
    SPI_I2S_GetITStatus                      0x08005643   Thumb Code    52  stm32f10x_spi.o(.text)
    SPI_I2S_ClearITPendingBit                0x08005677   Thumb Code    20  stm32f10x_spi.o(.text)
    mymemcpy                                 0x08005699   Thumb Code    26  malloc.o(.text)
    mymemset                                 0x080056b3   Thumb Code    20  malloc.o(.text)
    mem_init                                 0x080056c7   Thumb Code    36  malloc.o(.text)
    mem_perused                              0x080056eb   Thumb Code    34  malloc.o(.text)
    mem_malloc                               0x0800570d   Thumb Code   114  malloc.o(.text)
    mem_free                                 0x0800577f   Thumb Code    66  malloc.o(.text)
    myfree                                   0x080057c1   Thumb Code    24  malloc.o(.text)
    mymalloc                                 0x080057d9   Thumb Code    28  malloc.o(.text)
    myrealloc                                0x080057f5   Thumb Code    50  malloc.o(.text)
    __use_no_semihosting                     0x0800582d   Thumb Code     2  use_no_semi_2.o(.text)
    __2printf                                0x08005831   Thumb Code    20  __2printf.o(.text)
    __2sprintf                               0x08005849   Thumb Code    38  __2sprintf.o(.text)
    _printf_str                              0x08005875   Thumb Code    82  _printf_str.o(.text)
    _printf_int_dec                          0x080058c9   Thumb Code   104  _printf_dec.o(.text)
    _printf_int_hex                          0x08005941   Thumb Code    84  _printf_hex_int.o(.text)
    _printf_longlong_hex                     0x08005941   Thumb Code     0  _printf_hex_int.o(.text)
    __printf                                 0x08005999   Thumb Code   270  __printf_wp.o(.text)
    strtok                                   0x08005aa9   Thumb Code     6  strtok.o(.text)
    strstr                                   0x08005ab5   Thumb Code    36  strstr.o(.text)
    strlen                                   0x08005ad9   Thumb Code    62  strlen.o(.text)
    __aeabi_memclr4                          0x08005b17   Thumb Code     0  rt_memclr_w.o(.text)
    __aeabi_memclr8                          0x08005b17   Thumb Code     0  rt_memclr_w.o(.text)
    __rt_memclr_w                            0x08005b17   Thumb Code    78  rt_memclr_w.o(.text)
    _memset_w                                0x08005b1b   Thumb Code     0  rt_memclr_w.o(.text)
    strncpy                                  0x08005b65   Thumb Code    86  strncpy.o(.text)
    __use_two_region_memory                  0x08005bbb   Thumb Code     2  heapauxi.o(.text)
    __rt_heap_escrow$2region                 0x08005bbd   Thumb Code     2  heapauxi.o(.text)
    __rt_heap_expand$2region                 0x08005bbf   Thumb Code     2  heapauxi.o(.text)
    __I$use$semihosting                      0x08005bc1   Thumb Code     0  use_no_semi.o(.text)
    __use_no_semihosting_swi                 0x08005bc1   Thumb Code     2  use_no_semi.o(.text)
    __read_errno                             0x08005bc3   Thumb Code    10  _rserrno.o(.text)
    __set_errno                              0x08005bcd   Thumb Code    12  _rserrno.o(.text)
    _printf_int_common                       0x08005bd9   Thumb Code   178  _printf_intcommon.o(.text)
    __lib_sel_fp_printf                      0x08005c8b   Thumb Code     2  _printf_fp_dec.o(.text)
    _printf_fp_dec_real                      0x08005e39   Thumb Code   620  _printf_fp_dec.o(.text)
    _printf_char_common                      0x080060af   Thumb Code    32  _printf_char_common.o(.text)
    _sputc                                   0x080060d5   Thumb Code    10  _sputc.o(.text)
    _printf_cs_common                        0x080060df   Thumb Code    20  _printf_char.o(.text)
    _printf_char                             0x080060f3   Thumb Code    16  _printf_char.o(.text)
    _printf_string                           0x08006103   Thumb Code     8  _printf_char.o(.text)
    _printf_char_file                        0x0800610d   Thumb Code    32  _printf_char_file.o(.text)
    __strtod_int                             0x0800616d   Thumb Code    90  strtod.o(.text)
    __strtok_internal                        0x080061d5   Thumb Code    64  strtok_int.o(.text)
    __aeabi_memclr                           0x08006219   Thumb Code     0  rt_memclr.o(.text)
    __rt_memclr                              0x08006219   Thumb Code    68  rt_memclr.o(.text)
    _memset                                  0x0800621d   Thumb Code     0  rt_memclr.o(.text)
    __rt_locale                              0x0800625d   Thumb Code     8  rt_locale_intlibspace.o(.text)
    __aeabi_errno_addr                       0x08006265   Thumb Code     8  rt_errno_addr_intlibspace.o(.text)
    __errno$intlibspace                      0x08006265   Thumb Code     0  rt_errno_addr_intlibspace.o(.text)
    __rt_errno_addr$intlibspace              0x08006265   Thumb Code     0  rt_errno_addr_intlibspace.o(.text)
    _ll_udiv10                               0x0800626d   Thumb Code   138  lludiv10.o(.text)
    isspace                                  0x080062f7   Thumb Code    18  isspace.o(.text)
    _printf_fp_infnan                        0x08006309   Thumb Code   112  _printf_fp_infnan.o(.text)
    _sgetc                                   0x08006389   Thumb Code    30  _sgetc.o(.text)
    _sbackspace                              0x080063a7   Thumb Code    34  _sgetc.o(.text)
    _btod_etento                             0x080063c9   Thumb Code   216  bigflt0.o(.text)
    ferror                                   0x080064a5   Thumb Code     8  ferror.o(.text)
    strcspn                                  0x080064ad   Thumb Code    32  strcspn.o(.text)
    strspn                                   0x080064cd   Thumb Code    28  strspn.o(.text)
    __user_libspace                          0x080064e9   Thumb Code     8  libspace.o(.text)
    __user_perproc_libspace                  0x080064e9   Thumb Code     0  libspace.o(.text)
    __user_perthread_libspace                0x080064e9   Thumb Code     0  libspace.o(.text)
    __user_setup_stackheap                   0x080064f1   Thumb Code    74  sys_stackheap_outer.o(.text)
    __rt_ctype_table                         0x0800653d   Thumb Code    16  rt_ctype_table.o(.text)
    _scanf_really_real                       0x08006749   Thumb Code   668  scanf_fp.o(.text)
    exit                                     0x080069f1   Thumb Code    18  exit.o(.text)
    strcmp                                   0x08006a05   Thumb Code   128  strcmpv7m.o(.text)
    _scanf_really_hex_real                   0x08006a85   Thumb Code   786  scanf_hexfp.o(.text)
    _scanf_really_infnan                     0x08006da5   Thumb Code   292  scanf_infnan.o(.text)
    __aeabi_llsl                             0x08006ed9   Thumb Code     0  llshl.o(.text)
    _ll_shift_l                              0x08006ed9   Thumb Code    38  llshl.o(.text)
    _chval                                   0x08006eff   Thumb Code    28  _chval.o(.text)
    _btod_d2e                                0x08006f1b   Thumb Code    62  btod.o(CL$$btod_d2e)
    _d2e_denorm_low                          0x08006f59   Thumb Code    70  btod.o(CL$$btod_d2e_denorm_low)
    _d2e_norm_op1                            0x08006f9f   Thumb Code    96  btod.o(CL$$btod_d2e_norm_op1)
    __btod_div_common                        0x08006fff   Thumb Code   696  btod.o(CL$$btod_div_common)
    _e2d                                     0x08007339   Thumb Code    80  btod.o(CL$$btod_e2d)
    _e2e                                     0x0800738d   Thumb Code   198  btod.o(CL$$btod_e2e)
    _btod_ediv                               0x08007453   Thumb Code    40  btod.o(CL$$btod_ediv)
    _btod_edivd                              0x0800747b   Thumb Code    40  btod.o(CL$$btod_edivd)
    _btod_emul                               0x080074a3   Thumb Code    40  btod.o(CL$$btod_emul)
    _btod_emuld                              0x080074cb   Thumb Code    40  btod.o(CL$$btod_emuld)
    __btod_mult_common                       0x080074f3   Thumb Code   580  btod.o(CL$$btod_mult_common)
    __ARM_fpclassify                         0x08007737   Thumb Code    40  fpclassify.o(i.__ARM_fpclassify)
    __ARM_fpclassifyf                        0x0800775f   Thumb Code    38  fpclassifyf.o(i.__ARM_fpclassifyf)
    __kernel_poly                            0x08007785   Thumb Code   170  poly.o(i.__kernel_poly)
    __mathlib_dbl_infnan                     0x0800782f   Thumb Code     6  dunder.o(i.__mathlib_dbl_infnan)
    __mathlib_dbl_infnan2                    0x08007835   Thumb Code     4  dunder.o(i.__mathlib_dbl_infnan2)
    __mathlib_dbl_invalid                    0x08007839   Thumb Code    12  dunder.o(i.__mathlib_dbl_invalid)
    __mathlib_dbl_overflow                   0x08007845   Thumb Code    14  dunder.o(i.__mathlib_dbl_overflow)
    __mathlib_dbl_underflow                  0x08007855   Thumb Code    10  dunder.o(i.__mathlib_dbl_underflow)
    __mathlib_flt_infnan                     0x08007865   Thumb Code     6  funder.o(i.__mathlib_flt_infnan)
    __mathlib_flt_invalid                    0x0800786b   Thumb Code     8  funder.o(i.__mathlib_flt_invalid)
    __mathlib_flt_underflow                  0x08007873   Thumb Code    10  funder.o(i.__mathlib_flt_underflow)
    __mathlib_narrow                         0x0800787d   Thumb Code    16  narrow.o(i.__mathlib_narrow)
    __mathlib_tofloat                        0x0800788d   Thumb Code   132  narrow.o(i.__mathlib_tofloat)
    __support_ldexp                          0x08007915   Thumb Code    22  ldexp.o(i.__support_ldexp)
    _is_digit                                0x0800792b   Thumb Code    14  __printf_wp.o(i._is_digit)
    asin                                     0x08007939   Thumb Code   572  asin.o(i.asin)
    asinf                                    0x08007ba9   Thumb Code   254  asinf.o(i.asinf)
    atan                                     0x08007ccd   Thumb Code   474  atan.o(i.atan)
    atan2                                    0x08007eed   Thumb Code   346  atan2.o(i.atan2)
    atanf                                    0x0800806d   Thumb Code   324  atanf.o(i.atanf)
    atof                                     0x080081e9   Thumb Code    42  atof.o(i.atof)
    fmaxf                                    0x08008213   Thumb Code    40  fmaxf.o(i.fmaxf)
    fmod                                     0x0800823d   Thumb Code   144  fmod.o(i.fmod)
    frexp                                    0x080082d1   Thumb Code    80  frexp.o(i.frexp)
    ldexp                                    0x08008329   Thumb Code   116  ldexp.o(i.ldexp)
    sqrt                                     0x0800839d   Thumb Code    76  sqrt.o(i.sqrt)
    sqrtf                                    0x080083e9   Thumb Code    44  sqrtf.o(i.sqrtf)
    _get_lc_numeric                          0x08008415   Thumb Code    44  lc_numeric_c.o(locale$$code)
    _get_lc_ctype                            0x08008441   Thumb Code    44  lc_ctype_c.o(locale$$code)
    __aeabi_d2f                              0x0800846d   Thumb Code     0  d2f.o(x$fpl$d2f)
    _d2f                                     0x0800846d   Thumb Code    98  d2f.o(x$fpl$d2f)
    __aeabi_dadd                             0x080084d1   Thumb Code     0  daddsub_clz.o(x$fpl$dadd)
    _dadd                                    0x080084d1   Thumb Code   332  daddsub_clz.o(x$fpl$dadd)
    __fpl_dcheck_NaN1                        0x08008621   Thumb Code    10  dcheck1.o(x$fpl$dcheck1)
    __fpl_dcmp_Inf                           0x08008631   Thumb Code    24  dcmpi.o(x$fpl$dcmpinf)
    __aeabi_ddiv                             0x08008649   Thumb Code     0  ddiv.o(x$fpl$ddiv)
    _ddiv                                    0x08008649   Thumb Code   552  ddiv.o(x$fpl$ddiv)
    __aeabi_cdcmpeq                          0x080088f9   Thumb Code     0  deqf.o(x$fpl$deqf)
    _dcmpeq                                  0x080088f9   Thumb Code   120  deqf.o(x$fpl$deqf)
    __aeabi_d2iz                             0x08008971   Thumb Code     0  dfix.o(x$fpl$dfix)
    _dfix                                    0x08008971   Thumb Code    94  dfix.o(x$fpl$dfix)
    __aeabi_d2uiz                            0x080089d1   Thumb Code     0  dfixu.o(x$fpl$dfixu)
    _dfixu                                   0x080089d1   Thumb Code    90  dfixu.o(x$fpl$dfixu)
    __aeabi_i2d                              0x08008a2b   Thumb Code     0  dflt_clz.o(x$fpl$dflt)
    _dflt                                    0x08008a2b   Thumb Code    46  dflt_clz.o(x$fpl$dflt)
    __aeabi_ui2d                             0x08008a59   Thumb Code     0  dflt_clz.o(x$fpl$dfltu)
    _dfltu                                   0x08008a59   Thumb Code    38  dflt_clz.o(x$fpl$dfltu)
    __aeabi_cdcmple                          0x08008a81   Thumb Code     0  dleqf.o(x$fpl$dleqf)
    _dcmple                                  0x08008a81   Thumb Code   120  dleqf.o(x$fpl$dleqf)
    __fpl_dcmple_InfNaN                      0x08008ae3   Thumb Code     0  dleqf.o(x$fpl$dleqf)
    __aeabi_dmul                             0x08008af9   Thumb Code     0  dmul.o(x$fpl$dmul)
    _dmul                                    0x08008af9   Thumb Code   332  dmul.o(x$fpl$dmul)
    __fpl_dnaninf                            0x08008c4d   Thumb Code   156  dnaninf.o(x$fpl$dnaninf)
    _drem                                    0x08008ce9   Thumb Code   328  drem_clz.o(x$fpl$drem)
    __fpl_dretinf                            0x08008e39   Thumb Code    12  dretinf.o(x$fpl$dretinf)
    __aeabi_cdrcmple                         0x08008e45   Thumb Code     0  drleqf.o(x$fpl$drleqf)
    _drcmple                                 0x08008e45   Thumb Code   108  drleqf.o(x$fpl$drleqf)
    __aeabi_drsub                            0x08008eb1   Thumb Code     0  daddsub_clz.o(x$fpl$drsb)
    _drsb                                    0x08008eb1   Thumb Code    22  daddsub_clz.o(x$fpl$drsb)
    _dsqrt                                   0x08008ec9   Thumb Code   456  dsqrt_noumaal.o(x$fpl$dsqrt)
    __aeabi_dsub                             0x08009095   Thumb Code     0  daddsub_clz.o(x$fpl$dsub)
    _dsub                                    0x08009095   Thumb Code   464  daddsub_clz.o(x$fpl$dsub)
    __aeabi_f2d                              0x08009269   Thumb Code     0  f2d.o(x$fpl$f2d)
    _f2d                                     0x08009269   Thumb Code    86  f2d.o(x$fpl$f2d)
    __aeabi_fadd                             0x080092c1   Thumb Code     0  faddsub_clz.o(x$fpl$fadd)
    _fadd                                    0x080092c1   Thumb Code   196  faddsub_clz.o(x$fpl$fadd)
    __fpl_fcheck_NaN1                        0x08009385   Thumb Code     6  fcheck1.o(x$fpl$fcheck1)
    __fcmp4                                  0x08009391   Thumb Code    82  fcmp4.o(x$fpl$fcmp4)
    __ARM_fcmp4                              0x080093e3   Thumb Code     0  fcmp4.o(x$fpl$fcmp4)
    _fcmp4                                   0x080093e3   Thumb Code    60  fcmp4.o(x$fpl$fcmp4)
    __fpl_fcmp_Inf                           0x0800941f   Thumb Code    24  fcmpi.o(x$fpl$fcmpinf)
    __aeabi_fdiv                             0x08009439   Thumb Code     0  fdiv.o(x$fpl$fdiv)
    _fdiv                                    0x08009439   Thumb Code   384  fdiv.o(x$fpl$fdiv)
    __aeabi_cfcmpeq                          0x080095bd   Thumb Code     0  feqf.o(x$fpl$feqf)
    _fcmpeq                                  0x080095bd   Thumb Code   104  feqf.o(x$fpl$feqf)
    __aeabi_f2iz                             0x08009625   Thumb Code     0  ffix.o(x$fpl$ffix)
    _ffix                                    0x08009625   Thumb Code    54  ffix.o(x$fpl$ffix)
    __aeabi_f2uiz                            0x0800965d   Thumb Code     0  ffixu.o(x$fpl$ffixu)
    _ffixu                                   0x0800965d   Thumb Code    62  ffixu.o(x$fpl$ffixu)
    __aeabi_i2f                              0x0800969d   Thumb Code     0  fflt_clz.o(x$fpl$fflt)
    _fflt                                    0x0800969d   Thumb Code    48  fflt_clz.o(x$fpl$fflt)
    __aeabi_fmul                             0x080096cd   Thumb Code     0  fmul.o(x$fpl$fmul)
    _fmul                                    0x080096cd   Thumb Code   258  fmul.o(x$fpl$fmul)
    __fpl_fnaninf                            0x080097cf   Thumb Code   140  fnaninf.o(x$fpl$fnaninf)
    __fpl_fretinf                            0x0800985b   Thumb Code    10  fretinf.o(x$fpl$fretinf)
    __aeabi_frsub                            0x08009865   Thumb Code     0  faddsub_clz.o(x$fpl$frsb)
    _frsb                                    0x08009865   Thumb Code    20  faddsub_clz.o(x$fpl$frsb)
    _fsqrt                                   0x08009879   Thumb Code   272  fsqrt.o(x$fpl$fsqrt)
    __aeabi_fsub                             0x08009989   Thumb Code     0  faddsub_clz.o(x$fpl$fsub)
    _fsub                                    0x08009989   Thumb Code   234  faddsub_clz.o(x$fpl$fsub)
    _printf_fp_dec                           0x08009a73   Thumb Code     4  printf1.o(x$fpl$printf1)
    __fpl_return_NaN                         0x08009a77   Thumb Code   100  retnan.o(x$fpl$retnan)
    __ARM_scalbn                             0x08009adb   Thumb Code    92  scalbn.o(x$fpl$scalbn)
    __ARM_scalbnf                            0x08009b37   Thumb Code    76  scalbnf.o(x$fpl$scalbnf)
    _scanf_real                              0x08009b83   Thumb Code     4  scanf1.o(x$fpl$scanf1)
    _scanf_hex_real                          0x08009b87   Thumb Code     4  scanf2.o(x$fpl$scanf2)
    _scanf_infnan                            0x08009b8b   Thumb Code     4  scanf2.o(x$fpl$scanf2)
    __fpl_cmpreturn                          0x08009b8f   Thumb Code    48  trapv.o(x$fpl$trapveneer)
    F6x8                                     0x08009bbe   Data         552  oled.o(.constdata)
    __I$use$fp                               0x08009bbe   Number         0  usenofp.o(x$fpl$usenofp)
    F8X16                                    0x08009de6   Data        1552  oled.o(.constdata)
    CN16CHAR                                 0x0800a3f6   Data         160  oled.o(.constdata)
    __mathlib_zero                           0x0800a5a8   Data           8  qnan.o(.constdata)
    Region$$Table$$Base                      0x0800a814   Number         0  anon$$obj.o(Region$$Table)
    Region$$Table$$Limit                     0x0800a834   Number         0  anon$$obj.o(Region$$Table)
    __aeabi_HUGE_VAL                         0x0800a834   Data           0  fpconst.o(c$$dinf)
    __aeabi_HUGE_VALL                        0x0800a834   Data           0  fpconst.o(c$$dinf)
    __aeabi_INFINITY                         0x0800a834   Data           0  fpconst.o(c$$dinf)
    __dInf                                   0x0800a834   Data           0  fpconst.o(c$$dinf)
    __huge_val                               0x0800a834   Data           0  fpconst.o(c$$dinf)
    __ctype                                  0x0800a865   Data           0  lc_ctype_c.o(locale$$data)
    SystemCoreClock                          0x20000000   Data           4  system_stm32f10x.o(.data)
    AHBPrescTable                            0x20000004   Data          16  system_stm32f10x.o(.data)
    flag_1ms                                 0x20000014   Data           1  timer.o(.data)
    flag_50ms                                0x20000015   Data           1  timer.o(.data)
    flag_500ms                               0x20000016   Data           1  timer.o(.data)
    flag_1s                                  0x20000017   Data           1  timer.o(.data)
    flag_5s                                  0x20000018   Data           1  timer.o(.data)
    ms_ticks                                 0x2000001c   Data           4  timer.o(.data)
    number                                   0x20000028   Data           4  hcsr04.o(.data)
    times                                    0x2000002c   Data           4  hcsr04.o(.data)
    distance                                 0x20000030   Data           4  hcsr04.o(.data)
    is_magnet_present                        0x20000038   Data           1  hall.o(.data)
    key_value                                0x20000039   Data           1  hall.o(.data)
    pitch                                    0x20000050   Data           4  angle.o(.data)
    roll                                     0x20000054   Data           4  angle.o(.data)
    yaw                                      0x20000058   Data           4  angle.o(.data)
    KFP_accelX                               0x2000005c   Data          24  angle.o(.data)
    KFP_accelY                               0x20000074   Data          24  angle.o(.data)
    KFP_accelZ                               0x2000008c   Data          24  angle.o(.data)
    KFP_gyroX                                0x200000a4   Data          24  angle.o(.data)
    KFP_gyroY                                0x200000bc   Data          24  angle.o(.data)
    KFP_gyroZ                                0x200000d4   Data          24  angle.o(.data)
    q0                                       0x200000ec   Data           4  angle.o(.data)
    q1                                       0x200000f0   Data           4  angle.o(.data)
    q2                                       0x200000f4   Data           4  angle.o(.data)
    q3                                       0x200000f8   Data           4  angle.o(.data)
    exInt                                    0x200000fc   Data           4  angle.o(.data)
    eyInt                                    0x20000100   Data           4  angle.o(.data)
    ezInt                                    0x20000104   Data           4  angle.o(.data)
    Q_ANGLE_X                                0x20000108   Data           4  angle.o(.data)
    Q_ANGLE_Y                                0x2000010c   Data           4  angle.o(.data)
    Q_ANGLE_Z                                0x20000110   Data           4  angle.o(.data)
    test_GyroData                            0x2000011c   Data           4  icm42688.o(.data)
    test_AccData                             0x20000120   Data           4  icm42688.o(.data)
    cover_tilt_value                         0x20000124   Data           1  icm42688.o(.data)
    usart2_res                               0x20000128   Data           1  ec01g.o(.data)
    usart2_flag                              0x20000129   Data           1  ec01g.o(.data)
    ec_str1                                  0x2000012c   Data           4  ec01g.o(.data)
    ec_str2                                  0x20000130   Data           4  ec01g.o(.data)
    at_commands                              0x20000134   Data          40  ec01g.o(.data)
    usart2_rx_count                          0x2000015c   Data           2  gps.o(.data)
    usart2_rx_complete                       0x2000015e   Data           2  gps.o(.data)
    usart2_rx_timeout                        0x20000160   Data           2  gps.o(.data)
    send_len                                 0x20000162   Data           1  gps.o(.data)
    reported_latitude                        0x20000164   Data           4  gps.o(.data)
    reported_longitude                       0x20000168   Data           4  gps.o(.data)
    __stdout                                 0x20000170   Data           4  usart.o(.data)
    USART_RX_STA                             0x20000174   Data           2  usart.o(.data)
    key_flag                                 0x20000176   Data           2  flag.o(.data)
    sys_flag                                 0x20000178   Data           2  flag.o(.data)
    mallco_dev                               0x20000190   Data          20  malloc.o(.data)
    usart2_rx_buf                            0x200001a8   Data         250  gps.o(.bss)
    GPS                                      0x200002a8   Data          88  gps.o(.bss)
    send_data                                0x20000300   Data         200  gps.o(.bss)
    current_gps                              0x200003c8   Data          12  gps.o(.bss)
    USART_RX_BUF                             0x200003d4   Data         200  usart.o(.bss)
    membase                                  0x2000049c   Data        2048  malloc.o(.bss)
    memmapbase                               0x20000c9c   Data         128  malloc.o(.bss)
    __libspace_start                         0x20000d1c   Data          96  libspace.o(.bss)
    __temporary_stack_top$libspace           0x20000d7c   Data           0  libspace.o(.bss)



==============================================================================

Memory Map of the image

  Image Entry point : 0x08000131

  Load Region LR_IROM1 (Base: 0x08000000, Size: 0x0000ab10, Max: 0x00010000, ABSOLUTE, COMPRESSED[0x0000a9ec])

    Execution Region ER_IROM1 (Base: 0x08000000, Size: 0x0000a968, Max: 0x00010000, ABSOLUTE)

    Base Addr    Size         Type   Attr      Idx    E Section Name        Object

    0x08000000   0x00000130   Data   RO          546    RESET               startup_stm32f10x_hd.o
    0x08000130   0x00000008   Code   RO          807  * !!!main             c_w.l(__main.o)
    0x08000138   0x00000034   Code   RO         1303    !!!scatter          c_w.l(__scatter.o)
    0x0800016c   0x0000005a   Code   RO         1301    !!dczerorl2         c_w.l(__dczerorl2.o)
    0x080001c6   0x00000002   PAD
    0x080001c8   0x0000001c   Code   RO         1305    !!handler_zi        c_w.l(__scatter_zi.o)
    0x080001e4   0x00000000   Code   RO          793    .ARM.Collect$$_printf_percent$$00000000  c_w.l(_printf_percent.o)
    0x080001e4   0x00000006   Code   RO          792    .ARM.Collect$$_printf_percent$$00000003  c_w.l(_printf_f.o)
    0x080001ea   0x00000006   Code   RO          791    .ARM.Collect$$_printf_percent$$00000009  c_w.l(_printf_d.o)
    0x080001f0   0x00000006   Code   RO          790    .ARM.Collect$$_printf_percent$$0000000C  c_w.l(_printf_x.o)
    0x080001f6   0x00000006   Code   RO          788    .ARM.Collect$$_printf_percent$$00000013  c_w.l(_printf_c.o)
    0x080001fc   0x00000006   Code   RO          789    .ARM.Collect$$_printf_percent$$00000014  c_w.l(_printf_s.o)
    0x08000202   0x00000004   Code   RO          944    .ARM.Collect$$_printf_percent$$00000017  c_w.l(_printf_percent_end.o)
    0x08000206   0x00000002   Code   RO         1130    .ARM.Collect$$libinit$$00000000  c_w.l(libinit.o)
    0x08000208   0x00000000   Code   RO         1132    .ARM.Collect$$libinit$$00000002  c_w.l(libinit2.o)
    0x08000208   0x00000000   Code   RO         1134    .ARM.Collect$$libinit$$00000004  c_w.l(libinit2.o)
    0x08000208   0x00000000   Code   RO         1137    .ARM.Collect$$libinit$$0000000A  c_w.l(libinit2.o)
    0x08000208   0x00000000   Code   RO         1139    .ARM.Collect$$libinit$$0000000C  c_w.l(libinit2.o)
    0x08000208   0x00000000   Code   RO         1141    .ARM.Collect$$libinit$$0000000E  c_w.l(libinit2.o)
    0x08000208   0x00000006   Code   RO         1142    .ARM.Collect$$libinit$$0000000F  c_w.l(libinit2.o)
    0x0800020e   0x00000000   Code   RO         1144    .ARM.Collect$$libinit$$00000011  c_w.l(libinit2.o)
    0x0800020e   0x0000000c   Code   RO         1145    .ARM.Collect$$libinit$$00000012  c_w.l(libinit2.o)
    0x0800021a   0x00000000   Code   RO         1146    .ARM.Collect$$libinit$$00000013  c_w.l(libinit2.o)
    0x0800021a   0x00000000   Code   RO         1148    .ARM.Collect$$libinit$$00000015  c_w.l(libinit2.o)
    0x0800021a   0x0000000a   Code   RO         1149    .ARM.Collect$$libinit$$00000016  c_w.l(libinit2.o)
    0x08000224   0x00000000   Code   RO         1150    .ARM.Collect$$libinit$$00000017  c_w.l(libinit2.o)
    0x08000224   0x00000000   Code   RO         1152    .ARM.Collect$$libinit$$00000019  c_w.l(libinit2.o)
    0x08000224   0x00000000   Code   RO         1154    .ARM.Collect$$libinit$$0000001B  c_w.l(libinit2.o)
    0x08000224   0x00000000   Code   RO         1156    .ARM.Collect$$libinit$$0000001D  c_w.l(libinit2.o)
    0x08000224   0x00000000   Code   RO         1158    .ARM.Collect$$libinit$$0000001F  c_w.l(libinit2.o)
    0x08000224   0x00000000   Code   RO         1160    .ARM.Collect$$libinit$$00000021  c_w.l(libinit2.o)
    0x08000224   0x00000000   Code   RO         1162    .ARM.Collect$$libinit$$00000023  c_w.l(libinit2.o)
    0x08000224   0x00000000   Code   RO         1164    .ARM.Collect$$libinit$$00000025  c_w.l(libinit2.o)
    0x08000224   0x00000000   Code   RO         1168    .ARM.Collect$$libinit$$0000002C  c_w.l(libinit2.o)
    0x08000224   0x00000000   Code   RO         1170    .ARM.Collect$$libinit$$0000002E  c_w.l(libinit2.o)
    0x08000224   0x00000000   Code   RO         1172    .ARM.Collect$$libinit$$00000030  c_w.l(libinit2.o)
    0x08000224   0x00000000   Code   RO         1174    .ARM.Collect$$libinit$$00000032  c_w.l(libinit2.o)
    0x08000224   0x00000002   Code   RO         1175    .ARM.Collect$$libinit$$00000033  c_w.l(libinit2.o)
    0x08000226   0x00000002   Code   RO         1239    .ARM.Collect$$libshutdown$$00000000  c_w.l(libshutdown.o)
    0x08000228   0x00000000   Code   RO         1260    .ARM.Collect$$libshutdown$$00000002  c_w.l(libshutdown2.o)
    0x08000228   0x00000000   Code   RO         1262    .ARM.Collect$$libshutdown$$00000004  c_w.l(libshutdown2.o)
    0x08000228   0x00000000   Code   RO         1265    .ARM.Collect$$libshutdown$$00000007  c_w.l(libshutdown2.o)
    0x08000228   0x00000000   Code   RO         1268    .ARM.Collect$$libshutdown$$0000000A  c_w.l(libshutdown2.o)
    0x08000228   0x00000000   Code   RO         1270    .ARM.Collect$$libshutdown$$0000000C  c_w.l(libshutdown2.o)
    0x08000228   0x00000000   Code   RO         1273    .ARM.Collect$$libshutdown$$0000000F  c_w.l(libshutdown2.o)
    0x08000228   0x00000002   Code   RO         1274    .ARM.Collect$$libshutdown$$00000010  c_w.l(libshutdown2.o)
    0x0800022a   0x00000000   Code   RO          929    .ARM.Collect$$rtentry$$00000000  c_w.l(__rtentry.o)
    0x0800022a   0x00000000   Code   RO         1032    .ARM.Collect$$rtentry$$00000002  c_w.l(__rtentry2.o)
    0x0800022a   0x00000006   Code   RO         1044    .ARM.Collect$$rtentry$$00000004  c_w.l(__rtentry4.o)
    0x08000230   0x00000000   Code   RO         1034    .ARM.Collect$$rtentry$$00000009  c_w.l(__rtentry2.o)
    0x08000230   0x00000004   Code   RO         1035    .ARM.Collect$$rtentry$$0000000A  c_w.l(__rtentry2.o)
    0x08000234   0x00000000   Code   RO         1037    .ARM.Collect$$rtentry$$0000000C  c_w.l(__rtentry2.o)
    0x08000234   0x00000008   Code   RO         1038    .ARM.Collect$$rtentry$$0000000D  c_w.l(__rtentry2.o)
    0x0800023c   0x00000002   Code   RO         1178    .ARM.Collect$$rtexit$$00000000  c_w.l(rtexit.o)
    0x0800023e   0x00000000   Code   RO         1205    .ARM.Collect$$rtexit$$00000002  c_w.l(rtexit2.o)
    0x0800023e   0x00000004   Code   RO         1206    .ARM.Collect$$rtexit$$00000003  c_w.l(rtexit2.o)
    0x08000242   0x00000006   Code   RO         1207    .ARM.Collect$$rtexit$$00000004  c_w.l(rtexit2.o)
    0x08000248   0x000000c4   Code   RO            1    .text               main.o
    0x0800030c   0x0000001a   Code   RO          132    .text               stm32f10x_it.o
    0x08000326   0x00000002   PAD
    0x08000328   0x000001e0   Code   RO          170    .text               system_stm32f10x.o
    0x08000508   0x00000128   Code   RO          200    .text               timer.o
    0x08000630   0x0000004c   Code   RO          239    .text               beep.o
    0x0800067c   0x00000290   Code   RO          269    .text               hcsr04.o
    0x0800090c   0x00000168   Code   RO          287    .text               hall.o
    0x08000a74   0x0000014c   Code   RO          308    .text               nv020c.o
    0x08000bc0   0x00000bf0   Code   RO          320    .text               angle.o
    0x080017b0   0x0000074c   Code   RO          345    .text               icm42688.o
    0x08001efc   0x000000f0   Code   RO          378    .text               spi.o
    0x08001fec   0x00000550   Code   RO          390    .text               ec01g.o
    0x0800253c   0x00000804   Code   RO          410    .text               oled.o
    0x08002d40   0x0000020c   Code   RO          431    .text               oleddispaly.o
    0x08002f4c   0x00000684   Code   RO          447    .text               gps.o
    0x080035d0   0x000000d4   Code   RO          466    .text               delay.o
    0x080036a4   0x0000000c   Code   RO          480    .text               sys.o
    0x080036b0   0x00000148   Code   RO          492    .text               usart.o
    0x080037f8   0x00000038   Code   RO          515    .text               flag.o
    0x08003830   0x00000040   Code   RO          547    .text               startup_stm32f10x_hd.o
    0x08003870   0x000000dc   Code   RO          551    .text               misc.o
    0x0800394c   0x0000035c   Code   RO          587    .text               stm32f10x_gpio.o
    0x08003ca8   0x000003a4   Code   RO          599    .text               stm32f10x_rcc.o
    0x0800404c   0x00000408   Code   RO          613    .text               stm32f10x_usart.o
    0x08004454   0x00000e1a   Code   RO          625    .text               stm32f10x_tim.o
    0x0800526e   0x00000002   PAD
    0x08005270   0x0000011c   Code   RO          685    .text               stm32f10x_exti.o
    0x0800538c   0x0000030c   Code   RO          697    .text               stm32f10x_spi.o
    0x08005698   0x00000194   Code   RO          709    .text               malloc.o
    0x0800582c   0x00000002   Code   RO          731    .text               c_w.l(use_no_semi_2.o)
    0x0800582e   0x00000002   PAD
    0x08005830   0x00000018   Code   RO          733    .text               c_w.l(__2printf.o)
    0x08005848   0x0000002c   Code   RO          735    .text               c_w.l(__2sprintf.o)
    0x08005874   0x00000052   Code   RO          743    .text               c_w.l(_printf_str.o)
    0x080058c6   0x00000002   PAD
    0x080058c8   0x00000078   Code   RO          745    .text               c_w.l(_printf_dec.o)
    0x08005940   0x00000058   Code   RO          750    .text               c_w.l(_printf_hex_int.o)
    0x08005998   0x0000010e   Code   RO          776    .text               c_w.l(__printf_wp.o)
    0x08005aa6   0x00000002   PAD
    0x08005aa8   0x0000000c   Code   RO          794    .text               c_w.l(strtok.o)
    0x08005ab4   0x00000024   Code   RO          797    .text               c_w.l(strstr.o)
    0x08005ad8   0x0000003e   Code   RO          799    .text               c_w.l(strlen.o)
    0x08005b16   0x0000004e   Code   RO          801    .text               c_w.l(rt_memclr_w.o)
    0x08005b64   0x00000056   Code   RO          803    .text               c_w.l(strncpy.o)
    0x08005bba   0x00000006   Code   RO          805    .text               c_w.l(heapauxi.o)
    0x08005bc0   0x00000002   Code   RO          927    .text               c_w.l(use_no_semi.o)
    0x08005bc2   0x00000016   Code   RO          930    .text               c_w.l(_rserrno.o)
    0x08005bd8   0x000000b2   Code   RO          932    .text               c_w.l(_printf_intcommon.o)
    0x08005c8a   0x0000041a   Code   RO          934    .text               c_w.l(_printf_fp_dec.o)
    0x080060a4   0x00000030   Code   RO          936    .text               c_w.l(_printf_char_common.o)
    0x080060d4   0x0000000a   Code   RO          938    .text               c_w.l(_sputc.o)
    0x080060de   0x0000002c   Code   RO          940    .text               c_w.l(_printf_char.o)
    0x0800610a   0x00000002   PAD
    0x0800610c   0x00000024   Code   RO          942    .text               c_w.l(_printf_char_file.o)
    0x08006130   0x000000a4   Code   RO          945    .text               c_w.l(strtod.o)
    0x080061d4   0x00000044   Code   RO          947    .text               c_w.l(strtok_int.o)
    0x08006218   0x00000044   Code   RO          949    .text               c_w.l(rt_memclr.o)
    0x0800625c   0x00000008   Code   RO         1049    .text               c_w.l(rt_locale_intlibspace.o)
    0x08006264   0x00000008   Code   RO         1054    .text               c_w.l(rt_errno_addr_intlibspace.o)
    0x0800626c   0x0000008a   Code   RO         1056    .text               c_w.l(lludiv10.o)
    0x080062f6   0x00000012   Code   RO         1058    .text               c_w.l(isspace.o)
    0x08006308   0x00000080   Code   RO         1060    .text               c_w.l(_printf_fp_infnan.o)
    0x08006388   0x00000040   Code   RO         1064    .text               c_w.l(_sgetc.o)
    0x080063c8   0x000000dc   Code   RO         1066    .text               c_w.l(bigflt0.o)
    0x080064a4   0x00000008   Code   RO         1091    .text               c_w.l(ferror.o)
    0x080064ac   0x00000020   Code   RO         1098    .text               c_w.l(strcspn.o)
    0x080064cc   0x0000001c   Code   RO         1100    .text               c_w.l(strspn.o)
    0x080064e8   0x00000008   Code   RO         1112    .text               c_w.l(libspace.o)
    0x080064f0   0x0000004a   Code   RO         1115    .text               c_w.l(sys_stackheap_outer.o)
    0x0800653a   0x00000002   PAD
    0x0800653c   0x00000010   Code   RO         1117    .text               c_w.l(rt_ctype_table.o)
    0x0800654c   0x000004a4   Code   RO         1119    .text               c_w.l(scanf_fp.o)
    0x080069f0   0x00000012   Code   RO         1121    .text               c_w.l(exit.o)
    0x08006a02   0x00000002   PAD
    0x08006a04   0x00000080   Code   RO         1123    .text               c_w.l(strcmpv7m.o)
    0x08006a84   0x00000320   Code   RO         1211    .text               c_w.l(scanf_hexfp.o)
    0x08006da4   0x00000134   Code   RO         1213    .text               c_w.l(scanf_infnan.o)
    0x08006ed8   0x00000026   Code   RO         1229    .text               c_w.l(llshl.o)
    0x08006efe   0x0000001c   Code   RO         1231    .text               c_w.l(_chval.o)
    0x08006f1a   0x0000003e   Code   RO         1069    CL$$btod_d2e        c_w.l(btod.o)
    0x08006f58   0x00000046   Code   RO         1071    CL$$btod_d2e_denorm_low  c_w.l(btod.o)
    0x08006f9e   0x00000060   Code   RO         1070    CL$$btod_d2e_norm_op1  c_w.l(btod.o)
    0x08006ffe   0x00000338   Code   RO         1079    CL$$btod_div_common  c_w.l(btod.o)
    0x08007336   0x00000002   PAD
    0x08007338   0x00000054   Code   RO         1077    CL$$btod_e2d        c_w.l(btod.o)
    0x0800738c   0x000000c6   Code   RO         1076    CL$$btod_e2e        c_w.l(btod.o)
    0x08007452   0x00000028   Code   RO         1073    CL$$btod_ediv       c_w.l(btod.o)
    0x0800747a   0x00000028   Code   RO         1075    CL$$btod_edivd      c_w.l(btod.o)
    0x080074a2   0x00000028   Code   RO         1072    CL$$btod_emul       c_w.l(btod.o)
    0x080074ca   0x00000028   Code   RO         1074    CL$$btod_emuld      c_w.l(btod.o)
    0x080074f2   0x00000244   Code   RO         1078    CL$$btod_mult_common  c_w.l(btod.o)
    0x08007736   0x00000028   Code   RO         1002    i.__ARM_fpclassify  m_ws.l(fpclassify.o)
    0x0800775e   0x00000026   Code   RO         1004    i.__ARM_fpclassifyf  m_ws.l(fpclassifyf.o)
    0x08007784   0x000000aa   Code   RO         1020    i.__kernel_poly     m_ws.l(poly.o)
    0x0800782e   0x00000006   Code   RO          989    i.__mathlib_dbl_infnan  m_ws.l(dunder.o)
    0x08007834   0x00000004   Code   RO          990    i.__mathlib_dbl_infnan2  m_ws.l(dunder.o)
    0x08007838   0x0000000c   Code   RO          991    i.__mathlib_dbl_invalid  m_ws.l(dunder.o)
    0x08007844   0x0000000e   Code   RO          992    i.__mathlib_dbl_overflow  m_ws.l(dunder.o)
    0x08007852   0x00000002   PAD
    0x08007854   0x00000010   Code   RO          994    i.__mathlib_dbl_underflow  m_ws.l(dunder.o)
    0x08007864   0x00000006   Code   RO         1007    i.__mathlib_flt_infnan  m_ws.l(funder.o)
    0x0800786a   0x00000008   Code   RO         1009    i.__mathlib_flt_invalid  m_ws.l(funder.o)
    0x08007872   0x0000000a   Code   RO         1012    i.__mathlib_flt_underflow  m_ws.l(funder.o)
    0x0800787c   0x00000010   Code   RO         1198    i.__mathlib_narrow  m_ws.l(narrow.o)
    0x0800788c   0x00000088   Code   RO         1199    i.__mathlib_tofloat  m_ws.l(narrow.o)
    0x08007914   0x00000016   Code   RO         1241    i.__support_ldexp   m_ws.l(ldexp.o)
    0x0800792a   0x0000000e   Code   RO          778    i._is_digit         c_w.l(__printf_wp.o)
    0x08007938   0x00000270   Code   RO          872    i.asin              m_ws.l(asin.o)
    0x08007ba8   0x00000124   Code   RO          882    i.asinf             m_ws.l(asinf.o)
    0x08007ccc   0x00000220   Code   RO          979    i.atan              m_ws.l(atan.o)
    0x08007eec   0x00000180   Code   RO          890    i.atan2             m_ws.l(atan2.o)
    0x0800806c   0x0000017c   Code   RO          898    i.atanf             m_ws.l(atanf.o)
    0x080081e8   0x0000002a   Code   RO          906    i.atof              m_ws.l(atof.o)
    0x08008212   0x00000028   Code   RO          925    i.fmaxf             m_ws.l(fmaxf.o)
    0x0800823a   0x00000002   PAD
    0x0800823c   0x00000094   Code   RO          910    i.fmod              m_ws.l(fmod.o)
    0x080082d0   0x00000058   Code   RO         1222    i.frexp             m_ws.l(frexp.o)
    0x08008328   0x00000074   Code   RO         1242    i.ldexp             m_ws.l(ldexp.o)
    0x0800839c   0x0000004c   Code   RO          918    i.sqrt              m_ws.l(sqrt.o)
    0x080083e8   0x0000002c   Code   RO         1024    i.sqrtf             m_ws.l(sqrtf.o)
    0x08008414   0x0000002c   Code   RO         1096    locale$$code        c_w.l(lc_numeric_c.o)
    0x08008440   0x0000002c   Code   RO         1181    locale$$code        c_w.l(lc_ctype_c.o)
    0x0800846c   0x00000062   Code   RO          809    x$fpl$d2f           fz_ws.l(d2f.o)
    0x080084ce   0x00000002   PAD
    0x080084d0   0x00000150   Code   RO          811    x$fpl$dadd          fz_ws.l(daddsub_clz.o)
    0x08008620   0x00000010   Code   RO         1102    x$fpl$dcheck1       fz_ws.l(dcheck1.o)
    0x08008630   0x00000018   Code   RO          951    x$fpl$dcmpinf       fz_ws.l(dcmpi.o)
    0x08008648   0x000002b0   Code   RO          818    x$fpl$ddiv          fz_ws.l(ddiv.o)
    0x080088f8   0x00000078   Code   RO          821    x$fpl$deqf          fz_ws.l(deqf.o)
    0x08008970   0x0000005e   Code   RO          823    x$fpl$dfix          fz_ws.l(dfix.o)
    0x080089ce   0x00000002   PAD
    0x080089d0   0x0000005a   Code   RO          827    x$fpl$dfixu         fz_ws.l(dfixu.o)
    0x08008a2a   0x0000002e   Code   RO          832    x$fpl$dflt          fz_ws.l(dflt_clz.o)
    0x08008a58   0x00000026   Code   RO          831    x$fpl$dfltu         fz_ws.l(dflt_clz.o)
    0x08008a7e   0x00000002   PAD
    0x08008a80   0x00000078   Code   RO          953    x$fpl$dleqf         fz_ws.l(dleqf.o)
    0x08008af8   0x00000154   Code   RO          837    x$fpl$dmul          fz_ws.l(dmul.o)
    0x08008c4c   0x0000009c   Code   RO          955    x$fpl$dnaninf       fz_ws.l(dnaninf.o)
    0x08008ce8   0x00000150   Code   RO          957    x$fpl$drem          fz_ws.l(drem_clz.o)
    0x08008e38   0x0000000c   Code   RO          959    x$fpl$dretinf       fz_ws.l(dretinf.o)
    0x08008e44   0x0000006c   Code   RO         1219    x$fpl$drleqf        fz_ws.l(drleqf.o)
    0x08008eb0   0x00000016   Code   RO          812    x$fpl$drsb          fz_ws.l(daddsub_clz.o)
    0x08008ec6   0x00000002   PAD
    0x08008ec8   0x000001cc   Code   RO          961    x$fpl$dsqrt         fz_ws.l(dsqrt_noumaal.o)
    0x08009094   0x000001d4   Code   RO          813    x$fpl$dsub          fz_ws.l(daddsub_clz.o)
    0x08009268   0x00000056   Code   RO          839    x$fpl$f2d           fz_ws.l(f2d.o)
    0x080092be   0x00000002   PAD
    0x080092c0   0x000000c4   Code   RO          841    x$fpl$fadd          fz_ws.l(faddsub_clz.o)
    0x08009384   0x0000000c   Code   RO         1104    x$fpl$fcheck1       fz_ws.l(fcheck1.o)
    0x08009390   0x0000008e   Code   RO          963    x$fpl$fcmp4         fz_ws.l(fcmp4.o)
    0x0800941e   0x00000018   Code   RO          967    x$fpl$fcmpinf       fz_ws.l(fcmpi.o)
    0x08009436   0x00000002   PAD
    0x08009438   0x00000184   Code   RO          848    x$fpl$fdiv          fz_ws.l(fdiv.o)
    0x080095bc   0x00000068   Code   RO          851    x$fpl$feqf          fz_ws.l(feqf.o)
    0x08009624   0x00000036   Code   RO          853    x$fpl$ffix          fz_ws.l(ffix.o)
    0x0800965a   0x00000002   PAD
    0x0800965c   0x0000003e   Code   RO          857    x$fpl$ffixu         fz_ws.l(ffixu.o)
    0x0800969a   0x00000002   PAD
    0x0800969c   0x00000030   Code   RO          862    x$fpl$fflt          fz_ws.l(fflt_clz.o)
    0x080096cc   0x00000102   Code   RO          867    x$fpl$fmul          fz_ws.l(fmul.o)
    0x080097ce   0x0000008c   Code   RO          969    x$fpl$fnaninf       fz_ws.l(fnaninf.o)
    0x0800985a   0x0000000a   Code   RO          971    x$fpl$fretinf       fz_ws.l(fretinf.o)
    0x08009864   0x00000014   Code   RO          842    x$fpl$frsb          fz_ws.l(faddsub_clz.o)
    0x08009878   0x00000110   Code   RO         1106    x$fpl$fsqrt         fz_ws.l(fsqrt.o)
    0x08009988   0x000000ea   Code   RO          843    x$fpl$fsub          fz_ws.l(faddsub_clz.o)
    0x08009a72   0x00000004   Code   RO          869    x$fpl$printf1       fz_ws.l(printf1.o)
    0x08009a76   0x00000064   Code   RO         1176    x$fpl$retnan        fz_ws.l(retnan.o)
    0x08009ada   0x0000005c   Code   RO          973    x$fpl$scalbn        fz_ws.l(scalbn.o)
    0x08009b36   0x0000004c   Code   RO          975    x$fpl$scalbnf       fz_ws.l(scalbnf.o)
    0x08009b82   0x00000004   Code   RO         1110    x$fpl$scanf1        fz_ws.l(scanf1.o)
    0x08009b86   0x00000008   Code   RO         1190    x$fpl$scanf2        fz_ws.l(scanf2.o)
    0x08009b8e   0x00000030   Code   RO         1196    x$fpl$trapveneer    fz_ws.l(trapv.o)
    0x08009bbe   0x00000000   Code   RO          977    x$fpl$usenofp       fz_ws.l(usenofp.o)
    0x08009bbe   0x000008d8   Data   RO          411    .constdata          oled.o
    0x0800a496   0x00000028   Data   RO          751    .constdata          c_w.l(_printf_hex_int.o)
    0x0800a4be   0x00000002   PAD
    0x0800a4c0   0x00000050   Data   RO          873    .constdata          m_ws.l(asin.o)
    0x0800a510   0x00000098   Data   RO          980    .constdata          m_ws.l(atan.o)
    0x0800a5a8   0x00000008   Data   RO         1022    .constdata          m_ws.l(qnan.o)
    0x0800a5b0   0x00000094   Data   RO         1067    .constdata          c_w.l(bigflt0.o)
    0x0800a644   0x000001b2   Data   RO          391    .conststring        ec01g.o
    0x0800a7f6   0x00000002   PAD
    0x0800a7f8   0x00000019   Data   RO          392    .conststrlit        ec01g.o
    0x0800a811   0x00000003   PAD
    0x0800a814   0x00000020   Data   RO         1299    Region$$Table       anon$$obj.o
    0x0800a834   0x00000008   Data   RO         1185    c$$dinf             fz_ws.l(fpconst.o)
    0x0800a83c   0x0000001c   Data   RO         1095    locale$$data        c_w.l(lc_numeric_c.o)
    0x0800a858   0x00000110   Data   RO         1180    locale$$data        c_w.l(lc_ctype_c.o)


    Execution Region RW_IRAM1 (Base: 0x20000000, Size: 0x00001380, Max: 0x00005000, ABSOLUTE, COMPRESSED[0x00000084])

    Base Addr    Size         Type   Attr      Idx    E Section Name        Object

    0x20000000   0x00000014   Data   RW          171    .data               system_stm32f10x.o
    0x20000014   0x00000014   Data   RW          201    .data               timer.o
    0x20000028   0x0000000d   Data   RW          270    .data               hcsr04.o
    0x20000035   0x00000003   PAD
    0x20000038   0x00000015   Data   RW          288    .data               hall.o
    0x2000004d   0x00000003   PAD
    0x20000050   0x000000c4   Data   RW          321    .data               angle.o
    0x20000114   0x00000011   Data   RW          346    .data               icm42688.o
    0x20000125   0x00000003   PAD
    0x20000128   0x00000034   Data   RW          393    .data               ec01g.o
    0x2000015c   0x00000010   Data   RW          449    .data               gps.o
    0x2000016c   0x00000004   Data   RW          467    .data               delay.o
    0x20000170   0x00000006   Data   RW          494    .data               usart.o
    0x20000176   0x00000004   Data   RW          516    .data               flag.o
    0x2000017a   0x00000014   Data   RW          600    .data               stm32f10x_rcc.o
    0x2000018e   0x00000002   PAD
    0x20000190   0x00000014   Data   RW          712    .data               malloc.o
    0x200001a4   0x00000004   Data   RW          795    .data               c_w.l(strtok.o)
    0x200001a8   0x0000022c   Zero   RW          448    .bss                gps.o
    0x200003d4   0x000000c8   Zero   RW          493    .bss                usart.o
    0x2000049c   0x00000880   Zero   RW          710    .bss                malloc.o
    0x20000d1c   0x00000060   Zero   RW         1113    .bss                c_w.l(libspace.o)
    0x20000d7c   0x00000004   PAD
    0x20000d80   0x00000200   Zero   RW          545    HEAP                startup_stm32f10x_hd.o
    0x20000f80   0x00000400   Zero   RW          544    STACK               startup_stm32f10x_hd.o


==============================================================================

Image component sizes


      Code (inc. data)   RO Data    RW Data    ZI Data      Debug   Object Name

      3056        142          0        196          0       4591   angle.o
        76          8          0          0          0        520   beep.o
         0          0          0          0          0         32   core_cm3.o
       212         18          0          4          0       1083   delay.o
      1360        270        459         52          0       3595   ec01g.o
        56         10          0          4          0       1631   flag.o
      1668        280          0         16        556       6260   gps.o
       360         36          0         21          0       2557   hall.o
       656         38          0         13          0       1617   hcsr04.o
      1868        144          0         17          0       9706   icm42688.o
       196         18          0          0          0     261263   main.o
       404          6          0         20       2176       4137   malloc.o
       220         22          0          0          0       1849   misc.o
       332         10          0          0          0       1128   nv020c.o
      2052         24       2264          0          0       9041   oled.o
       524         80          0          0          0       1149   oleddispaly.o
       240          8          0          0          0       1057   spi.o
        64         26        304          0       1536        824   startup_stm32f10x_hd.o
       284         10          0          0          0       2303   stm32f10x_exti.o
       860         38          0          0          0       5781   stm32f10x_gpio.o
        26          0          0          0          0       1206   stm32f10x_it.o
       932         36          0         20          0       8984   stm32f10x_rcc.o
       780         14          0          0          0       6662   stm32f10x_spi.o
      3610         88          0          0          0      22888   stm32f10x_tim.o
      1032         22          0          0          0       8508   stm32f10x_usart.o
        12          0          0          0          0        477   sys.o
       480         38          0         20          0       1815   system_stm32f10x.o
       296         46          0         20          0       1908   timer.o
       328         18          0          6        200       3911   usart.o

    ----------------------------------------------------------------------
     21988       1450       3064        420       4468     376483   Object Totals
         0          0         32          0          0          0   (incl. Generated)
         4          0          5         11          0          0   (incl. Padding)

    ----------------------------------------------------------------------

      Code (inc. data)   RO Data    RW Data    ZI Data      Debug   Library Member Name

        24          4          0          0          0         84   __2printf.o
        44          6          0          0          0         84   __2sprintf.o
        90          0          0          0          0          0   __dczerorl2.o
         8          0          0          0          0         68   __main.o
       284          0          0          0          0        156   __printf_wp.o
         0          0          0          0          0          0   __rtentry.o
        12          0          0          0          0          0   __rtentry2.o
         6          0          0          0          0          0   __rtentry4.o
        52          8          0          0          0          0   __scatter.o
        28          0          0          0          0          0   __scatter_zi.o
        28          0          0          0          0         68   _chval.o
         6          0          0          0          0          0   _printf_c.o
        44          0          0          0          0        108   _printf_char.o
        48          6          0          0          0         96   _printf_char_common.o
        36          4          0          0          0         80   _printf_char_file.o
         6          0          0          0          0          0   _printf_d.o
       120         16          0          0          0         92   _printf_dec.o
         6          0          0          0          0          0   _printf_f.o
      1050          0          0          0          0        216   _printf_fp_dec.o
       128         16          0          0          0         84   _printf_fp_infnan.o
        88          4         40          0          0         88   _printf_hex_int.o
       178          0          0          0          0         88   _printf_intcommon.o
         0          0          0          0          0          0   _printf_percent.o
         4          0          0          0          0          0   _printf_percent_end.o
         6          0          0          0          0          0   _printf_s.o
        82          0          0          0          0         80   _printf_str.o
         6          0          0          0          0          0   _printf_x.o
        22          0          0          0          0        100   _rserrno.o
        64          0          0          0          0         84   _sgetc.o
        10          0          0          0          0         68   _sputc.o
       220          4        148          0          0         96   bigflt0.o
      2074        132          0          0          0        940   btod.o
        18          0          0          0          0         80   exit.o
         8          0          0          0          0         68   ferror.o
         6          0          0          0          0        152   heapauxi.o
        18          0          0          0          0         76   isspace.o
        44         10        272          0          0         76   lc_ctype_c.o
        44         10         28          0          0         76   lc_numeric_c.o
         2          0          0          0          0          0   libinit.o
        30          0          0          0          0          0   libinit2.o
         2          0          0          0          0          0   libshutdown.o
         2          0          0          0          0          0   libshutdown2.o
         8          4          0          0         96         68   libspace.o
        38          0          0          0          0         68   llshl.o
       138          0          0          0          0         80   lludiv10.o
        16          4          0          0          0         76   rt_ctype_table.o
         8          4          0          0          0         68   rt_errno_addr_intlibspace.o
         8          4          0          0          0         68   rt_locale_intlibspace.o
        68          0          0          0          0         68   rt_memclr.o
        78          0          0          0          0         80   rt_memclr_w.o
         2          0          0          0          0          0   rtexit.o
        10          0          0          0          0          0   rtexit2.o
      1188         12          0          0          0        148   scanf_fp.o
       800         14          0          0          0        100   scanf_hexfp.o
       308         16          0          0          0        100   scanf_infnan.o
       128          0          0          0          0         68   strcmpv7m.o
        32          0          0          0          0         80   strcspn.o
        62          0          0          0          0         76   strlen.o
        86          0          0          0          0         76   strncpy.o
        28          0          0          0          0         80   strspn.o
        36          0          0          0          0         80   strstr.o
       164         14          0          0          0        120   strtod.o
        12          6          0          4          0         68   strtok.o
        68          4          0          0          0         84   strtok_int.o
        74          0          0          0          0         80   sys_stackheap_outer.o
         2          0          0          0          0         68   use_no_semi.o
         2          0          0          0          0         68   use_no_semi_2.o
        98          4          0          0          0         92   d2f.o
       826         16          0          0          0        348   daddsub_clz.o
        16          4          0          0          0         68   dcheck1.o
        24          0          0          0          0         68   dcmpi.o
       688        140          0          0          0        208   ddiv.o
       120          4          0          0          0         92   deqf.o
        94          4          0          0          0         92   dfix.o
        90          4          0          0          0         92   dfixu.o
        84          0          0          0          0        136   dflt_clz.o
       120          4          0          0          0         92   dleqf.o
       340         12          0          0          0        104   dmul.o
       156          4          0          0          0         92   dnaninf.o
       336         12          0          0          0         88   drem_clz.o
        12          0          0          0          0         68   dretinf.o
       108          0          0          0          0         80   drleqf.o
       460         56          0          0          0        120   dsqrt_noumaal.o
        86          4          0          0          0         84   f2d.o
       450          8          0          0          0        236   faddsub_clz.o
        12          4          0          0          0         68   fcheck1.o
       142          4          0          0          0        112   fcmp4.o
        24          0          0          0          0         68   fcmpi.o
       388         76          0          0          0         96   fdiv.o
       104          4          0          0          0         84   feqf.o
        54          4          0          0          0         84   ffix.o
        62          4          0          0          0         84   ffixu.o
        48          0          0          0          0         68   fflt_clz.o
       258          4          0          0          0         84   fmul.o
       140          4          0          0          0         84   fnaninf.o
         0          0          8          0          0          0   fpconst.o
        10          0          0          0          0         68   fretinf.o
       272        100          0          0          0         88   fsqrt.o
         4          0          0          0          0         68   printf1.o
       100          0          0          0          0         68   retnan.o
        92          0          0          0          0         68   scalbn.o
        76          0          0          0          0         68   scalbnf.o
         4          0          0          0          0         68   scanf1.o
         8          0          0          0          0         84   scanf2.o
        48          0          0          0          0         68   trapv.o
         0          0          0          0          0          0   usenofp.o
       624         52         80          0          0        168   asin.o
       292         38          0          0          0        120   asinf.o
       544         70        152          0          0        124   atan.o
       384         38          0          0          0        144   atan2.o
       380         56          0          0          0        108   atanf.o
        42          0          0          0          0         84   atof.o
        52          6          0          0          0        340   dunder.o
        40          0          0          0          0         80   fmaxf.o
       148          4          0          0          0         88   fmod.o
        40          0          0          0          0         68   fpclassify.o
        38          0          0          0          0         68   fpclassifyf.o
        88          8          0          0          0         76   frexp.o
        24          0          0          0          0        204   funder.o
       138          0          0          0          0        160   ldexp.o
       152          4          0          0          0        168   narrow.o
       170          0          0          0          0         96   poly.o
         0          0          8          0          0          0   qnan.o
        76          0          0          0          0         84   sqrt.o
        44          0          0          0          0         80   sqrtf.o

    ----------------------------------------------------------------------
     17578       1060        738          4        100      10980   Library Totals
        36          2          2          0          4          0   (incl. Padding)

    ----------------------------------------------------------------------

      Code (inc. data)   RO Data    RW Data    ZI Data      Debug   Library Name

      8312        302        488          4         96       5080   c_w.l
      5954        480          8          0          0       3640   fz_ws.l
      3276        276        240          0          0       2260   m_ws.l

    ----------------------------------------------------------------------
     17578       1060        738          4        100      10980   Library Totals

    ----------------------------------------------------------------------

==============================================================================


      Code (inc. data)   RO Data    RW Data    ZI Data      Debug   

     39566       2510       3802        424       4568     378775   Grand Totals
     39566       2510       3802        132       4568     378775   ELF Image Totals (compressed)
     39566       2510       3802        132          0          0   ROM Totals

==============================================================================

    Total RO  Size (Code + RO Data)                43368 (  42.35kB)
    Total RW  Size (RW Data + ZI Data)              4992 (   4.88kB)
    Total ROM Size (Code + RO Data + RW Data)      43500 (  42.48kB)

==============================================================================

