Archive member included to satisfy reference by file (symbol)

d:/ch32/mounriver_studio2/resources/app/resources/win32/components/wch/toolchain/risc-v embedded gcc/bin/../lib/gcc/riscv-none-embed/8.2.0/../../../../riscv-none-embed/lib/rv32imacxw/ilp32\libm.a(lib_a-sf_atan.o)
                              ./Hardware/Angle.o (atanf)
d:/ch32/mounriver_studio2/resources/app/resources/win32/components/wch/toolchain/risc-v embedded gcc/bin/../lib/gcc/riscv-none-embed/8.2.0/../../../../riscv-none-embed/lib/rv32imacxw/ilp32\libm.a(lib_a-sf_fabs.o)
                              d:/ch32/mounriver_studio2/resources/app/resources/win32/components/wch/toolchain/risc-v embedded gcc/bin/../lib/gcc/riscv-none-embed/8.2.0/../../../../riscv-none-embed/lib/rv32imacxw/ilp32\libm.a(lib_a-sf_atan.o) (fabsf)
d:/ch32/mounriver_studio2/resources/app/resources/win32/components/wch/toolchain/risc-v embedded gcc/bin/../lib/gcc/riscv-none-embed/8.2.0/../../../../riscv-none-embed/lib/rv32imacxw/ilp32\libm.a(lib_a-w_asin.o)
                              ./Hardware/Angle.o (asin)
d:/ch32/mounriver_studio2/resources/app/resources/win32/components/wch/toolchain/risc-v embedded gcc/bin/../lib/gcc/riscv-none-embed/8.2.0/../../../../riscv-none-embed/lib/rv32imacxw/ilp32\libm.a(lib_a-w_atan2.o)
                              ./Hardware/Angle.o (atan2)
d:/ch32/mounriver_studio2/resources/app/resources/win32/components/wch/toolchain/risc-v embedded gcc/bin/../lib/gcc/riscv-none-embed/8.2.0/../../../../riscv-none-embed/lib/rv32imacxw/ilp32\libm.a(lib_a-w_pow.o)
                              ./Hardware/ADC.o (pow)
d:/ch32/mounriver_studio2/resources/app/resources/win32/components/wch/toolchain/risc-v embedded gcc/bin/../lib/gcc/riscv-none-embed/8.2.0/../../../../riscv-none-embed/lib/rv32imacxw/ilp32\libm.a(lib_a-w_sqrt.o)
                              ./Hardware/Angle.o (sqrt)
d:/ch32/mounriver_studio2/resources/app/resources/win32/components/wch/toolchain/risc-v embedded gcc/bin/../lib/gcc/riscv-none-embed/8.2.0/../../../../riscv-none-embed/lib/rv32imacxw/ilp32\libm.a(lib_a-wf_asin.o)
                              ./Hardware/Angle.o (asinf)
d:/ch32/mounriver_studio2/resources/app/resources/win32/components/wch/toolchain/risc-v embedded gcc/bin/../lib/gcc/riscv-none-embed/8.2.0/../../../../riscv-none-embed/lib/rv32imacxw/ilp32\libm.a(lib_a-e_asin.o)
                              d:/ch32/mounriver_studio2/resources/app/resources/win32/components/wch/toolchain/risc-v embedded gcc/bin/../lib/gcc/riscv-none-embed/8.2.0/../../../../riscv-none-embed/lib/rv32imacxw/ilp32\libm.a(lib_a-w_asin.o) (__ieee754_asin)
d:/ch32/mounriver_studio2/resources/app/resources/win32/components/wch/toolchain/risc-v embedded gcc/bin/../lib/gcc/riscv-none-embed/8.2.0/../../../../riscv-none-embed/lib/rv32imacxw/ilp32\libm.a(lib_a-e_atan2.o)
                              d:/ch32/mounriver_studio2/resources/app/resources/win32/components/wch/toolchain/risc-v embedded gcc/bin/../lib/gcc/riscv-none-embed/8.2.0/../../../../riscv-none-embed/lib/rv32imacxw/ilp32\libm.a(lib_a-w_atan2.o) (__ieee754_atan2)
d:/ch32/mounriver_studio2/resources/app/resources/win32/components/wch/toolchain/risc-v embedded gcc/bin/../lib/gcc/riscv-none-embed/8.2.0/../../../../riscv-none-embed/lib/rv32imacxw/ilp32\libm.a(lib_a-e_pow.o)
                              d:/ch32/mounriver_studio2/resources/app/resources/win32/components/wch/toolchain/risc-v embedded gcc/bin/../lib/gcc/riscv-none-embed/8.2.0/../../../../riscv-none-embed/lib/rv32imacxw/ilp32\libm.a(lib_a-w_pow.o) (__ieee754_pow)
d:/ch32/mounriver_studio2/resources/app/resources/win32/components/wch/toolchain/risc-v embedded gcc/bin/../lib/gcc/riscv-none-embed/8.2.0/../../../../riscv-none-embed/lib/rv32imacxw/ilp32\libm.a(lib_a-e_sqrt.o)
                              d:/ch32/mounriver_studio2/resources/app/resources/win32/components/wch/toolchain/risc-v embedded gcc/bin/../lib/gcc/riscv-none-embed/8.2.0/../../../../riscv-none-embed/lib/rv32imacxw/ilp32\libm.a(lib_a-w_sqrt.o) (__ieee754_sqrt)
d:/ch32/mounriver_studio2/resources/app/resources/win32/components/wch/toolchain/risc-v embedded gcc/bin/../lib/gcc/riscv-none-embed/8.2.0/../../../../riscv-none-embed/lib/rv32imacxw/ilp32\libm.a(lib_a-ef_asin.o)
                              d:/ch32/mounriver_studio2/resources/app/resources/win32/components/wch/toolchain/risc-v embedded gcc/bin/../lib/gcc/riscv-none-embed/8.2.0/../../../../riscv-none-embed/lib/rv32imacxw/ilp32\libm.a(lib_a-wf_asin.o) (__ieee754_asinf)
d:/ch32/mounriver_studio2/resources/app/resources/win32/components/wch/toolchain/risc-v embedded gcc/bin/../lib/gcc/riscv-none-embed/8.2.0/../../../../riscv-none-embed/lib/rv32imacxw/ilp32\libm.a(lib_a-ef_sqrt.o)
                              d:/ch32/mounriver_studio2/resources/app/resources/win32/components/wch/toolchain/risc-v embedded gcc/bin/../lib/gcc/riscv-none-embed/8.2.0/../../../../riscv-none-embed/lib/rv32imacxw/ilp32\libm.a(lib_a-ef_asin.o) (__ieee754_sqrtf)
[...]
Memory Configuration

Name             Origin             Length             Attributes
FLASH            0x0000000000000000 0x0000000000010000 xr
RAM              0x0000000020000000 0x0000000000005000 xrw
*default*        0x0000000000000000 0xffffffffffffffff

Linker script and memory map

LOAD ./User/ch32l103_it.o
LOAD ./User/main.o
LOAD ./User/system_ch32l103.o
LOAD ./Startup/startup_ch32l103.o
LOAD ./Peripheral/src/ch32l103_adc.o
LOAD ./Peripheral/src/ch32l103_bkp.o
LOAD ./Peripheral/src/ch32l103_can.o
LOAD ./Peripheral/src/ch32l103_crc.o
LOAD ./Peripheral/src/ch32l103_dbgmcu.o
LOAD ./Peripheral/src/ch32l103_dma.o
LOAD ./Peripheral/src/ch32l103_exti.o
LOAD ./Peripheral/src/ch32l103_flash.o
LOAD ./Peripheral/src/ch32l103_gpio.o
LOAD ./Peripheral/src/ch32l103_i2c.o
LOAD ./Peripheral/src/ch32l103_iwdg.o
LOAD ./Peripheral/src/ch32l103_lptim.o
LOAD ./Peripheral/src/ch32l103_misc.o
LOAD ./Peripheral/src/ch32l103_opa.o
LOAD ./Peripheral/src/ch32l103_pwr.o
LOAD ./Peripheral/src/ch32l103_rcc.o
LOAD ./Peripheral/src/ch32l103_rtc.o
LOAD ./Peripheral/src/ch32l103_spi.o
LOAD ./Peripheral/src/ch32l103_tim.o
LOAD ./Peripheral/src/ch32l103_usart.o
LOAD ./Peripheral/src/ch32l103_wwdg.o
LOAD ./Hardware/ADC.o
LOAD ./Hardware/Angle.o
LOAD ./Hardware/EC_01G.o
LOAD ./Hardware/ICM42688.o
LOAD ./Hardware/MyRTC.o
LOAD ./Hardware/MySPI.o
LOAD ./Hardware/Sensor.o
LOAD ./Hardware/Serial.o
LOAD ./Hardware/TFT_LCD.o
LOAD ./Hardware/TFT_LCD_Init.o
LOAD ./Hardware/Timer.o
LOAD ./Debug/debug.o
LOAD ./Core/core_riscv.o
LOAD d:/ch32/mounriver_studio2/resources/app/resources/win32/components/wch/toolchain/risc-v embedded gcc/bin/../lib/gcc/riscv-none-embed/8.2.0/../../../../riscv-none-embed/lib/rv32imacxw/ilp32\libm.a
LOAD d:/ch32/mounriver_studio2/resources/app/resources/win32/components/wch/toolchain/risc-v embedded gcc/bin/../lib/gcc/riscv-none-embed/8.2.0/rv32imacxw/ilp32\libgcc.a
LOAD d:/ch32/mounriver_studio2/resources/app/resources/win32/components/wch/toolchain/risc-v embedded gcc/bin/../lib/gcc/riscv-none-embed/8.2.0/../../../../riscv-none-embed/lib/rv32imacxw/ilp32\libg_nano.a
LOAD d:/ch32/mounriver_studio2/resources/app/resources/win32/components/wch/toolchain/risc-v embedded gcc/bin/../lib/gcc/riscv-none-embed/8.2.0/../../../../riscv-none-embed/lib/rv32imacxw/ilp32\libc_nano.a
LOAD d:/ch32/mounriver_studio2/resources/app/resources/win32/components/wch/toolchain/risc-v embedded gcc/bin/../lib/gcc/riscv-none-embed/8.2.0/rv32imacxw/ilp32\libgcc.a
START GROUP
LOAD d:/ch32/mounriver_studio2/resources/app/resources/win32/components/wch/toolchain/risc-v embedded gcc/bin/../lib/gcc/riscv-none-embed/8.2.0/rv32imacxw/ilp32\libgcc.a
LOAD d:/ch32/mounriver_studio2/resources/app/resources/win32/components/wch/toolchain/risc-v embedded gcc/bin/../lib/gcc/riscv-none-embed/8.2.0/../../../../riscv-none-embed/lib/rv32imacxw/ilp32\libc_nano.a
LOAD d:/ch32/mounriver_studio2/resources/app/resources/win32/components/wch/toolchain/risc-v embedded gcc/bin/../lib/gcc/riscv-none-embed/8.2.0/../../../../riscv-none-embed/lib/rv32imacxw/ilp32\libnosys.a
END GROUP
START GROUP
LOAD d:/ch32/mounriver_studio2/resources/app/resources/win32/components/wch/toolchain/risc-v embedded gcc/bin/../lib/gcc/riscv-none-embed/8.2.0/rv32imacxw/ilp32\libgcc.a
LOAD d:/ch32/mounriver_studio2/resources/app/resources/win32/components/wch/toolchain/risc-v embedded gcc/bin/../lib/gcc/riscv-none-embed/8.2.0/../../../../riscv-none-embed/lib/rv32imacxw/ilp32\libc_nano.a
LOAD d:/ch32/mounriver_studio2/resources/app/resources/win32/components/wch/toolchain/risc-v embedded gcc/bin/../lib/gcc/riscv-none-embed/8.2.0/../../../../riscv-none-embed/lib/rv32imacxw/ilp32\libnosys.a
END GROUP
                0x0000000000000800                __stack_size = 0x800
                [!provide]                        PROVIDE (_stack_size = __stack_size)

.init           0x0000000000000000        0x4
                0x0000000000000000                _sinit = .
                0x0000000000000000                . = ALIGN (0x4)
 *(SORT_NONE(.init))
 .init          0x0000000000000000        0x4 ./Startup/startup_ch32l103.o
                0x0000000000000000                _start
                0x0000000000000004                . = ALIGN (0x4)
                0x0000000000000004                _einit = .

.vector         0x0000000000000004      0x13c
 *(.vector)
 .vector        0x0000000000000004      0x114 ./Startup/startup_ch32l103.o
                0x0000000000000140                . = ALIGN (0x40)
 *fill*         0x0000000000000118       0x28 

.text           0x0000000000000140     0xf13c
                0x0000000000000140                . = ALIGN (0x4)
 *(.text)
 .text          0x0000000000000140       0x60 d:/ch32/mounriver_studio2/resources/app/resources/win32/components/wch/toolchain/risc-v embedded gcc/bin/../lib/gcc/riscv-none-embed/8.2.0/rv32imacxw/ilp32\libgcc.a(save-restore.o)
                0x0000000000000140                __riscv_save_12
                0x0000000000000148                __riscv_save_9
                0x0000000000000148                __riscv_save_11
                0x0000000000000148                __riscv_save_10
                0x0000000000000148                __riscv_save_8
                0x0000000000000156                __riscv_save_4
                0x0000000000000156                __riscv_save_6
                0x0000000000000156                __riscv_save_5
                0x0000000000000156                __riscv_save_7
                0x0000000000000170                __riscv_save_3
                0x0000000000000170                __riscv_save_2
                0x0000000000000170                __riscv_save_1
                0x0000000000000170                __riscv_save_0
                0x000000000000017c                __riscv_restore_12
                0x0000000000000180                __riscv_restore_11
                0x0000000000000180                __riscv_restore_9
                0x0000000000000180                __riscv_restore_10
                0x0000000000000180                __riscv_restore_8
                0x000000000000018a                __riscv_restore_5
                0x000000000000018a                __riscv_restore_7
                0x000000000000018a                __riscv_restore_6
                0x000000000000018a                __riscv_restore_4
                0x0000000000000194                __riscv_restore_3
                0x0000000000000194                __riscv_restore_0
                0x0000000000000194                __riscv_restore_2
                0x0000000000000194                __riscv_restore_1
 .text          0x00000000000001a0      0x11a d:/ch32/mounriver_studio2/resources/app/resources/win32/components/wch/toolchain/risc-v embedded gcc/bin/../lib/gcc/riscv-none-embed/8.2.0/../../../../riscv-none-embed/lib/rv32imacxw/ilp32\libg_nano.a(lib_a-strcmp.o)
                0x00000000000001a0                strcmp
 .text          0x00000000000002ba       0xa8 d:/ch32/mounriver_studio2/resources/app/resources/win32/components/wch/toolchain/risc-v embedded gcc/bin/../lib/gcc/riscv-none-embed/8.2.0/../../../../riscv-none-embed/lib/rv32imacxw/ilp32\libg_nano.a(lib_a-memset.o)
                0x00000000000002ba                memset
 *(.text.*)
 .text.NMI_Handler
                0x0000000000000362        0x2 ./User/ch32l103_it.o
                0x0000000000000362                NMI_Handler
 .text.HardFault_Handler
                0x0000000000000364       0x10 ./User/ch32l103_it.o
                0x0000000000000364                HardFault_Handler
 .text.startup.main
                0x0000000000000374      0x252 ./User/main.o
                0x0000000000000374                main
 .text.RTCAlarm_IRQHandler
                0x00000000000005c6       0x28 ./User/main.o
                0x00000000000005c6                RTCAlarm_IRQHandler
 .text.USART1_IRQHandler
                0x00000000000005ee       0x3a ./User/main.o
                0x00000000000005ee                USART1_IRQHandler
 .text.USART2_IRQHandler
                0x0000000000000628       0x42 ./User/main.o
                0x0000000000000628                USART2_IRQHandler
 .text.TIM2_IRQHandler
                0x000000000000066a      0x306 ./User/main.o
                0x000000000000066a                TIM2_IRQHandler
 .text.SystemInit
                0x0000000000000970       0xbc ./User/system_ch32l103.o
                0x0000000000000970                SystemInit
 .text.SystemCoreClockUpdate
                0x0000000000000a2c       0xa0 ./User/system_ch32l103.o
                0x0000000000000a2c                SystemCoreClockUpdate
 .text.vector_handler
                0x0000000000000acc        0x2 ./Startup/startup_ch32l103.o
                0x0000000000000acc                EXTI2_IRQHandler
                0x0000000000000acc                TIM1_CC_IRQHandler
                0x0000000000000acc                USBPD_IRQHandler
                0x0000000000000acc                SysTick_Handler
                0x0000000000000acc                PVD_IRQHandler
                0x0000000000000acc                EXTI3_IRQHandler
                0x0000000000000acc                USBFS_IRQHandler
                0x0000000000000acc                EXTI0_IRQHandler
                0x0000000000000acc                I2C2_EV_IRQHandler
                0x0000000000000acc                LPTIM_IRQHandler
                0x0000000000000acc                Break_Point_Handler
                0x0000000000000acc                SPI1_IRQHandler
                0x0000000000000acc                TAMPER_IRQHandler
                0x0000000000000acc                Ecall_M_Mode_Handler
                0x0000000000000acc                DMA1_Channel4_IRQHandler
                0x0000000000000acc                USART3_IRQHandler
                0x0000000000000acc                RTC_IRQHandler
                0x0000000000000acc                DMA1_Channel7_IRQHandler
                0x0000000000000acc                USBPDWakeUp_IRQHandler
                0x0000000000000acc                TIM4_IRQHandler
                0x0000000000000acc                I2C1_EV_IRQHandler
                0x0000000000000acc                USART4_IRQHandler
                0x0000000000000acc                DMA1_Channel6_IRQHandler
                0x0000000000000acc                TIM3_IRQHandler
                0x0000000000000acc                RCC_IRQHandler
                0x0000000000000acc                TIM1_TRG_COM_IRQHandler
                0x0000000000000acc                DMA1_Channel1_IRQHandler
                0x0000000000000acc                EXTI15_10_IRQHandler
                0x0000000000000acc                ADC_IRQHandler
                0x0000000000000acc                DMA1_Channel8_IRQHandler
                0x0000000000000acc                EXTI9_5_IRQHandler
                0x0000000000000acc                SPI2_IRQHandler
                0x0000000000000acc                DMA1_Channel5_IRQHandler
                0x0000000000000acc                EXTI4_IRQHandler
                0x0000000000000acc                USB_LP_CAN1_RX0_IRQHandler
                0x0000000000000acc                USB_HP_CAN1_TX_IRQHandler
                0x0000000000000acc                CMPWakeUp_IRQHandler
                0x0000000000000acc                DMA1_Channel3_IRQHandler
                0x0000000000000acc                TIM1_UP_IRQHandler
                0x0000000000000acc                LPTIMWakeUp_IRQHandler
                0x0000000000000acc                WWDG_IRQHandler
                0x0000000000000acc                Ecall_U_Mode_Handler
                0x0000000000000acc                SW_Handler
                0x0000000000000acc                TIM1_BRK_IRQHandler
                0x0000000000000acc                OPA_IRQHandler
                0x0000000000000acc                EXTI1_IRQHandler
                0x0000000000000acc                I2C2_ER_IRQHandler
                0x0000000000000acc                DMA1_Channel2_IRQHandler
                0x0000000000000acc                CAN1_SCE_IRQHandler
                0x0000000000000acc                FLASH_IRQHandler
                0x0000000000000acc                USBFSWakeUp_IRQHandler
                0x0000000000000acc                I2C1_ER_IRQHandler
 .text.handle_reset
                0x0000000000000ace       0x86 ./Startup/startup_ch32l103.o
                0x0000000000000ace                handle_reset
 .text.ADC_Init
                0x0000000000000b54       0x56 ./Peripheral/src/ch32l103_adc.o
                0x0000000000000b54                ADC_Init
 .text.ADC_Cmd  0x0000000000000baa       0x10 ./Peripheral/src/ch32l103_adc.o
                0x0000000000000baa                ADC_Cmd
 .text.ADC_DMACmd
                0x0000000000000bba       0x12 ./Peripheral/src/ch32l103_adc.o
                0x0000000000000bba                ADC_DMACmd
 .text.ADC_ResetCalibration
                0x0000000000000bcc        0xa ./Peripheral/src/ch32l103_adc.o
                0x0000000000000bcc                ADC_ResetCalibration
 .text.ADC_GetResetCalibrationStatus
                0x0000000000000bd6        0x8 ./Peripheral/src/ch32l103_adc.o
                0x0000000000000bd6                ADC_GetResetCalibrationStatus
 .text.ADC_StartCalibration
                0x0000000000000bde        0xa ./Peripheral/src/ch32l103_adc.o
                0x0000000000000bde                ADC_StartCalibration
 .text.ADC_GetCalibrationStatus
                0x0000000000000be8        0x8 ./Peripheral/src/ch32l103_adc.o
                0x0000000000000be8                ADC_GetCalibrationStatus
 .text.ADC_SoftwareStartConvCmd
                0x0000000000000bf0       0x18 ./Peripheral/src/ch32l103_adc.o
                0x0000000000000bf0                ADC_SoftwareStartConvCmd
 .text.ADC_RegularChannelConfig
                0x0000000000000c08       0xb8 ./Peripheral/src/ch32l103_adc.o
                0x0000000000000c08                ADC_RegularChannelConfig
 .text.ADC_BufferCmd
                0x0000000000000cc0       0x18 ./Peripheral/src/ch32l103_adc.o
                0x0000000000000cc0                ADC_BufferCmd
 .text.ADC_FIFO_Cmd
                0x0000000000000cd8       0x5c ./Peripheral/src/ch32l103_adc.o
                0x0000000000000cd8                ADC_FIFO_Cmd
 .text.BKP_WriteBackupRegister
                0x0000000000000d34       0x1c ./Peripheral/src/ch32l103_bkp.o
                0x0000000000000d34                BKP_WriteBackupRegister
 .text.DMA_Init
                0x0000000000000d50       0x38 ./Peripheral/src/ch32l103_dma.o
                0x0000000000000d50                DMA_Init
 .text.DMA_Cmd  0x0000000000000d88       0x14 ./Peripheral/src/ch32l103_dma.o
                0x0000000000000d88                DMA_Cmd
 .text.DMA_SetCurrDataCounter
                0x0000000000000d9c        0x4 ./Peripheral/src/ch32l103_dma.o
                0x0000000000000d9c                DMA_SetCurrDataCounter
 .text.DMA_GetFlagStatus
                0x0000000000000da0        0xe ./Peripheral/src/ch32l103_dma.o
                0x0000000000000da0                DMA_GetFlagStatus
 .text.DMA_ClearFlag
                0x0000000000000dae        0x8 ./Peripheral/src/ch32l103_dma.o
                0x0000000000000dae                DMA_ClearFlag
 .text.EXTI_Init
                0x0000000000000db6       0x6a ./Peripheral/src/ch32l103_exti.o
                0x0000000000000db6                EXTI_Init
 .text.EXTI_ClearITPendingBit
                0x0000000000000e20        0xa ./Peripheral/src/ch32l103_exti.o
                0x0000000000000e20                EXTI_ClearITPendingBit
 .text.GPIO_Init
                0x0000000000000e2a       0xc0 ./Peripheral/src/ch32l103_gpio.o
                0x0000000000000e2a                GPIO_Init
 .text.GPIO_ReadInputDataBit
                0x0000000000000eea        0xa ./Peripheral/src/ch32l103_gpio.o
                0x0000000000000eea                GPIO_ReadInputDataBit
 .text.GPIO_SetBits
                0x0000000000000ef4        0x4 ./Peripheral/src/ch32l103_gpio.o
                0x0000000000000ef4                GPIO_SetBits
 .text.GPIO_ResetBits
                0x0000000000000ef8        0x4 ./Peripheral/src/ch32l103_gpio.o
                0x0000000000000ef8                GPIO_ResetBits
 .text.GPIO_WriteBit
                0x0000000000000efc        0xa ./Peripheral/src/ch32l103_gpio.o
                0x0000000000000efc                GPIO_WriteBit
 .text.GPIO_PinRemapConfig
                0x0000000000000f06      0x12c ./Peripheral/src/ch32l103_gpio.o
                0x0000000000000f06                GPIO_PinRemapConfig
 .text.GPIO_IPD_Unused
                0x0000000000001032      0x1c4 ./Peripheral/src/ch32l103_gpio.o
                0x0000000000001032                GPIO_IPD_Unused
 .text.NVIC_PriorityGroupConfig
                0x00000000000011f6        0x6 ./Peripheral/src/ch32l103_misc.o
                0x00000000000011f6                NVIC_PriorityGroupConfig
 .text.NVIC_Init
                0x00000000000011fc       0x62 ./Peripheral/src/ch32l103_misc.o
                0x00000000000011fc                NVIC_Init
 .text.PWR_BackupAccessCmd
                0x000000000000125e       0x16 ./Peripheral/src/ch32l103_pwr.o
                0x000000000000125e                PWR_BackupAccessCmd
 .text.PWR_EnterSTOPMode
                0x0000000000001274       0x96 ./Peripheral/src/ch32l103_pwr.o
                0x0000000000001274                PWR_EnterSTOPMode
 .text.RCC_ADCCLKConfig
                0x000000000000130a       0x14 ./Peripheral/src/ch32l103_rcc.o
                0x000000000000130a                RCC_ADCCLKConfig
 .text.RCC_LSICmd
                0x000000000000131e       0x14 ./Peripheral/src/ch32l103_rcc.o
                0x000000000000131e                RCC_LSICmd
 .text.RCC_RTCCLKConfig
                0x0000000000001332        0xc ./Peripheral/src/ch32l103_rcc.o
                0x0000000000001332                RCC_RTCCLKConfig
 .text.RCC_RTCCLKCmd
                0x000000000000133e       0x20 ./Peripheral/src/ch32l103_rcc.o
                0x000000000000133e                RCC_RTCCLKCmd
 .text.RCC_GetClocksFreq
                0x000000000000135e       0xd6 ./Peripheral/src/ch32l103_rcc.o
                0x000000000000135e                RCC_GetClocksFreq
 .text.RCC_HBPeriphClockCmd
                0x0000000000001434       0x1e ./Peripheral/src/ch32l103_rcc.o
                0x0000000000001434                RCC_HBPeriphClockCmd
 .text.RCC_PB2PeriphClockCmd
                0x0000000000001452       0x1e ./Peripheral/src/ch32l103_rcc.o
                0x0000000000001452                RCC_PB2PeriphClockCmd
 .text.RCC_PB1PeriphClockCmd
                0x0000000000001470       0x1e ./Peripheral/src/ch32l103_rcc.o
                0x0000000000001470                RCC_PB1PeriphClockCmd
 .text.RCC_PB2PeriphResetCmd
                0x000000000000148e       0x1e ./Peripheral/src/ch32l103_rcc.o
                0x000000000000148e                RCC_PB2PeriphResetCmd
 .text.RCC_GetFlagStatus
                0x00000000000014ac       0x2e ./Peripheral/src/ch32l103_rcc.o
                0x00000000000014ac                RCC_GetFlagStatus
 .text.RTC_ITConfig
                0x00000000000014da       0x1a ./Peripheral/src/ch32l103_rtc.o
                0x00000000000014da                RTC_ITConfig
 .text.RTC_EnterConfigMode
                0x00000000000014f4       0x12 ./Peripheral/src/ch32l103_rtc.o
                0x00000000000014f4                RTC_EnterConfigMode
 .text.RTC_ExitConfigMode
                0x0000000000001506       0x18 ./Peripheral/src/ch32l103_rtc.o
                0x0000000000001506                RTC_ExitConfigMode
 .text.RTC_GetCounter
                0x000000000000151e       0x36 ./Peripheral/src/ch32l103_rtc.o
                0x000000000000151e                RTC_GetCounter
 .text.RTC_SetCounter
                0x0000000000001554       0x28 ./Peripheral/src/ch32l103_rtc.o
                0x0000000000001554                RTC_SetCounter
 .text.RTC_SetPrescaler
                0x000000000000157c       0x2a ./Peripheral/src/ch32l103_rtc.o
                0x000000000000157c                RTC_SetPrescaler
 .text.RTC_SetAlarm
                0x00000000000015a6       0x28 ./Peripheral/src/ch32l103_rtc.o
                0x00000000000015a6                RTC_SetAlarm
 .text.RTC_WaitForLastTask
                0x00000000000015ce       0x10 ./Peripheral/src/ch32l103_rtc.o
                0x00000000000015ce                RTC_WaitForLastTask
 .text.RTC_WaitForSynchro
                0x00000000000015de       0x24 ./Peripheral/src/ch32l103_rtc.o
                0x00000000000015de                RTC_WaitForSynchro
 .text.RTC_ClearFlag
                0x0000000000001602       0x14 ./Peripheral/src/ch32l103_rtc.o
                0x0000000000001602                RTC_ClearFlag
 .text.RTC_GetITStatus
                0x0000000000001616       0x20 ./Peripheral/src/ch32l103_rtc.o
                0x0000000000001616                RTC_GetITStatus
 .text.RTC_ClearITPendingBit
                0x0000000000001636        0xa ./Peripheral/src/ch32l103_rtc.o
                0x0000000000001636                RTC_ClearITPendingBit
 .text.SPI_Init
                0x0000000000001640       0x32 ./Peripheral/src/ch32l103_spi.o
                0x0000000000001640                SPI_Init
 .text.SPI_Cmd  0x0000000000001672       0x1a ./Peripheral/src/ch32l103_spi.o
                0x0000000000001672                SPI_Cmd
 .text.SPI_I2S_SendData
                0x000000000000168c        0x4 ./Peripheral/src/ch32l103_spi.o
                0x000000000000168c                SPI_I2S_SendData
 .text.SPI_I2S_ReceiveData
                0x0000000000001690        0x4 ./Peripheral/src/ch32l103_spi.o
                0x0000000000001690                SPI_I2S_ReceiveData
 .text.SPI_I2S_GetFlagStatus
                0x0000000000001694        0xa ./Peripheral/src/ch32l103_spi.o
                0x0000000000001694                SPI_I2S_GetFlagStatus
 .text.TIM_TimeBaseInit
                0x000000000000169e       0x76 ./Peripheral/src/ch32l103_tim.o
                0x000000000000169e                TIM_TimeBaseInit
 .text.TIM_Cmd  0x0000000000001714       0x18 ./Peripheral/src/ch32l103_tim.o
                0x0000000000001714                TIM_Cmd
 .text.TIM_ITConfig
                0x000000000000172c       0x12 ./Peripheral/src/ch32l103_tim.o
                0x000000000000172c                TIM_ITConfig
 .text.TIM_InternalClockConfig
                0x000000000000173e       0x10 ./Peripheral/src/ch32l103_tim.o
                0x000000000000173e                TIM_InternalClockConfig
 .text.TIM_ClearFlag
                0x000000000000174e        0xc ./Peripheral/src/ch32l103_tim.o
                0x000000000000174e                TIM_ClearFlag
 .text.TIM_GetITStatus
                0x000000000000175a       0x18 ./Peripheral/src/ch32l103_tim.o
                0x000000000000175a                TIM_GetITStatus
 .text.TIM_ClearITPendingBit
                0x0000000000001772        0xc ./Peripheral/src/ch32l103_tim.o
                0x0000000000001772                TIM_ClearITPendingBit
 .text.USART_Init
                0x000000000000177e       0xba ./Peripheral/src/ch32l103_usart.o
                0x000000000000177e                USART_Init
 .text.USART_Cmd
                0x0000000000001838       0x16 ./Peripheral/src/ch32l103_usart.o
                0x0000000000001838                USART_Cmd
 .text.USART_ITConfig
                0x000000000000184e       0x36 ./Peripheral/src/ch32l103_usart.o
                0x000000000000184e                USART_ITConfig
 .text.USART_DMACmd
                0x0000000000001884       0x12 ./Peripheral/src/ch32l103_usart.o
                0x0000000000001884                USART_DMACmd
 .text.USART_SendData
                0x0000000000001896        0x8 ./Peripheral/src/ch32l103_usart.o
                0x0000000000001896                USART_SendData
 .text.USART_ReceiveData
                0x000000000000189e        0x8 ./Peripheral/src/ch32l103_usart.o
                0x000000000000189e                USART_ReceiveData
 .text.USART_GetFlagStatus
                0x00000000000018a6        0xa ./Peripheral/src/ch32l103_usart.o
                0x00000000000018a6                USART_GetFlagStatus
 .text.USART_GetITStatus
                0x00000000000018b0       0x3c ./Peripheral/src/ch32l103_usart.o
                0x00000000000018b0                USART_GetITStatus
 .text.Sensor_GPIO_Init
                0x00000000000018ec       0x42 ./Hardware/ADC.o
                0x00000000000018ec                Sensor_GPIO_Init
 .text.ALLADC_Init
                0x000000000000192e      0x17e ./Hardware/ADC.o
                0x000000000000192e                ALLADC_Init
 .text.AD_GetValue
                0x0000000000001aac       0x46 ./Hardware/ADC.o
                0x0000000000001aac                AD_GetValue
 .text.Adaptive_filter
                0x0000000000001af2       0x7c ./Hardware/ADC.o
                0x0000000000001af2                Adaptive_filter
 .text.Get_ADC_value
                0x0000000000001b6e      0x206 ./Hardware/ADC.o
                0x0000000000001b6e                Get_ADC_value
 .text.IMUupdate
                0x0000000000001d74      0x4d2 ./Hardware/Angle.o
                0x0000000000001d74                IMUupdate
 .text.EC_Send_Cmd
                0x0000000000002246       0x5a ./Hardware/EC_01G.o
                0x0000000000002246                EC_Send_Cmd
 .text.EC_01G_Connect
                0x00000000000022a0       0xbc ./Hardware/EC_01G.o
                0x00000000000022a0                EC_01G_Connect
 .text.EC_01G_Topic_Init
                0x000000000000235c       0x50 ./Hardware/EC_01G.o
                0x000000000000235c                EC_01G_Topic_Init
 .text.EC_01G_Key_Capture
                0x00000000000023ac       0x50 ./Hardware/EC_01G.o
                0x00000000000023ac                EC_01G_Key_Capture
 .text.EC_01G_GPS_DataFree
                0x00000000000023fc       0xee ./Hardware/EC_01G.o
                0x00000000000023fc                EC_01G_GPS_DataFree
 .text.EC_01G_GPS_Get
                0x00000000000024ea      0x106 ./Hardware/EC_01G.o
                0x00000000000024ea                EC_01G_GPS_Get
 .text.EC_01G_GPS_Handle
                0x00000000000025f0      0x154 ./Hardware/EC_01G.o
                0x00000000000025f0                EC_01G_GPS_Handle
 .text.EC_01G_Send_Data
                0x0000000000002744      0x11e ./Hardware/EC_01G.o
                0x0000000000002744                EC_01G_Send_Data
 .text.Icm_SPI_ReadWriteNByte
                0x0000000000002862       0x20 ./Hardware/ICM42688.o
 .text.Icm42688_Read_Reg
                0x0000000000002882       0x3a ./Hardware/ICM42688.o
 .text.Icm42688_Write_Reg
                0x00000000000028bc       0x2e ./Hardware/ICM42688.o
 .text.Icm42688_Read_Regs
                0x00000000000028ea       0x30 ./Hardware/ICM42688.o
 .text.Icm42688RegCfg
                0x000000000000291a      0x16c ./Hardware/ICM42688.o
                0x000000000000291a                Icm42688RegCfg
 .text.ICM42688_Init
                0x0000000000002a86       0x14 ./Hardware/ICM42688.o
                0x0000000000002a86                ICM42688_Init
 .text.ICMGetRawData
                0x0000000000002a9a      0x104 ./Hardware/ICM42688.o
                0x0000000000002a9a                ICMGetRawData
 .text.ICM_GetAngle
                0x0000000000002b9e       0xf8 ./Hardware/ICM42688.o
                0x0000000000002b9e                ICM_GetAngle
 .text.calculate_tilt_angle
                0x0000000000002c96       0x32 ./Hardware/ICM42688.o
                0x0000000000002c96                calculate_tilt_angle
 .text.MyRTC_Init
                0x0000000000002cc8       0x70 ./Hardware/MyRTC.o
                0x0000000000002cc8                MyRTC_Init
 .text.RTC_SetClock
                0x0000000000002d38       0x64 ./Hardware/MyRTC.o
                0x0000000000002d38                RTC_SetClock
 .text.Enter_StopMode
                0x0000000000002d9c       0x16 ./Hardware/MyRTC.o
                0x0000000000002d9c                Enter_StopMode
 .text.MySPI_Init
                0x0000000000002db2       0xa4 ./Hardware/MySPI.o
                0x0000000000002db2                MySPI_Init
 .text.MySPI_Start
                0x0000000000002e56       0x18 ./Hardware/MySPI.o
                0x0000000000002e56                MySPI_Start
 .text.MySPI_Stop
                0x0000000000002e6e       0x18 ./Hardware/MySPI.o
                0x0000000000002e6e                MySPI_Stop
 .text.MySPI_WriteReadByte
                0x0000000000002e86       0x40 ./Hardware/MySPI.o
                0x0000000000002e86                MySPI_WriteReadByte
 .text.BEEP_Init
                0x0000000000002ec6       0x2e ./Hardware/Sensor.o
                0x0000000000002ec6                BEEP_Init
 .text.BEEP_Up  0x0000000000002ef4       0x16 ./Hardware/Sensor.o
                0x0000000000002ef4                BEEP_Up
 .text.BEEP_Down
                0x0000000000002f0a       0x16 ./Hardware/Sensor.o
                0x0000000000002f0a                BEEP_Down
 .text.Update_Display
                0x0000000000002f20      0x1ba ./Hardware/Sensor.o
                0x0000000000002f20                Update_Display
 .text.Buzzer_ON_Twice
                0x00000000000030da       0x54 ./Hardware/Serial.o
                0x00000000000030da                Buzzer_ON_Twice
 .text.DMA_Usart1_GPIO_Init
                0x000000000000312e       0x5e ./Hardware/Serial.o
                0x000000000000312e                DMA_Usart1_GPIO_Init
 .text.DMA_Usart1_Init
                0x000000000000318c       0xb6 ./Hardware/Serial.o
                0x000000000000318c                DMA_Usart1_Init
 .text.DMA_Usart2_GPIO_Init
                0x0000000000003242       0x44 ./Hardware/Serial.o
                0x0000000000003242                DMA_Usart2_GPIO_Init
 .text.DMA_Usart2_Init
                0x0000000000003286       0xba ./Hardware/Serial.o
                0x0000000000003286                DMA_Usart2_Init
 .text.DMA_Usart2_Start
                0x0000000000003340       0x2c ./Hardware/Serial.o
                0x0000000000003340                DMA_Usart2_Start
 .text.Usart1_Send_Char
                0x000000000000336c       0x2a ./Hardware/Serial.o
                0x000000000000336c                Usart1_Send_Char
 .text.Usart1_Send_String
                0x0000000000003396       0x18 ./Hardware/Serial.o
                0x0000000000003396                Usart1_Send_String
 .text.Usart2_Send_Char
                0x00000000000033ae       0x2a ./Hardware/Serial.o
                0x00000000000033ae                Usart2_Send_Char
 .text.Usart2_Send_String
                0x00000000000033d8       0x18 ./Hardware/Serial.o
                0x00000000000033d8                Usart2_Send_String
 .text.EC01G_Printf
                0x00000000000033f0       0x3c ./Hardware/Serial.o
                0x00000000000033f0                EC01G_Printf
 .text.LCD_Fill
                0x000000000000342c       0x3e ./Hardware/TFT_LCD.o
                0x000000000000342c                LCD_Fill
 .text.LCD_DrawPoint
                0x000000000000346a       0x14 ./Hardware/TFT_LCD.o
                0x000000000000346a                LCD_DrawPoint
 .text.LCD_ShowChar
                0x000000000000347e       0xe6 ./Hardware/TFT_LCD.o
                0x000000000000347e                LCD_ShowChar
 .text.LCD_ShowNum
                0x0000000000003564       0x66 ./Hardware/TFT_LCD.o
                0x0000000000003564                LCD_ShowNum
 .text.LCD_ShowFloatNum
                0x00000000000035ca       0xc8 ./Hardware/TFT_LCD.o
                0x00000000000035ca                LCD_ShowFloatNum
 .text.LCD_ShowImage
                0x0000000000003692       0xa8 ./Hardware/TFT_LCD.o
                0x0000000000003692                LCD_ShowImage
 .text.LCD_ShowString
                0x000000000000373a      0x1ba ./Hardware/TFT_LCD.o
                0x000000000000373a                LCD_ShowString
 .text.LCD_Printf
                0x00000000000038f4       0x60 ./Hardware/TFT_LCD.o
                0x00000000000038f4                LCD_Printf
 .text.LCD_GPIO_Init
                0x0000000000003954       0x3c ./Hardware/TFT_LCD_Init.o
                0x0000000000003954                LCD_GPIO_Init
 .text.LCD_Writ_Bus
                0x0000000000003990       0x6c ./Hardware/TFT_LCD_Init.o
                0x0000000000003990                LCD_Writ_Bus
 .text.LCD_WR_DATA
                0x00000000000039fc       0x18 ./Hardware/TFT_LCD_Init.o
                0x00000000000039fc                LCD_WR_DATA
 .text.LCD_WR_REG
                0x0000000000003a14       0x2c ./Hardware/TFT_LCD_Init.o
                0x0000000000003a14                LCD_WR_REG
 .text.LCD_Address_Set
                0x0000000000003a40       0x56 ./Hardware/TFT_LCD_Init.o
                0x0000000000003a40                LCD_Address_Set
 .text.LCD_Init
                0x0000000000003a96      0x1ea ./Hardware/TFT_LCD_Init.o
                0x0000000000003a96                LCD_Init
 .text.Timer_Init
                0x0000000000003c80       0x70 ./Hardware/Timer.o
                0x0000000000003c80                Timer_Init
 .text.Delay_Init
                0x0000000000003cf0       0x20 ./Debug/debug.o
                0x0000000000003cf0                Delay_Init
 .text.Delay_Ms
                0x0000000000003d10       0x36 ./Debug/debug.o
                0x0000000000003d10                Delay_Ms
 .text._sbrk    0x0000000000003d46       0x26 ./Debug/debug.o
                0x0000000000003d46                _sbrk
 .text.asin     0x0000000000003d6c       0xbe d:/ch32/mounriver_studio2/resources/app/resources/win32/components/wch/toolchain/risc-v embedded gcc/bin/../lib/gcc/riscv-none-embed/8.2.0/../../../../riscv-none-embed/lib/rv32imacxw/ilp32\libm.a(lib_a-w_asin.o)
                0x0000000000003d6c                asin
 .text.atan2    0x0000000000003e2a        0x4 d:/ch32/mounriver_studio2/resources/app/resources/win32/components/wch/toolchain/risc-v embedded gcc/bin/../lib/gcc/riscv-none-embed/8.2.0/../../../../riscv-none-embed/lib/rv32imacxw/ilp32\libm.a(lib_a-w_atan2.o)
                0x0000000000003e2a                atan2
 .text.pow      0x0000000000003e2e      0x326 d:/ch32/mounriver_studio2/resources/app/resources/win32/components/wch/toolchain/risc-v embedded gcc/bin/../lib/gcc/riscv-none-embed/8.2.0/../../../../riscv-none-embed/lib/rv32imacxw/ilp32\libm.a(lib_a-w_pow.o)
                0x0000000000003e2e                pow
 .text.sqrt     0x0000000000004154       0xba d:/ch32/mounriver_studio2/resources/app/resources/win32/components/wch/toolchain/risc-v embedded gcc/bin/../lib/gcc/riscv-none-embed/8.2.0/../../../../riscv-none-embed/lib/rv32imacxw/ilp32\libm.a(lib_a-w_sqrt.o)
                0x0000000000004154                sqrt
 .text.__ieee754_asin
                0x000000000000420e      0x468 d:/ch32/mounriver_studio2/resources/app/resources/win32/components/wch/toolchain/risc-v embedded gcc/bin/../lib/gcc/riscv-none-embed/8.2.0/../../../../riscv-none-embed/lib/rv32imacxw/ilp32\libm.a(lib_a-e_asin.o)
                0x000000000000420e                __ieee754_asin
 .text.__ieee754_atan2
                0x0000000000004676      0x1e4 d:/ch32/mounriver_studio2/resources/app/resources/win32/components/wch/toolchain/risc-v embedded gcc/bin/../lib/gcc/riscv-none-embed/8.2.0/../../../../riscv-none-embed/lib/rv32imacxw/ilp32\libm.a(lib_a-e_atan2.o)
                0x0000000000004676                __ieee754_atan2
 .text.__ieee754_pow
                0x000000000000485a      0xad8 d:/ch32/mounriver_studio2/resources/app/resources/win32/components/wch/toolchain/risc-v embedded gcc/bin/../lib/gcc/riscv-none-embed/8.2.0/../../../../riscv-none-embed/lib/rv32imacxw/ilp32\libm.a(lib_a-e_pow.o)
                0x000000000000485a                __ieee754_pow
 .text.__ieee754_sqrt
                0x0000000000005332      0x1d4 d:/ch32/mounriver_studio2/resources/app/resources/win32/components/wch/toolchain/risc-v embedded gcc/bin/../lib/gcc/riscv-none-embed/8.2.0/../../../../riscv-none-embed/lib/rv32imacxw/ilp32\libm.a(lib_a-e_sqrt.o)
                0x0000000000005332                __ieee754_sqrt
 .text.atan     0x0000000000005506      0x324 d:/ch32/mounriver_studio2/resources/app/resources/win32/components/wch/toolchain/risc-v embedded gcc/bin/../lib/gcc/riscv-none-embed/8.2.0/../../../../riscv-none-embed/lib/rv32imacxw/ilp32\libm.a(lib_a-s_atan.o)
                0x0000000000005506                atan
 .text.fabs     0x000000000000582a        0x6 d:/ch32/mounriver_studio2/resources/app/resources/win32/components/wch/toolchain/risc-v embedded gcc/bin/../lib/gcc/riscv-none-embed/8.2.0/../../../../riscv-none-embed/lib/rv32imacxw/ilp32\libm.a(lib_a-s_fabs.o)
                0x000000000000582a                fabs
 .text.finite   0x0000000000005830        0xe d:/ch32/mounriver_studio2/resources/app/resources/win32/components/wch/toolchain/risc-v embedded gcc/bin/../lib/gcc/riscv-none-embed/8.2.0/../../../../riscv-none-embed/lib/rv32imacxw/ilp32\libm.a(lib_a-s_finite.o)
                0x0000000000005830                finite
 .text.matherr  0x000000000000583e        0x4 d:/ch32/mounriver_studio2/resources/app/resources/win32/components/wch/toolchain/risc-v embedded gcc/bin/../lib/gcc/riscv-none-embed/8.2.0/../../../../riscv-none-embed/lib/rv32imacxw/ilp32\libm.a(lib_a-s_matherr.o)
                0x000000000000583e                matherr
 .text.nan      0x0000000000005842        0xe d:/ch32/mounriver_studio2/resources/app/resources/win32/components/wch/toolchain/risc-v embedded gcc/bin/../lib/gcc/riscv-none-embed/8.2.0/../../../../riscv-none-embed/lib/rv32imacxw/ilp32\libm.a(lib_a-s_nan.o)
                0x0000000000005842                nan
 .text.rint     0x0000000000005850      0x186 d:/ch32/mounriver_studio2/resources/app/resources/win32/components/wch/toolchain/risc-v embedded gcc/bin/../lib/gcc/riscv-none-embed/8.2.0/../../../../riscv-none-embed/lib/rv32imacxw/ilp32\libm.a(lib_a-s_rint.o)
                0x0000000000005850                rint
 .text.scalbn   0x00000000000059d6      0x13e d:/ch32/mounriver_studio2/resources/app/resources/win32/components/wch/toolchain/risc-v embedded gcc/bin/../lib/gcc/riscv-none-embed/8.2.0/../../../../riscv-none-embed/lib/rv32imacxw/ilp32\libm.a(lib_a-s_scalbn.o)
                0x00000000000059d6                scalbn
 .text.copysign
                0x0000000000005b14       0x16 d:/ch32/mounriver_studio2/resources/app/resources/win32/components/wch/toolchain/risc-v embedded gcc/bin/../lib/gcc/riscv-none-embed/8.2.0/../../../../riscv-none-embed/lib/rv32imacxw/ilp32\libm.a(lib_a-s_copysign.o)
                0x0000000000005b14                copysign
 .text.__adddf3
                0x0000000000005b2a      0x730 d:/ch32/mounriver_studio2/resources/app/resources/win32/components/wch/toolchain/risc-v embedded gcc/bin/../lib/gcc/riscv-none-embed/8.2.0/rv32imacxw/ilp32\libgcc.a(adddf3.o)
                0x0000000000005b2a                __adddf3
 .text.__divdf3
                0x000000000000625a      0x5b4 d:/ch32/mounriver_studio2/resources/app/resources/win32/components/wch/toolchain/risc-v embedded gcc/bin/../lib/gcc/riscv-none-embed/8.2.0/rv32imacxw/ilp32\libgcc.a(divdf3.o)
                0x000000000000625a                __divdf3
 .text.__eqdf2  0x000000000000680e       0x6a d:/ch32/mounriver_studio2/resources/app/resources/win32/components/wch/toolchain/risc-v embedded gcc/bin/../lib/gcc/riscv-none-embed/8.2.0/rv32imacxw/ilp32\libgcc.a(eqdf2.o)
                0x000000000000680e                __nedf2
                0x000000000000680e                __eqdf2
 .text.__gedf2  0x0000000000006878       0xae d:/ch32/mounriver_studio2/resources/app/resources/win32/components/wch/toolchain/risc-v embedded gcc/bin/../lib/gcc/riscv-none-embed/8.2.0/rv32imacxw/ilp32\libgcc.a(gedf2.o)
                0x0000000000006878                __gedf2
                0x0000000000006878                __gtdf2
 .text.__ledf2  0x0000000000006926       0xb6 d:/ch32/mounriver_studio2/resources/app/resources/win32/components/wch/toolchain/risc-v embedded gcc/bin/../lib/gcc/riscv-none-embed/8.2.0/rv32imacxw/ilp32\libgcc.a(ledf2.o)
                0x0000000000006926                __ledf2
                0x0000000000006926                __ltdf2
 .text.__muldf3
                0x00000000000069dc      0x4b8 d:/ch32/mounriver_studio2/resources/app/resources/win32/components/wch/toolchain/risc-v embedded gcc/bin/../lib/gcc/riscv-none-embed/8.2.0/rv32imacxw/ilp32\libgcc.a(muldf3.o)
                0x00000000000069dc                __muldf3
 .text.__subdf3
                0x0000000000006e94      0x73e d:/ch32/mounriver_studio2/resources/app/resources/win32/components/wch/toolchain/risc-v embedded gcc/bin/../lib/gcc/riscv-none-embed/8.2.0/rv32imacxw/ilp32\libgcc.a(subdf3.o)
                0x0000000000006e94                __subdf3
 .text.__unorddf2
                0x00000000000075d2       0x3c d:/ch32/mounriver_studio2/resources/app/resources/win32/components/wch/toolchain/risc-v embedded gcc/bin/../lib/gcc/riscv-none-embed/8.2.0/rv32imacxw/ilp32\libgcc.a(unorddf2.o)
                0x00000000000075d2                __unorddf2
 .text.__fixdfsi
                0x000000000000760e       0x68 d:/ch32/mounriver_studio2/resources/app/resources/win32/components/wch/toolchain/risc-v embedded gcc/bin/../lib/gcc/riscv-none-embed/8.2.0/rv32imacxw/ilp32\libgcc.a(fixdfsi.o)
                0x000000000000760e                __fixdfsi
 .text.__fixunsdfsi
                0x0000000000007676       0x5c d:/ch32/mounriver_studio2/resources/app/resources/win32/components/wch/toolchain/risc-v embedded gcc/bin/../lib/gcc/riscv-none-embed/8.2.0/rv32imacxw/ilp32\libgcc.a(fixunsdfsi.o)
                0x0000000000007676                __fixunsdfsi
 .text.__floatsidf
                0x00000000000076d2       0x72 d:/ch32/mounriver_studio2/resources/app/resources/win32/components/wch/toolchain/risc-v embedded gcc/bin/../lib/gcc/riscv-none-embed/8.2.0/rv32imacxw/ilp32\libgcc.a(floatsidf.o)
                0x00000000000076d2                __floatsidf
 .text.__floatunsidf
                0x0000000000007744       0x68 d:/ch32/mounriver_studio2/resources/app/resources/win32/components/wch/toolchain/risc-v embedded gcc/bin/../lib/gcc/riscv-none-embed/8.2.0/rv32imacxw/ilp32\libgcc.a(floatunsidf.o)
                0x0000000000007744                __floatunsidf
 .text.__addsf3
                0x00000000000077ac      0x36a d:/ch32/mounriver_studio2/resources/app/resources/win32/components/wch/toolchain/risc-v embedded gcc/bin/../lib/gcc/riscv-none-embed/8.2.0/rv32imacxw/ilp32\libgcc.a(addsf3.o)
                0x00000000000077ac                __addsf3
 .text.__divsf3
                0x0000000000007b16      0x2b2 d:/ch32/mounriver_studio2/resources/app/resources/win32/components/wch/toolchain/risc-v embedded gcc/bin/../lib/gcc/riscv-none-embed/8.2.0/rv32imacxw/ilp32\libgcc.a(divsf3.o)
                0x0000000000007b16                __divsf3
 .text.__eqsf2  0x0000000000007dc8       0x5c d:/ch32/mounriver_studio2/resources/app/resources/win32/components/wch/toolchain/risc-v embedded gcc/bin/../lib/gcc/riscv-none-embed/8.2.0/rv32imacxw/ilp32\libgcc.a(eqsf2.o)
                0x0000000000007dc8                __eqsf2
                0x0000000000007dc8                __nesf2
 .text.__gesf2  0x0000000000007e24       0x86 d:/ch32/mounriver_studio2/resources/app/resources/win32/components/wch/toolchain/risc-v embedded gcc/bin/../lib/gcc/riscv-none-embed/8.2.0/rv32imacxw/ilp32\libgcc.a(gesf2.o)
                0x0000000000007e24                __gesf2
                0x0000000000007e24                __gtsf2
 .text.__lesf2  0x0000000000007eaa       0x8c d:/ch32/mounriver_studio2/resources/app/resources/win32/components/wch/toolchain/risc-v embedded gcc/bin/../lib/gcc/riscv-none-embed/8.2.0/rv32imacxw/ilp32\libgcc.a(lesf2.o)
                0x0000000000007eaa                __ltsf2
                0x0000000000007eaa                __lesf2
 .text.__mulsf3
                0x0000000000007f36      0x294 d:/ch32/mounriver_studio2/resources/app/resources/win32/components/wch/toolchain/risc-v embedded gcc/bin/../lib/gcc/riscv-none-embed/8.2.0/rv32imacxw/ilp32\libgcc.a(mulsf3.o)
                0x0000000000007f36                __mulsf3
 .text.__subsf3
                0x00000000000081ca      0x388 d:/ch32/mounriver_studio2/resources/app/resources/win32/components/wch/toolchain/risc-v embedded gcc/bin/../lib/gcc/riscv-none-embed/8.2.0/rv32imacxw/ilp32\libgcc.a(subsf3.o)
                0x00000000000081ca                __subsf3
 .text.__fixsfsi
                0x0000000000008552       0x62 d:/ch32/mounriver_studio2/resources/app/resources/win32/components/wch/toolchain/risc-v embedded gcc/bin/../lib/gcc/riscv-none-embed/8.2.0/rv32imacxw/ilp32\libgcc.a(fixsfsi.o)
                0x0000000000008552                __fixsfsi
 .text.__fixunssfsi
                0x00000000000085b4       0x56 d:/ch32/mounriver_studio2/resources/app/resources/win32/components/wch/toolchain/risc-v embedded gcc/bin/../lib/gcc/riscv-none-embed/8.2.0/rv32imacxw/ilp32\libgcc.a(fixunssfsi.o)
                0x00000000000085b4                __fixunssfsi
 .text.__floatsisf
                0x000000000000860a       0xc6 d:/ch32/mounriver_studio2/resources/app/resources/win32/components/wch/toolchain/risc-v embedded gcc/bin/../lib/gcc/riscv-none-embed/8.2.0/rv32imacxw/ilp32\libgcc.a(floatsisf.o)
                0x000000000000860a                __floatsisf
 .text.__floatunsisf
                0x00000000000086d0       0xce d:/ch32/mounriver_studio2/resources/app/resources/win32/components/wch/toolchain/risc-v embedded gcc/bin/../lib/gcc/riscv-none-embed/8.2.0/rv32imacxw/ilp32\libgcc.a(floatunsisf.o)
                0x00000000000086d0                __floatunsisf
 .text.__extendsfdf2
                0x000000000000879e       0xac d:/ch32/mounriver_studio2/resources/app/resources/win32/components/wch/toolchain/risc-v embedded gcc/bin/../lib/gcc/riscv-none-embed/8.2.0/rv32imacxw/ilp32\libgcc.a(extendsfdf2.o)
                0x000000000000879e                __extendsfdf2
 .text.__truncdfsf2
                0x000000000000884a      0x16a d:/ch32/mounriver_studio2/resources/app/resources/win32/components/wch/toolchain/risc-v embedded gcc/bin/../lib/gcc/riscv-none-embed/8.2.0/rv32imacxw/ilp32\libgcc.a(truncdfsf2.o)
                0x000000000000884a                __truncdfsf2
 .text.__clzsi2
                0x00000000000089b4       0x6e d:/ch32/mounriver_studio2/resources/app/resources/win32/components/wch/toolchain/risc-v embedded gcc/bin/../lib/gcc/riscv-none-embed/8.2.0/rv32imacxw/ilp32\libgcc.a(_clzsi2.o)
                0x00000000000089b4                __clzsi2
 .text.atof     0x0000000000008a22        0x6 d:/ch32/mounriver_studio2/resources/app/resources/win32/components/wch/toolchain/risc-v embedded gcc/bin/../lib/gcc/riscv-none-embed/8.2.0/../../../../riscv-none-embed/lib/rv32imacxw/ilp32\libg_nano.a(lib_a-atof.o)
                0x0000000000008a22                atof
 .text.atoi     0x0000000000008a28        0x8 d:/ch32/mounriver_studio2/resources/app/resources/win32/components/wch/toolchain/risc-v embedded gcc/bin/../lib/gcc/riscv-none-embed/8.2.0/../../../../riscv-none-embed/lib/rv32imacxw/ilp32\libg_nano.a(lib_a-atoi.o)
                0x0000000000008a28                atoi
 .text.__errno  0x0000000000008a30        0x8 d:/ch32/mounriver_studio2/resources/app/resources/win32/components/wch/toolchain/risc-v embedded gcc/bin/../lib/gcc/riscv-none-embed/8.2.0/../../../../riscv-none-embed/lib/rv32imacxw/ilp32\libg_nano.a(lib_a-errno.o)
                0x0000000000008a30                __errno
 .text.malloc   0x0000000000008a38        0xa d:/ch32/mounriver_studio2/resources/app/resources/win32/components/wch/toolchain/risc-v embedded gcc/bin/../lib/gcc/riscv-none-embed/8.2.0/../../../../riscv-none-embed/lib/rv32imacxw/ilp32\libg_nano.a(lib_a-malloc.o)
                0x0000000000008a38                malloc
 .text._free_r  0x0000000000008a42       0xa8 d:/ch32/mounriver_studio2/resources/app/resources/win32/components/wch/toolchain/risc-v embedded gcc/bin/../lib/gcc/riscv-none-embed/8.2.0/../../../../riscv-none-embed/lib/rv32imacxw/ilp32\libg_nano.a(lib_a-nano-freer.o)
                0x0000000000008a42                _free_r
 .text._malloc_r
                0x0000000000008aea       0xda d:/ch32/mounriver_studio2/resources/app/resources/win32/components/wch/toolchain/risc-v embedded gcc/bin/../lib/gcc/riscv-none-embed/8.2.0/../../../../riscv-none-embed/lib/rv32imacxw/ilp32\libg_nano.a(lib_a-nano-mallocr.o)
                0x0000000000008aea                _malloc_r
 .text.__cvt    0x0000000000008bc4       0xea d:/ch32/mounriver_studio2/resources/app/resources/win32/components/wch/toolchain/risc-v embedded gcc/bin/../lib/gcc/riscv-none-embed/8.2.0/../../../../riscv-none-embed/lib/rv32imacxw/ilp32\libg_nano.a(lib_a-nano-vfprintf_float.o)
                0x0000000000008bc4                __cvt
 .text.__exponent
                0x0000000000008cae       0x84 d:/ch32/mounriver_studio2/resources/app/resources/win32/components/wch/toolchain/risc-v embedded gcc/bin/../lib/gcc/riscv-none-embed/8.2.0/../../../../riscv-none-embed/lib/rv32imacxw/ilp32\libg_nano.a(lib_a-nano-vfprintf_float.o)
                0x0000000000008cae                __exponent
 .text._printf_float
                0x0000000000008d32      0x4c4 d:/ch32/mounriver_studio2/resources/app/resources/win32/components/wch/toolchain/risc-v embedded gcc/bin/../lib/gcc/riscv-none-embed/8.2.0/../../../../riscv-none-embed/lib/rv32imacxw/ilp32\libg_nano.a(lib_a-nano-vfprintf_float.o)
                0x0000000000008d32                _printf_float
 .text._printf_common
                0x00000000000091f6      0x10c d:/ch32/mounriver_studio2/resources/app/resources/win32/components/wch/toolchain/risc-v embedded gcc/bin/../lib/gcc/riscv-none-embed/8.2.0/../../../../riscv-none-embed/lib/rv32imacxw/ilp32\libg_nano.a(lib_a-nano-vfprintf_i.o)
                0x00000000000091f6                _printf_common
 .text._printf_i
                0x0000000000009302      0x2a4 d:/ch32/mounriver_studio2/resources/app/resources/win32/components/wch/toolchain/risc-v embedded gcc/bin/../lib/gcc/riscv-none-embed/8.2.0/../../../../riscv-none-embed/lib/rv32imacxw/ilp32\libg_nano.a(lib_a-nano-vfprintf_i.o)
                0x0000000000009302                _printf_i
 .text._sbrk_r  0x00000000000095a6       0x2a d:/ch32/mounriver_studio2/resources/app/resources/win32/components/wch/toolchain/risc-v embedded gcc/bin/../lib/gcc/riscv-none-embed/8.2.0/../../../../riscv-none-embed/lib/rv32imacxw/ilp32\libg_nano.a(lib_a-sbrkr.o)
                0x00000000000095a6                _sbrk_r
 .text.strlen   0x00000000000095d0       0x12 d:/ch32/mounriver_studio2/resources/app/resources/win32/components/wch/toolchain/risc-v embedded gcc/bin/../lib/gcc/riscv-none-embed/8.2.0/../../../../riscv-none-embed/lib/rv32imacxw/ilp32\libg_nano.a(lib_a-strlen.o)
                0x00000000000095d0                strlen
 .text.strstr   0x00000000000095e2       0x34 d:/ch32/mounriver_studio2/resources/app/resources/win32/components/wch/toolchain/risc-v embedded gcc/bin/../lib/gcc/riscv-none-embed/8.2.0/../../../../riscv-none-embed/lib/rv32imacxw/ilp32\libg_nano.a(lib_a-strstr.o)
                0x00000000000095e2                strstr
 .text.sulp     0x0000000000009616       0x4e d:/ch32/mounriver_studio2/resources/app/resources/win32/components/wch/toolchain/risc-v embedded gcc/bin/../lib/gcc/riscv-none-embed/8.2.0/../../../../riscv-none-embed/lib/rv32imacxw/ilp32\libg_nano.a(lib_a-strtod.o)
 .text._strtod_l
                0x0000000000009664      0xc6c d:/ch32/mounriver_studio2/resources/app/resources/win32/components/wch/toolchain/risc-v embedded gcc/bin/../lib/gcc/riscv-none-embed/8.2.0/../../../../riscv-none-embed/lib/rv32imacxw/ilp32\libg_nano.a(lib_a-strtod.o)
                0x0000000000009664                _strtod_l
 .text.strtod   0x000000000000a2d0       0x1c d:/ch32/mounriver_studio2/resources/app/resources/win32/components/wch/toolchain/risc-v embedded gcc/bin/../lib/gcc/riscv-none-embed/8.2.0/../../../../riscv-none-embed/lib/rv32imacxw/ilp32\libg_nano.a(lib_a-strtod.o)
                0x000000000000a2d0                strtod
 .text._strtol_l.isra.0
                0x000000000000a2ec      0x13a d:/ch32/mounriver_studio2/resources/app/resources/win32/components/wch/toolchain/risc-v embedded gcc/bin/../lib/gcc/riscv-none-embed/8.2.0/../../../../riscv-none-embed/lib/rv32imacxw/ilp32\libg_nano.a(lib_a-strtol.o)
 .text.strtol   0x000000000000a426       0x1e d:/ch32/mounriver_studio2/resources/app/resources/win32/components/wch/toolchain/risc-v embedded gcc/bin/../lib/gcc/riscv-none-embed/8.2.0/../../../../riscv-none-embed/lib/rv32imacxw/ilp32\libg_nano.a(lib_a-strtol.o)
                0x000000000000a426                strtol
 .text._vsprintf_r
                0x000000000000a444       0x2e d:/ch32/mounriver_studio2/resources/app/resources/win32/components/wch/toolchain/risc-v embedded gcc/bin/../lib/gcc/riscv-none-embed/8.2.0/../../../../riscv-none-embed/lib/rv32imacxw/ilp32\libg_nano.a(lib_a-vsprintf.o)
                0x000000000000a444                _vsprintf_r
                0x000000000000a444                _vsiprintf_r
 .text.vsprintf
                0x000000000000a472       0x10 d:/ch32/mounriver_studio2/resources/app/resources/win32/components/wch/toolchain/risc-v embedded gcc/bin/../lib/gcc/riscv-none-embed/8.2.0/../../../../riscv-none-embed/lib/rv32imacxw/ilp32\libg_nano.a(lib_a-vsprintf.o)
                0x000000000000a472                vsiprintf
                0x000000000000a472                vsprintf
 .text.quorem   0x000000000000a482      0x13a d:/ch32/mounriver_studio2/resources/app/resources/win32/components/wch/toolchain/risc-v embedded gcc/bin/../lib/gcc/riscv-none-embed/8.2.0/../../../../riscv-none-embed/lib/rv32imacxw/ilp32\libg_nano.a(lib_a-dtoa.o)
 .text._dtoa_r  0x000000000000a5bc      0xc16 d:/ch32/mounriver_studio2/resources/app/resources/win32/components/wch/toolchain/risc-v embedded gcc/bin/../lib/gcc/riscv-none-embed/8.2.0/../../../../riscv-none-embed/lib/rv32imacxw/ilp32\libg_nano.a(lib_a-dtoa.o)
                0x000000000000a5bc                _dtoa_r
 .text.rshift   0x000000000000b1d2       0x76 d:/ch32/mounriver_studio2/resources/app/resources/win32/components/wch/toolchain/risc-v embedded gcc/bin/../lib/gcc/riscv-none-embed/8.2.0/../../../../riscv-none-embed/lib/rv32imacxw/ilp32\libg_nano.a(lib_a-gdtoa-gethex.o)
 .text.__hexdig_fun
                0x000000000000b248       0x40 d:/ch32/mounriver_studio2/resources/app/resources/win32/components/wch/toolchain/risc-v embedded gcc/bin/../lib/gcc/riscv-none-embed/8.2.0/../../../../riscv-none-embed/lib/rv32imacxw/ilp32\libg_nano.a(lib_a-gdtoa-gethex.o)
                0x000000000000b248                __hexdig_fun
 .text.__gethex
                0x000000000000b288      0x4ca d:/ch32/mounriver_studio2/resources/app/resources/win32/components/wch/toolchain/risc-v embedded gcc/bin/../lib/gcc/riscv-none-embed/8.2.0/../../../../riscv-none-embed/lib/rv32imacxw/ilp32\libg_nano.a(lib_a-gdtoa-gethex.o)
                0x000000000000b288                __gethex
 .text.L_shift  0x000000000000b752       0x2c d:/ch32/mounriver_studio2/resources/app/resources/win32/components/wch/toolchain/risc-v embedded gcc/bin/../lib/gcc/riscv-none-embed/8.2.0/../../../../riscv-none-embed/lib/rv32imacxw/ilp32\libg_nano.a(lib_a-gdtoa-hexnan.o)
 .text.__match  0x000000000000b77e       0x2e d:/ch32/mounriver_studio2/resources/app/resources/win32/components/wch/toolchain/risc-v embedded gcc/bin/../lib/gcc/riscv-none-embed/8.2.0/../../../../riscv-none-embed/lib/rv32imacxw/ilp32\libg_nano.a(lib_a-gdtoa-hexnan.o)
                0x000000000000b77e                __match
 .text.__hexnan
                0x000000000000b7ac      0x15e d:/ch32/mounriver_studio2/resources/app/resources/win32/components/wch/toolchain/risc-v embedded gcc/bin/../lib/gcc/riscv-none-embed/8.2.0/../../../../riscv-none-embed/lib/rv32imacxw/ilp32\libg_nano.a(lib_a-gdtoa-hexnan.o)
                0x000000000000b7ac                __hexnan
 .text.__locale_ctype_ptr_l
                0x000000000000b90a        0x6 d:/ch32/mounriver_studio2/resources/app/resources/win32/components/wch/toolchain/risc-v embedded gcc/bin/../lib/gcc/riscv-none-embed/8.2.0/../../../../riscv-none-embed/lib/rv32imacxw/ilp32\libg_nano.a(lib_a-locale.o)
                0x000000000000b90a                __locale_ctype_ptr_l
 .text.__localeconv_l
                0x000000000000b910        0x6 d:/ch32/mounriver_studio2/resources/app/resources/win32/components/wch/toolchain/risc-v embedded gcc/bin/../lib/gcc/riscv-none-embed/8.2.0/../../../../riscv-none-embed/lib/rv32imacxw/ilp32\libg_nano.a(lib_a-localeconv.o)
                0x000000000000b910                __localeconv_l
 .text._localeconv_r
                0x000000000000b916       0x18 d:/ch32/mounriver_studio2/resources/app/resources/win32/components/wch/toolchain/risc-v embedded gcc/bin/../lib/gcc/riscv-none-embed/8.2.0/../../../../riscv-none-embed/lib/rv32imacxw/ilp32\libg_nano.a(lib_a-localeconv.o)
                0x000000000000b916                _localeconv_r
 .text.__ascii_mbtowc
                0x000000000000b92e       0x32 d:/ch32/mounriver_studio2/resources/app/resources/win32/components/wch/toolchain/risc-v embedded gcc/bin/../lib/gcc/riscv-none-embed/8.2.0/../../../../riscv-none-embed/lib/rv32imacxw/ilp32\libg_nano.a(lib_a-mbtowc_r.o)
                0x000000000000b92e                __ascii_mbtowc
 .text.memchr   0x000000000000b960       0x18 d:/ch32/mounriver_studio2/resources/app/resources/win32/components/wch/toolchain/risc-v embedded gcc/bin/../lib/gcc/riscv-none-embed/8.2.0/../../../../riscv-none-embed/lib/rv32imacxw/ilp32\libg_nano.a(lib_a-memchr.o)
                0x000000000000b960                memchr
 .text.memcpy   0x000000000000b978       0xb2 d:/ch32/mounriver_studio2/resources/app/resources/win32/components/wch/toolchain/risc-v embedded gcc/bin/../lib/gcc/riscv-none-embed/8.2.0/../../../../riscv-none-embed/lib/rv32imacxw/ilp32\libg_nano.a(lib_a-memcpy.o)
                0x000000000000b978                memcpy
 .text.__malloc_lock
                0x000000000000ba2a        0x2 d:/ch32/mounriver_studio2/resources/app/resources/win32/components/wch/toolchain/risc-v embedded gcc/bin/../lib/gcc/riscv-none-embed/8.2.0/../../../../riscv-none-embed/lib/rv32imacxw/ilp32\libg_nano.a(lib_a-mlock.o)
                0x000000000000ba2a                __malloc_lock
 .text.__malloc_unlock
                0x000000000000ba2c        0x2 d:/ch32/mounriver_studio2/resources/app/resources/win32/components/wch/toolchain/risc-v embedded gcc/bin/../lib/gcc/riscv-none-embed/8.2.0/../../../../riscv-none-embed/lib/rv32imacxw/ilp32\libg_nano.a(lib_a-mlock.o)
                0x000000000000ba2c                __malloc_unlock
 .text._Balloc  0x000000000000ba2e       0x8c d:/ch32/mounriver_studio2/resources/app/resources/win32/components/wch/toolchain/risc-v embedded gcc/bin/../lib/gcc/riscv-none-embed/8.2.0/../../../../riscv-none-embed/lib/rv32imacxw/ilp32\libg_nano.a(lib_a-mprec.o)
                0x000000000000ba2e                _Balloc
 .text._Bfree   0x000000000000baba       0x44 d:/ch32/mounriver_studio2/resources/app/resources/win32/components/wch/toolchain/risc-v embedded gcc/bin/../lib/gcc/riscv-none-embed/8.2.0/../../../../riscv-none-embed/lib/rv32imacxw/ilp32\libg_nano.a(lib_a-mprec.o)
                0x000000000000baba                _Bfree
 .text.__multadd
                0x000000000000bafe       0x98 d:/ch32/mounriver_studio2/resources/app/resources/win32/components/wch/toolchain/risc-v embedded gcc/bin/../lib/gcc/riscv-none-embed/8.2.0/../../../../riscv-none-embed/lib/rv32imacxw/ilp32\libg_nano.a(lib_a-mprec.o)
                0x000000000000bafe                __multadd
 .text.__s2b    0x000000000000bb96       0xa4 d:/ch32/mounriver_studio2/resources/app/resources/win32/components/wch/toolchain/risc-v embedded gcc/bin/../lib/gcc/riscv-none-embed/8.2.0/../../../../riscv-none-embed/lib/rv32imacxw/ilp32\libg_nano.a(lib_a-mprec.o)
                0x000000000000bb96                __s2b
 .text.__hi0bits
                0x000000000000bc3a       0x46 d:/ch32/mounriver_studio2/resources/app/resources/win32/components/wch/toolchain/risc-v embedded gcc/bin/../lib/gcc/riscv-none-embed/8.2.0/../../../../riscv-none-embed/lib/rv32imacxw/ilp32\libg_nano.a(lib_a-mprec.o)
                0x000000000000bc3a                __hi0bits
 .text.__lo0bits
                0x000000000000bc80       0x6a d:/ch32/mounriver_studio2/resources/app/resources/win32/components/wch/toolchain/risc-v embedded gcc/bin/../lib/gcc/riscv-none-embed/8.2.0/../../../../riscv-none-embed/lib/rv32imacxw/ilp32\libg_nano.a(lib_a-mprec.o)
                0x000000000000bc80                __lo0bits
 .text.__i2b    0x000000000000bcea       0x1c d:/ch32/mounriver_studio2/resources/app/resources/win32/components/wch/toolchain/risc-v embedded gcc/bin/../lib/gcc/riscv-none-embed/8.2.0/../../../../riscv-none-embed/lib/rv32imacxw/ilp32\libg_nano.a(lib_a-mprec.o)
                0x000000000000bcea                __i2b
 .text.__multiply
                0x000000000000bd06      0x144 d:/ch32/mounriver_studio2/resources/app/resources/win32/components/wch/toolchain/risc-v embedded gcc/bin/../lib/gcc/riscv-none-embed/8.2.0/../../../../riscv-none-embed/lib/rv32imacxw/ilp32\libg_nano.a(lib_a-mprec.o)
                0x000000000000bd06                __multiply
 .text.__pow5mult
                0x000000000000be4a       0xbe d:/ch32/mounriver_studio2/resources/app/resources/win32/components/wch/toolchain/risc-v embedded gcc/bin/../lib/gcc/riscv-none-embed/8.2.0/../../../../riscv-none-embed/lib/rv32imacxw/ilp32\libg_nano.a(lib_a-mprec.o)
                0x000000000000be4a                __pow5mult
 .text.__lshift
                0x000000000000bf08       0xce d:/ch32/mounriver_studio2/resources/app/resources/win32/components/wch/toolchain/risc-v embedded gcc/bin/../lib/gcc/riscv-none-embed/8.2.0/../../../../riscv-none-embed/lib/rv32imacxw/ilp32\libg_nano.a(lib_a-mprec.o)
                0x000000000000bf08                __lshift
 .text.__mcmp   0x000000000000bfd6       0x32 d:/ch32/mounriver_studio2/resources/app/resources/win32/components/wch/toolchain/risc-v embedded gcc/bin/../lib/gcc/riscv-none-embed/8.2.0/../../../../riscv-none-embed/lib/rv32imacxw/ilp32\libg_nano.a(lib_a-mprec.o)
                0x000000000000bfd6                __mcmp
 .text.__mdiff  0x000000000000c008       0xf2 d:/ch32/mounriver_studio2/resources/app/resources/win32/components/wch/toolchain/risc-v embedded gcc/bin/../lib/gcc/riscv-none-embed/8.2.0/../../../../riscv-none-embed/lib/rv32imacxw/ilp32\libg_nano.a(lib_a-mprec.o)
                0x000000000000c008                __mdiff
 .text.__ulp    0x000000000000c0fa       0x46 d:/ch32/mounriver_studio2/resources/app/resources/win32/components/wch/toolchain/risc-v embedded gcc/bin/../lib/gcc/riscv-none-embed/8.2.0/../../../../riscv-none-embed/lib/rv32imacxw/ilp32\libg_nano.a(lib_a-mprec.o)
                0x000000000000c0fa                __ulp
 .text.__b2d    0x000000000000c140       0xb4 d:/ch32/mounriver_studio2/resources/app/resources/win32/components/wch/toolchain/risc-v embedded gcc/bin/../lib/gcc/riscv-none-embed/8.2.0/../../../../riscv-none-embed/lib/rv32imacxw/ilp32\libg_nano.a(lib_a-mprec.o)
                0x000000000000c140                __b2d
 .text.__d2b    0x000000000000c1f4       0xd4 d:/ch32/mounriver_studio2/resources/app/resources/win32/components/wch/toolchain/risc-v embedded gcc/bin/../lib/gcc/riscv-none-embed/8.2.0/../../../../riscv-none-embed/lib/rv32imacxw/ilp32\libg_nano.a(lib_a-mprec.o)
                0x000000000000c1f4                __d2b
 .text.__ratio  0x000000000000c2c8       0x74 d:/ch32/mounriver_studio2/resources/app/resources/win32/components/wch/toolchain/risc-v embedded gcc/bin/../lib/gcc/riscv-none-embed/8.2.0/../../../../riscv-none-embed/lib/rv32imacxw/ilp32\libg_nano.a(lib_a-mprec.o)
                0x000000000000c2c8                __ratio
 .text.__copybits
                0x000000000000c33c       0x36 d:/ch32/mounriver_studio2/resources/app/resources/win32/components/wch/toolchain/risc-v embedded gcc/bin/../lib/gcc/riscv-none-embed/8.2.0/../../../../riscv-none-embed/lib/rv32imacxw/ilp32\libg_nano.a(lib_a-mprec.o)
                0x000000000000c33c                __copybits
 .text.__any_on
                0x000000000000c372       0x46 d:/ch32/mounriver_studio2/resources/app/resources/win32/components/wch/toolchain/risc-v embedded gcc/bin/../lib/gcc/riscv-none-embed/8.2.0/../../../../riscv-none-embed/lib/rv32imacxw/ilp32\libg_nano.a(lib_a-mprec.o)
                0x000000000000c372                __any_on
 .text._calloc_r
                0x000000000000c3b8       0x28 d:/ch32/mounriver_studio2/resources/app/resources/win32/components/wch/toolchain/risc-v embedded gcc/bin/../lib/gcc/riscv-none-embed/8.2.0/../../../../riscv-none-embed/lib/rv32imacxw/ilp32\libg_nano.a(lib_a-nano-callocr.o)
                0x000000000000c3b8                _calloc_r
 .text.__ssputs_r
                0x000000000000c3e0       0xe0 d:/ch32/mounriver_studio2/resources/app/resources/win32/components/wch/toolchain/risc-v embedded gcc/bin/../lib/gcc/riscv-none-embed/8.2.0/../../../../riscv-none-embed/lib/rv32imacxw/ilp32\libg_nano.a(lib_a-nano-svfprintf.o)
                0x000000000000c3e0                __ssputs_r
 .text._svfprintf_r
                0x000000000000c4c0      0x268 d:/ch32/mounriver_studio2/resources/app/resources/win32/components/wch/toolchain/risc-v embedded gcc/bin/../lib/gcc/riscv-none-embed/8.2.0/../../../../riscv-none-embed/lib/rv32imacxw/ilp32\libg_nano.a(lib_a-nano-svfprintf.o)
                0x000000000000c4c0                _svfiprintf_r
                0x000000000000c4c0                _svfprintf_r
 .text.strncmp  0x000000000000c728       0x28 d:/ch32/mounriver_studio2/resources/app/resources/win32/components/wch/toolchain/risc-v embedded gcc/bin/../lib/gcc/riscv-none-embed/8.2.0/../../../../riscv-none-embed/lib/rv32imacxw/ilp32\libg_nano.a(lib_a-strncmp.o)
                0x000000000000c728                strncmp
 .text.__ascii_wctomb
                0x000000000000c750       0x1e d:/ch32/mounriver_studio2/resources/app/resources/win32/components/wch/toolchain/risc-v embedded gcc/bin/../lib/gcc/riscv-none-embed/8.2.0/../../../../riscv-none-embed/lib/rv32imacxw/ilp32\libg_nano.a(lib_a-wctomb_r.o)
                0x000000000000c750                __ascii_wctomb
 .text.memmove  0x000000000000c76e       0x46 d:/ch32/mounriver_studio2/resources/app/resources/win32/components/wch/toolchain/risc-v embedded gcc/bin/../lib/gcc/riscv-none-embed/8.2.0/../../../../riscv-none-embed/lib/rv32imacxw/ilp32\libg_nano.a(lib_a-memmove.o)
                0x000000000000c76e                memmove
 .text._realloc_r
                0x000000000000c7b4       0x58 d:/ch32/mounriver_studio2/resources/app/resources/win32/components/wch/toolchain/risc-v embedded gcc/bin/../lib/gcc/riscv-none-embed/8.2.0/../../../../riscv-none-embed/lib/rv32imacxw/ilp32\libg_nano.a(lib_a-nano-reallocr.o)
                0x000000000000c7b4                _realloc_r
 .text._malloc_usable_size_r
                0x000000000000c80c       0x14 d:/ch32/mounriver_studio2/resources/app/resources/win32/components/wch/toolchain/risc-v embedded gcc/bin/../lib/gcc/riscv-none-embed/8.2.0/../../../../riscv-none-embed/lib/rv32imacxw/ilp32\libg_nano.a(lib_a-nano-msizer.o)
                0x000000000000c80c                _malloc_usable_size_r
 .text.__trunctfdf2
                0x000000000000c820      0x21e d:/ch32/mounriver_studio2/resources/app/resources/win32/components/wch/toolchain/risc-v embedded gcc/bin/../lib/gcc/riscv-none-embed/8.2.0/rv32imacxw/ilp32\libgcc.a(trunctfdf2.o)
                0x000000000000c820                __trunctfdf2
 *(.rodata)
 *(.rodata*)
 *fill*         0x000000000000ca3e        0x2 
 .rodata.TIM2_IRQHandler.cst4
                0x000000000000ca40        0x8 ./User/main.o
 *fill*         0x000000000000ca48        0x0 
 .rodata.main.cst8
                0x000000000000ca48       0x10 ./User/main.o
 .rodata.main.str1.4
                0x000000000000ca58       0xae ./User/main.o
 *fill*         0x000000000000cb06        0x2 
 .rodata.Adaptive_filter.cst4
                0x000000000000cb08        0xc ./Hardware/ADC.o
 .rodata.Get_ADC_value.cst4
                0x000000000000cb14       0x2c ./Hardware/ADC.o
 .rodata.Get_ADC_value.cst8
                0x000000000000cb40       0x20 ./Hardware/ADC.o
 .rodata.str1.4
                0x000000000000cb60        0xf ./Hardware/ADC.o
 *fill*         0x000000000000cb6f        0x1 
 .rodata.IMUupdate.cst4
                0x000000000000cb70       0x10 ./Hardware/Angle.o
 .rodata.IMUupdate.cst8
                0x000000000000cb80        0x8 ./Hardware/Angle.o
 .rodata.kalmanFilter.cst4
                0x000000000000cb88        0x4 ./Hardware/Angle.o
 .rodata.EC_01G_GPS_DataFree
                0x000000000000cb88       0x14 ./Hardware/EC_01G.o
 .rodata.EC_01G_GPS_Get
                0x000000000000cb9c       0x24 ./Hardware/EC_01G.o
 .rodata.EC_01G_Connect.str1.4
                0x000000000000cbc0       0xbc ./Hardware/EC_01G.o
 .rodata.EC_01G_GPS_Get.str1.4
                0x000000000000cc7c        0x7 ./Hardware/EC_01G.o
 .rodata.EC_01G_GPS_Handle.cst4
                0x000000000000cc83        0x4 ./Hardware/EC_01G.o
 *fill*         0x000000000000cc83        0x5 
 .rodata.EC_01G_GPS_Handle.cst8
                0x000000000000cc88        0x8 ./Hardware/EC_01G.o
 .rodata.EC_01G_Key_Capture.str1.4
                0x000000000000cc90       0x3c ./Hardware/EC_01G.o
 .rodata.EC_01G_Send_Data.str1.4
                0x000000000000cccc       0xe6 ./Hardware/EC_01G.o
 *fill*         0x000000000000cdb2        0x2 
 .rodata.EC_01G_Topic_Init.str1.4
                0x000000000000cdb4       0x71 ./Hardware/EC_01G.o
 *fill*         0x000000000000ce25        0x3 
 .rodata.str1.4
                0x000000000000ce28       0x3f ./Hardware/EC_01G.o
 *fill*         0x000000000000ce67        0x1 
 .rodata.ICM_GetAngle.cst4
                0x000000000000ce68       0x10 ./Hardware/ICM42688.o
                                         0x14 (size before relaxing)
 .rodata.Icm42688GetAres.cst4
                0x000000000000ce78       0x10 ./Hardware/ICM42688.o
 .rodata.Icm42688GetGres.cst4
                0x000000000000ce88       0x1c ./Hardware/ICM42688.o
 .rodata.Dnterface_Display.cst8
                0x000000000000cea4       0x10 ./Hardware/Sensor.o
 .rodata.Update_Display.cst4
                0x000000000000cea4        0x4 ./Hardware/Sensor.o
 .rodata.Update_Display.str1.4
                0x000000000000cea4        0x7 ./Hardware/Sensor.o
                                          0xf (size before relaxing)
 *fill*         0x000000000000ceab        0x1 
 .rodata.ascii_2412
                0x000000000000ceac     0x11d0 ./Hardware/TFT_LCD.o
                0x000000000000ceac                ascii_2412
 .rodata.tfont24
                0x000000000000e07c      0x5b7 ./Hardware/TFT_LCD.o
                0x000000000000e07c                tfont24
 *fill*         0x000000000000e633        0x1 
 .rodata.tfont32
                0x000000000000e634      0x428 ./Hardware/TFT_LCD.o
                0x000000000000e634                tfont32
 .rodata.asin.cst8
                0x000000000000ea5c        0x8 d:/ch32/mounriver_studio2/resources/app/resources/win32/components/wch/toolchain/risc-v embedded gcc/bin/../lib/gcc/riscv-none-embed/8.2.0/../../../../riscv-none-embed/lib/rv32imacxw/ilp32\libm.a(lib_a-w_asin.o)
 .rodata.asin.str1.4
                0x000000000000ea5c        0x5 d:/ch32/mounriver_studio2/resources/app/resources/win32/components/wch/toolchain/risc-v embedded gcc/bin/../lib/gcc/riscv-none-embed/8.2.0/../../../../riscv-none-embed/lib/rv32imacxw/ilp32\libm.a(lib_a-w_asin.o)
                                          0x9 (size before relaxing)
 *fill*         0x000000000000ea61        0x7 
 .rodata.pow.cst8
                0x000000000000ea68       0x20 d:/ch32/mounriver_studio2/resources/app/resources/win32/components/wch/toolchain/risc-v embedded gcc/bin/../lib/gcc/riscv-none-embed/8.2.0/../../../../riscv-none-embed/lib/rv32imacxw/ilp32\libm.a(lib_a-w_pow.o)
                                         0x30 (size before relaxing)
 .rodata.pow.str1.4
                0x000000000000ea88        0x4 d:/ch32/mounriver_studio2/resources/app/resources/win32/components/wch/toolchain/risc-v embedded gcc/bin/../lib/gcc/riscv-none-embed/8.2.0/../../../../riscv-none-embed/lib/rv32imacxw/ilp32\libm.a(lib_a-w_pow.o)
 .rodata.sqrt.str1.4
                0x000000000000ea8c        0x5 d:/ch32/mounriver_studio2/resources/app/resources/win32/components/wch/toolchain/risc-v embedded gcc/bin/../lib/gcc/riscv-none-embed/8.2.0/../../../../riscv-none-embed/lib/rv32imacxw/ilp32\libm.a(lib_a-w_sqrt.o)
 *fill*         0x000000000000ea91        0x7 
 .rodata.__ieee754_asin.cst8
                0x000000000000ea98       0x70 d:/ch32/mounriver_studio2/resources/app/resources/win32/components/wch/toolchain/risc-v embedded gcc/bin/../lib/gcc/riscv-none-embed/8.2.0/../../../../riscv-none-embed/lib/rv32imacxw/ilp32\libm.a(lib_a-e_asin.o)
                                         0x80 (size before relaxing)
 .rodata.__ieee754_atan2.cst8
                0x000000000000eb08       0x40 d:/ch32/mounriver_studio2/resources/app/resources/win32/components/wch/toolchain/risc-v embedded gcc/bin/../lib/gcc/riscv-none-embed/8.2.0/../../../../riscv-none-embed/lib/rv32imacxw/ilp32\libm.a(lib_a-e_atan2.o)
                                         0x50 (size before relaxing)
 .rodata.__ieee754_pow.cst8
                0x000000000000eb48       0xf8 d:/ch32/mounriver_studio2/resources/app/resources/win32/components/wch/toolchain/risc-v embedded gcc/bin/../lib/gcc/riscv-none-embed/8.2.0/../../../../riscv-none-embed/lib/rv32imacxw/ilp32\libm.a(lib_a-e_pow.o)
                                        0x110 (size before relaxing)
 .rodata.__ieee754_pow.str1.4
                0x000000000000ec40        0x1 d:/ch32/mounriver_studio2/resources/app/resources/win32/components/wch/toolchain/risc-v embedded gcc/bin/../lib/gcc/riscv-none-embed/8.2.0/../../../../riscv-none-embed/lib/rv32imacxw/ilp32\libm.a(lib_a-e_pow.o)
 .rodata.atan.cst8
                0x000000000000ec40       0x58 d:/ch32/mounriver_studio2/resources/app/resources/win32/components/wch/toolchain/risc-v embedded gcc/bin/../lib/gcc/riscv-none-embed/8.2.0/../../../../riscv-none-embed/lib/rv32imacxw/ilp32\libm.a(lib_a-s_atan.o)
                                         0x90 (size before relaxing)
 .rodata.atanhi
                0x000000000000ec98       0x20 d:/ch32/mounriver_studio2/resources/app/resources/win32/components/wch/toolchain/risc-v embedded gcc/bin/../lib/gcc/riscv-none-embed/8.2.0/../../../../riscv-none-embed/lib/rv32imacxw/ilp32\libm.a(lib_a-s_atan.o)
 .rodata.atanlo
                0x000000000000ecb8       0x20 d:/ch32/mounriver_studio2/resources/app/resources/win32/components/wch/toolchain/risc-v embedded gcc/bin/../lib/gcc/riscv-none-embed/8.2.0/../../../../riscv-none-embed/lib/rv32imacxw/ilp32\libm.a(lib_a-s_atan.o)
 .rodata.nan.cst8
                0x000000000000ecd8        0x8 d:/ch32/mounriver_studio2/resources/app/resources/win32/components/wch/toolchain/risc-v embedded gcc/bin/../lib/gcc/riscv-none-embed/8.2.0/../../../../riscv-none-embed/lib/rv32imacxw/ilp32\libm.a(lib_a-s_nan.o)
 .rodata.TWO52  0x000000000000ece0       0x10 d:/ch32/mounriver_studio2/resources/app/resources/win32/components/wch/toolchain/risc-v embedded gcc/bin/../lib/gcc/riscv-none-embed/8.2.0/../../../../riscv-none-embed/lib/rv32imacxw/ilp32\libm.a(lib_a-s_rint.o)
 .rodata.scalbn.cst8
                0x000000000000ecf0       0x10 d:/ch32/mounriver_studio2/resources/app/resources/win32/components/wch/toolchain/risc-v embedded gcc/bin/../lib/gcc/riscv-none-embed/8.2.0/../../../../riscv-none-embed/lib/rv32imacxw/ilp32\libm.a(lib_a-s_scalbn.o)
                                         0x20 (size before relaxing)
 .rodata.__divdf3
                0x000000000000ed00       0x40 d:/ch32/mounriver_studio2/resources/app/resources/win32/components/wch/toolchain/risc-v embedded gcc/bin/../lib/gcc/riscv-none-embed/8.2.0/rv32imacxw/ilp32\libgcc.a(divdf3.o)
 .rodata.__muldf3
                0x000000000000ed40       0x40 d:/ch32/mounriver_studio2/resources/app/resources/win32/components/wch/toolchain/risc-v embedded gcc/bin/../lib/gcc/riscv-none-embed/8.2.0/rv32imacxw/ilp32\libgcc.a(muldf3.o)
 .rodata.__divsf3
                0x000000000000ed80       0x80 d:/ch32/mounriver_studio2/resources/app/resources/win32/components/wch/toolchain/risc-v embedded gcc/bin/../lib/gcc/riscv-none-embed/8.2.0/rv32imacxw/ilp32\libgcc.a(divsf3.o)
 .rodata.__mulsf3
                0x000000000000ee00       0x40 d:/ch32/mounriver_studio2/resources/app/resources/win32/components/wch/toolchain/risc-v embedded gcc/bin/../lib/gcc/riscv-none-embed/8.2.0/rv32imacxw/ilp32\libgcc.a(mulsf3.o)
 .rodata.__clz_tab
                0x000000000000ee40      0x100 d:/ch32/mounriver_studio2/resources/app/resources/win32/components/wch/toolchain/risc-v embedded gcc/bin/../lib/gcc/riscv-none-embed/8.2.0/rv32imacxw/ilp32\libgcc.a(_clz.o)
                0x000000000000ee40                __clz_tab
 .rodata._printf_float.cst8
                0x000000000000ef40        0x8 d:/ch32/mounriver_studio2/resources/app/resources/win32/components/wch/toolchain/risc-v embedded gcc/bin/../lib/gcc/riscv-none-embed/8.2.0/../../../../riscv-none-embed/lib/rv32imacxw/ilp32\libg_nano.a(lib_a-nano-vfprintf_float.o)
 .rodata._printf_float.str1.4
                0x000000000000ef48       0x12 d:/ch32/mounriver_studio2/resources/app/resources/win32/components/wch/toolchain/risc-v embedded gcc/bin/../lib/gcc/riscv-none-embed/8.2.0/../../../../riscv-none-embed/lib/rv32imacxw/ilp32\libg_nano.a(lib_a-nano-vfprintf_float.o)
 *fill*         0x000000000000ef5a        0x2 
 .rodata._printf_i.str1.4
                0x000000000000ef5c       0x25 d:/ch32/mounriver_studio2/resources/app/resources/win32/components/wch/toolchain/risc-v embedded gcc/bin/../lib/gcc/riscv-none-embed/8.2.0/../../../../riscv-none-embed/lib/rv32imacxw/ilp32\libg_nano.a(lib_a-nano-vfprintf_i.o)
 *fill*         0x000000000000ef81        0x3 
 .rodata._strtod_l
                0x000000000000ef84       0x14 d:/ch32/mounriver_studio2/resources/app/resources/win32/components/wch/toolchain/risc-v embedded gcc/bin/../lib/gcc/riscv-none-embed/8.2.0/../../../../riscv-none-embed/lib/rv32imacxw/ilp32\libg_nano.a(lib_a-strtod.o)
 .rodata._strtod_l.cst8
                0x000000000000ef98       0x20 d:/ch32/mounriver_studio2/resources/app/resources/win32/components/wch/toolchain/risc-v embedded gcc/bin/../lib/gcc/riscv-none-embed/8.2.0/../../../../riscv-none-embed/lib/rv32imacxw/ilp32\libg_nano.a(lib_a-strtod.o)
                                         0x38 (size before relaxing)
 .rodata._strtod_l.str1.4
                0x000000000000efb8        0xf d:/ch32/mounriver_studio2/resources/app/resources/win32/components/wch/toolchain/risc-v embedded gcc/bin/../lib/gcc/riscv-none-embed/8.2.0/../../../../riscv-none-embed/lib/rv32imacxw/ilp32\libg_nano.a(lib_a-strtod.o)
 *fill*         0x000000000000efc7        0x1 
 .rodata.fpi.3395
                0x000000000000efc8       0x14 d:/ch32/mounriver_studio2/resources/app/resources/win32/components/wch/toolchain/risc-v embedded gcc/bin/../lib/gcc/riscv-none-embed/8.2.0/../../../../riscv-none-embed/lib/rv32imacxw/ilp32\libg_nano.a(lib_a-strtod.o)
 .rodata.fpinan.3431
                0x000000000000efdc       0x14 d:/ch32/mounriver_studio2/resources/app/resources/win32/components/wch/toolchain/risc-v embedded gcc/bin/../lib/gcc/riscv-none-embed/8.2.0/../../../../riscv-none-embed/lib/rv32imacxw/ilp32\libg_nano.a(lib_a-strtod.o)
 .rodata.tinytens
                0x000000000000eff0       0x28 d:/ch32/mounriver_studio2/resources/app/resources/win32/components/wch/toolchain/risc-v embedded gcc/bin/../lib/gcc/riscv-none-embed/8.2.0/../../../../riscv-none-embed/lib/rv32imacxw/ilp32\libg_nano.a(lib_a-strtod.o)
 .rodata._dtoa_r.cst8
                0x000000000000f018       0x30 d:/ch32/mounriver_studio2/resources/app/resources/win32/components/wch/toolchain/risc-v embedded gcc/bin/../lib/gcc/riscv-none-embed/8.2.0/../../../../riscv-none-embed/lib/rv32imacxw/ilp32\libg_nano.a(lib_a-dtoa.o)
                                         0x48 (size before relaxing)
 .rodata._dtoa_r.str1.4
                0x000000000000f048       0x10 d:/ch32/mounriver_studio2/resources/app/resources/win32/components/wch/toolchain/risc-v embedded gcc/bin/../lib/gcc/riscv-none-embed/8.2.0/../../../../riscv-none-embed/lib/rv32imacxw/ilp32\libg_nano.a(lib_a-dtoa.o)
                                         0x12 (size before relaxing)
 .rodata._setlocale_r.str1.4
                0x000000000000f058        0xa d:/ch32/mounriver_studio2/resources/app/resources/win32/components/wch/toolchain/risc-v embedded gcc/bin/../lib/gcc/riscv-none-embed/8.2.0/../../../../riscv-none-embed/lib/rv32imacxw/ilp32\libg_nano.a(lib_a-locale.o)
                                          0xd (size before relaxing)
 *fill*         0x000000000000f062        0x2 
 .rodata.str1.4
                0x000000000000f064        0x2 d:/ch32/mounriver_studio2/resources/app/resources/win32/components/wch/toolchain/risc-v embedded gcc/bin/../lib/gcc/riscv-none-embed/8.2.0/../../../../riscv-none-embed/lib/rv32imacxw/ilp32\libg_nano.a(lib_a-locale.o)
 *fill*         0x000000000000f066        0x2 
 .rodata.__mprec_bigtens
                0x000000000000f068       0x28 d:/ch32/mounriver_studio2/resources/app/resources/win32/components/wch/toolchain/risc-v embedded gcc/bin/../lib/gcc/riscv-none-embed/8.2.0/../../../../riscv-none-embed/lib/rv32imacxw/ilp32\libg_nano.a(lib_a-mprec.o)
                0x000000000000f068                __mprec_bigtens
 .rodata.__mprec_tens
                0x000000000000f090       0xc8 d:/ch32/mounriver_studio2/resources/app/resources/win32/components/wch/toolchain/risc-v embedded gcc/bin/../lib/gcc/riscv-none-embed/8.2.0/../../../../riscv-none-embed/lib/rv32imacxw/ilp32\libg_nano.a(lib_a-mprec.o)
                0x000000000000f090                __mprec_tens
 .rodata.p05.3319
                0x000000000000f158        0xc d:/ch32/mounriver_studio2/resources/app/resources/win32/components/wch/toolchain/risc-v embedded gcc/bin/../lib/gcc/riscv-none-embed/8.2.0/../../../../riscv-none-embed/lib/rv32imacxw/ilp32\libg_nano.a(lib_a-mprec.o)
 .rodata._svfprintf_r.str1.4
                0x000000000000f164       0x14 d:/ch32/mounriver_studio2/resources/app/resources/win32/components/wch/toolchain/risc-v embedded gcc/bin/../lib/gcc/riscv-none-embed/8.2.0/../../../../riscv-none-embed/lib/rv32imacxw/ilp32\libg_nano.a(lib_a-nano-svfprintf.o)
                                         0x13 (size before relaxing)
 .rodata._ctype_
                0x000000000000f178      0x101 d:/ch32/mounriver_studio2/resources/app/resources/win32/components/wch/toolchain/risc-v embedded gcc/bin/../lib/gcc/riscv-none-embed/8.2.0/../../../../riscv-none-embed/lib/rv32imacxw/ilp32\libg_nano.a(lib_a-ctype_.o)
                0x000000000000f178                _ctype_
 *(.gnu.linkonce.t.*)
                0x000000000000f27c                . = ALIGN (0x4)
 *fill*         0x000000000000f279        0x3 

.rela.dyn       0x000000000000f27c        0x0
 .rela.init     0x000000000000f27c        0x0 ./User/ch32l103_it.o
 .rela.vector   0x000000000000f27c        0x0 ./User/ch32l103_it.o
 .rela.text.handle_reset
                0x000000000000f27c        0x0 ./User/ch32l103_it.o
 .rela.text._sbrk
                0x000000000000f27c        0x0 ./User/ch32l103_it.o
 .rela.sdata.curbrk.4999
                0x000000000000f27c        0x0 ./User/ch32l103_it.o
 .rela.data.impure_data
                0x000000000000f27c        0x0 ./User/ch32l103_it.o
 .rela.text._sbrk_r
                0x000000000000f27c        0x0 ./User/ch32l103_it.o
 .rela.text._svfprintf_r
                0x000000000000f27c        0x0 ./User/ch32l103_it.o

.fini           0x000000000000f27c        0x0
 *(SORT_NONE(.fini))
                0x000000000000f27c                . = ALIGN (0x4)
                [!provide]                        PROVIDE (_etext = .)
                [!provide]                        PROVIDE (_eitcm = .)

.preinit_array  0x000000000000f27c        0x0
                [!provide]                        PROVIDE (__preinit_array_start = .)
 *(.preinit_array)
                [!provide]                        PROVIDE (__preinit_array_end = .)

.init_array     0x000000000000f27c        0x0
                [!provide]                        PROVIDE (__init_array_start = .)
 *(SORT_BY_INIT_PRIORITY(.init_array.*) SORT_BY_INIT_PRIORITY(.ctors.*))
 *(.init_array EXCLUDE_FILE(*crtend?.o *crtend.o *crtbegin?.o *crtbegin.o) .ctors)
                [!provide]                        PROVIDE (__init_array_end = .)

.fini_array     0x000000000000f27c        0x0
                [!provide]                        PROVIDE (__fini_array_start = .)
 *(SORT_BY_INIT_PRIORITY(.fini_array.*) SORT_BY_INIT_PRIORITY(.dtors.*))
 *(.fini_array EXCLUDE_FILE(*crtend?.o *crtend.o *crtbegin?.o *crtbegin.o) .dtors)
                [!provide]                        PROVIDE (__fini_array_end = .)

.ctors
 *crtbegin.o(.ctors)
 *crtbegin?.o(.ctors)
 *(EXCLUDE_FILE(*crtend?.o *crtend.o) .ctors)
 *(SORT_BY_NAME(.ctors.*))
 *(.ctors)

.dtors
 *crtbegin.o(.dtors)
 *crtbegin?.o(.dtors)
 *(EXCLUDE_FILE(*crtend?.o *crtend.o) .dtors)
 *(SORT_BY_NAME(.dtors.*))
 *(.dtors)

.dalign         0x0000000020000000        0x0 load address 0x000000000000f27c
                0x0000000020000000                . = ALIGN (0x4)
                0x0000000020000000                PROVIDE (_data_vma = .)

.dlalign        0x000000000000f27c        0x0
                0x000000000000f27c                . = ALIGN (0x4)
                0x000000000000f27c                PROVIDE (_data_lma = .)

.data           0x0000000020000000      0x238 load address 0x000000000000f27c
 *(.gnu.linkonce.r.*)
 *(.data .data.*)
 .data.HBPrescTable
                0x0000000020000000       0x10 ./User/system_ch32l103.o
                0x0000000020000000                HBPrescTable
 .data.PBHBPrescTable
                0x0000000020000010       0x10 ./Peripheral/src/ch32l103_rcc.o
 .data.impure_data
                0x0000000020000020       0x60 d:/ch32/mounriver_studio2/resources/app/resources/win32/components/wch/toolchain/risc-v embedded gcc/bin/../lib/gcc/riscv-none-embed/8.2.0/../../../../riscv-none-embed/lib/rv32imacxw/ilp32\libg_nano.a(lib_a-impure.o)
 .data.__global_locale
                0x0000000020000080      0x16c d:/ch32/mounriver_studio2/resources/app/resources/win32/components/wch/toolchain/risc-v embedded gcc/bin/../lib/gcc/riscv-none-embed/8.2.0/../../../../riscv-none-embed/lib/rv32imacxw/ilp32\libg_nano.a(lib_a-locale.o)
                0x0000000020000080                __global_locale
 *(.gnu.linkonce.d.*)
                0x00000000200001f0                . = ALIGN (0x8)
 *fill*         0x00000000200001ec        0x4 
                0x00000000200009f0                PROVIDE (__global_pointer$ = (. + 0x800))
 *(.sdata .sdata.*)
 .sdata.BenDi_GO
                0x00000000200001f0        0x1 ./User/main.o
                0x00000000200001f0                BenDi_GO
 .sdata.V_Bat_Sw
                0x00000000200001f1        0x1 ./User/main.o
                0x00000000200001f1                V_Bat_Sw
 .sdata.Warning_Send
                0x00000000200001f2        0x1 ./User/main.o
                0x00000000200001f2                Warning_Send
 .sdata.Warning_Yun
                0x00000000200001f3        0x1 ./User/main.o
                0x00000000200001f3                Warning_Yun
 .sdata.SystemCoreClock
                0x00000000200001f4        0x4 ./User/system_ch32l103.o
                0x00000000200001f4                SystemCoreClock
 .sdata.ADCPrescTable
                0x00000000200001f8        0x4 ./Peripheral/src/ch32l103_rcc.o
 .sdata.Alpha   0x00000000200001fc        0x4 ./Hardware/ADC.o
                0x00000000200001fc                Alpha
 .sdata.Once    0x0000000020000200        0x1 ./Hardware/ADC.o
                0x0000000020000200                Once
 *fill*         0x0000000020000201        0x3 
 .sdata.Safety  0x0000000020000204        0x4 ./Hardware/ADC.o
                0x0000000020000204                Safety
 .sdata.Warn    0x0000000020000208        0x4 ./Hardware/ADC.o
                0x0000000020000208                Warn
 .sdata.q0      0x000000002000020c        0x4 ./Hardware/Angle.o
                0x000000002000020c                q0
 .sdata.OFF     0x0000000020000210        0x4 ./Hardware/EC_01G.o
                0x0000000020000210                OFF
 .sdata.OK_Ack  0x0000000020000214        0x4 ./Hardware/EC_01G.o
                0x0000000020000214                OK_Ack
 .sdata.ON      0x0000000020000218        0x4 ./Hardware/EC_01G.o
                0x0000000020000218                ON
 .sdata.successfully_Connected
                0x000000002000021c        0x4 ./Hardware/EC_01G.o
                0x000000002000021c                successfully_Connected
 .sdata.successfully_Open_Channel
                0x0000000020000220        0x4 ./Hardware/EC_01G.o
                0x0000000020000220                successfully_Open_Channel
 .sdata.AccSensitivity
                0x0000000020000224        0x4 ./Hardware/ICM42688.o
 .sdata.GyroSensitivity
                0x0000000020000228        0x4 ./Hardware/ICM42688.o
 .sdata.curbrk.4999
                0x000000002000022c        0x4 ./Debug/debug.o
 .sdata.__fdlib_version
                0x0000000020000230        0x4 d:/ch32/mounriver_studio2/resources/app/resources/win32/components/wch/toolchain/risc-v embedded gcc/bin/../lib/gcc/riscv-none-embed/8.2.0/../../../../riscv-none-embed/lib/rv32imacxw/ilp32\libm.a(lib_a-s_lib_ver.o)
                0x0000000020000230                __fdlib_version
 .sdata._impure_ptr
                0x0000000020000234        0x4 d:/ch32/mounriver_studio2/resources/app/resources/win32/components/wch/toolchain/risc-v embedded gcc/bin/../lib/gcc/riscv-none-embed/8.2.0/../../../../riscv-none-embed/lib/rv32imacxw/ilp32\libg_nano.a(lib_a-impure.o)
                0x0000000020000234                _impure_ptr
 *(.sdata2.*)
 *(.gnu.linkonce.s.*)
                0x0000000020000238                . = ALIGN (0x8)
 *(.srodata.cst16)
 *(.srodata.cst8)
 *(.srodata.cst4)
 *(.srodata.cst2)
 *(.srodata .srodata.*)
                0x0000000020000238                . = ALIGN (0x4)
                0x0000000020000238                PROVIDE (_edata = .)

.bss            0x0000000020000238      0x414 load address 0x000000000000f4b4
                0x0000000020000238                . = ALIGN (0x4)
                0x0000000020000238                PROVIDE (_sbss = .)
 *(.sbss*)
 .sbss.Arverge_Bat
                0x0000000020000238        0x2 ./User/main.o
                0x0000000020000238                Arverge_Bat
 .sbss.BenDi_Go_flag_dly
                0x000000002000023a        0x2 ./User/main.o
                0x000000002000023a                BenDi_Go_flag_dly
 .sbss.Fast_Recover_flag
                0x000000002000023c        0x1 ./User/main.o
                0x000000002000023c                Fast_Recover_flag
 .sbss.GPS_OK_Flag
                0x000000002000023d        0x1 ./User/main.o
                0x000000002000023d                GPS_OK_Flag
 .sbss.LCD_Warn_Flag
                0x000000002000023e        0x1 ./User/main.o
                0x000000002000023e                LCD_Warn_Flag
 .sbss.Last_Warning_BenDi
                0x000000002000023f        0x1 ./User/main.o
                0x000000002000023f                Last_Warning_BenDi
 .sbss.MQ4      0x0000000020000240        0x4 ./User/main.o
                0x0000000020000240                MQ4
 .sbss.Rtc_Clock
                0x0000000020000244        0x2 ./User/main.o
                0x0000000020000244                Rtc_Clock
 .sbss.Send_OK_Flag
                0x0000000020000246        0x1 ./User/main.o
                0x0000000020000246                Send_OK_Flag
 *fill*         0x0000000020000247        0x1 
 .sbss.Time_dly
                0x0000000020000248        0x2 ./User/main.o
                0x0000000020000248                Time_dly
 .sbss.Usart1_IDLE_Flag
                0x000000002000024a        0x1 ./User/main.o
                0x000000002000024a                Usart1_IDLE_Flag
 .sbss.Warning_BenDi
                0x000000002000024b        0x1 ./User/main.o
                0x000000002000024b                Warning_BenDi
 .sbss.ADC_Trim
                0x000000002000024c        0x2 ./Peripheral/src/ch32l103_gpio.o
                0x000000002000024c                ADC_Trim
 *fill*         0x000000002000024e        0x2 
 .sbss.CHIPID   0x0000000020000250        0x4 ./Peripheral/src/ch32l103_gpio.o
                0x0000000020000250                CHIPID
 .sbss.OPA_Trim
                0x0000000020000254        0x4 ./Peripheral/src/ch32l103_gpio.o
                0x0000000020000254                OPA_Trim
 .sbss.TS_Val   0x0000000020000258        0x4 ./Peripheral/src/ch32l103_gpio.o
                0x0000000020000258                TS_Val
 .sbss.USBPD_CFG
                0x000000002000025c        0x2 ./Peripheral/src/ch32l103_gpio.o
                0x000000002000025c                USBPD_CFG
 *fill*         0x000000002000025e        0x2 
 .sbss.NVIC_Priority_Group
                0x0000000020000260        0x4 ./Peripheral/src/ch32l103_misc.o
                0x0000000020000260                NVIC_Priority_Group
 .sbss.AD_Value
                0x0000000020000264        0x6 ./Hardware/ADC.o
                0x0000000020000264                AD_Value
 .sbss.Battery_level
                0x000000002000026a        0x1 ./Hardware/ADC.o
                0x000000002000026a                Battery_level
 .sbss.Index    0x000000002000026b        0x1 ./Hardware/ADC.o
                0x000000002000026b                Index
 .sbss.Last_value
                0x000000002000026c        0x2 ./Hardware/ADC.o
                0x000000002000026c                Last_value
 .sbss.MQ4_Value
                0x000000002000026e        0x2 ./Hardware/ADC.o